┌ Info: Threading setup: 
│   Threads.nthreads() = 1
│   n_DFTK = 1
│   n_fft = 1
└   n_blas = 1
┌ Warning: Negative ρcore detected: -0.0031756114554468712
└ @ DFTK ~/DFTK-mgga/src/terms/xc.jl:39
┌ Warning: Negative τcore detected: -0.017574141550283032
└ @ DFTK ~/DFTK-mgga/src/terms/xc.jl:45
┌ Warning: Negative ρcore detected: -0.0031756114554468712
└ @ DFTK ~/DFTK-mgga/src/terms/xc.jl:39
┌ Warning: Negative ρcore detected: -0.0031756114554468712
└ @ DFTK ~/DFTK-mgga/src/terms/xc.jl:39
┌ Warning: Negative ρcore detected: -0.0031756114554468955
└ @ DFTK ~/DFTK-mgga/src/terms/xc.jl:39
┌ Warning: Negative ρcore detected: -0.0031756114554468712
└ @ DFTK ~/DFTK-mgga/src/terms/xc.jl:39
┌ Warning: Negative ρcore detected: -0.0031756114554468712
└ @ DFTK ~/DFTK-mgga/src/terms/xc.jl:39
┌ Warning: Negative ρcore detected: -0.0031756114554468712
└ @ DFTK ~/DFTK-mgga/src/terms/xc.jl:39
┌ Warning: Negative ρcore detected: -0.0031756114554468712
└ @ DFTK ~/DFTK-mgga/src/terms/xc.jl:39
┌ Warning: Negative τcore detected: -0.017574141550283032
└ @ DFTK ~/DFTK-mgga/src/terms/xc.jl:45
┌ Warning: Negative τcore detected: -0.017574141550283032
└ @ DFTK ~/DFTK-mgga/src/terms/xc.jl:45
┌ Warning: Negative τcore detected: -0.017574141550282932
└ @ DFTK ~/DFTK-mgga/src/terms/xc.jl:45
┌ Warning: Negative τcore detected: -0.017574141550283032
└ @ DFTK ~/DFTK-mgga/src/terms/xc.jl:45
┌ Warning: Negative τcore detected: -0.017574141550283032
└ @ DFTK ~/DFTK-mgga/src/terms/xc.jl:45
┌ Warning: Negative τcore detected: -0.017574141550283032
└ @ DFTK ~/DFTK-mgga/src/terms/xc.jl:45
┌ Warning: Negative τcore detected: -0.017574141550283032
└ @ DFTK ~/DFTK-mgga/src/terms/xc.jl:45
┌ Warning: Exchange-correlation term: the kinetic energy density τ is smaller than the von Weizsäcker kinetic energy density τ_W somewhere. This can lead to unphysical results. This can be caused by pseudopotentials without a non-linear core correction for τ, or by an unphysical initial guess for τ. This message is only logged once.
└ @ DFTK ~/DFTK-mgga/src/terms/xc.jl:405
┌ Warning: Exchange-correlation term: the kinetic energy density τ is smaller than the von Weizsäcker kinetic energy density τ_W somewhere. This can lead to unphysical results. This can be caused by pseudopotentials without a non-linear core correction for τ, or by an unphysical initial guess for τ. This message is only logged once.
└ @ DFTK ~/DFTK-mgga/src/terms/xc.jl:405
┌ Warning: Exchange-correlation term: the kinetic energy density τ is smaller than the von Weizsäcker kinetic energy density τ_W somewhere. This can lead to unphysical results. This can be caused by pseudopotentials without a non-linear core correction for τ, or by an unphysical initial guess for τ. This message is only logged once.
└ @ DFTK ~/DFTK-mgga/src/terms/xc.jl:405
┌ Warning: Exchange-correlation term: the kinetic energy density τ is smaller than the von Weizsäcker kinetic energy density τ_W somewhere. This can lead to unphysical results. This can be caused by pseudopotentials without a non-linear core correction for τ, or by an unphysical initial guess for τ. This message is only logged once.
└ @ DFTK ~/DFTK-mgga/src/terms/xc.jl:405
┌ Warning: Exchange-correlation term: the kinetic energy density τ is smaller than the von Weizsäcker kinetic energy density τ_W somewhere. This can lead to unphysical results. This can be caused by pseudopotentials without a non-linear core correction for τ, or by an unphysical initial guess for τ. This message is only logged once.
└ @ DFTK ~/DFTK-mgga/src/terms/xc.jl:405
┌ Warning: Exchange-correlation term: the kinetic energy density τ is smaller than the von Weizsäcker kinetic energy density τ_W somewhere. This can lead to unphysical results. This can be caused by pseudopotentials without a non-linear core correction for τ, or by an unphysical initial guess for τ. This message is only logged once.
└ @ DFTK ~/DFTK-mgga/src/terms/xc.jl:405
┌ Warning: Exchange-correlation term: the kinetic energy density τ is smaller than the von Weizsäcker kinetic energy density τ_W somewhere. This can lead to unphysical results. This can be caused by pseudopotentials without a non-linear core correction for τ, or by an unphysical initial guess for τ. This message is only logged once.
└ @ DFTK ~/DFTK-mgga/src/terms/xc.jl:405
┌ Warning: Exchange-correlation term: the kinetic energy density τ is smaller than the von Weizsäcker kinetic energy density τ_W somewhere. This can lead to unphysical results. This can be caused by pseudopotentials without a non-linear core correction for τ, or by an unphysical initial guess for τ. This message is only logged once.
└ @ DFTK ~/DFTK-mgga/src/terms/xc.jl:405
n     Energy            log10(ΔE)   log10(Δρ)   Diag   Δtime 
---   ---------------   ---------   ---------   ----   ------
  1   -32.69704154925                   -1.66    6.7    37.0s
  2   -32.69780435583       -3.12       -2.08    1.1    17.7s
  3   -32.69787401540       -4.16       -2.62    3.8    17.1s
  4   -32.69787597607       -5.71       -3.10    3.4    14.6s
  5   -32.69787607590       -7.00       -3.52    2.4    13.9s
  6   -32.69787609890       -7.64       -4.18    3.1    17.0s
  7   -32.69787610007       -8.93       -4.98    3.1    14.4s
  8   -32.69787610010      -10.43       -5.93    3.3    15.0s
┌ Warning: Negative ρcore detected: -0.0031370654677116386
└ @ DFTK ~/DFTK-mgga/src/terms/xc.jl:39
┌ Warning: Negative ρcore detected: -0.0031370654677116386
└ @ DFTK ~/DFTK-mgga/src/terms/xc.jl:39
┌ Warning: Negative τcore detected: -0.01723596532171641
└ @ DFTK ~/DFTK-mgga/src/terms/xc.jl:45
┌ Warning: Negative ρcore detected: -0.0031370654677116386
└ @ DFTK ~/DFTK-mgga/src/terms/xc.jl:39
┌ Warning: Negative τcore detected: -0.01723596532171641
└ @ DFTK ~/DFTK-mgga/src/terms/xc.jl:45
┌ Warning: Negative ρcore detected: -0.0031370654677116386
└ @ DFTK ~/DFTK-mgga/src/terms/xc.jl:39
┌ Warning: Negative τcore detected: -0.01723596532171641
└ @ DFTK ~/DFTK-mgga/src/terms/xc.jl:45
┌ Warning: Negative τcore detected: -0.01723596532171641
└ @ DFTK ~/DFTK-mgga/src/terms/xc.jl:45
┌ Warning: Negative ρcore detected: -0.0031370654677116386
└ @ DFTK ~/DFTK-mgga/src/terms/xc.jl:39
┌ Warning: Negative ρcore detected: -0.0031370654677116386
└ @ DFTK ~/DFTK-mgga/src/terms/xc.jl:39
┌ Warning: Negative τcore detected: -0.01723596532171641
└ @ DFTK ~/DFTK-mgga/src/terms/xc.jl:45
┌ Warning: Negative τcore detected: -0.01723596532171641
└ @ DFTK ~/DFTK-mgga/src/terms/xc.jl:45
┌ Warning: Negative ρcore detected: -0.0031370654677116386
└ @ DFTK ~/DFTK-mgga/src/terms/xc.jl:39
┌ Warning: Negative ρcore detected: -0.0031370654677116434
└ @ DFTK ~/DFTK-mgga/src/terms/xc.jl:39
┌ Warning: Negative τcore detected: -0.01723596532171641
└ @ DFTK ~/DFTK-mgga/src/terms/xc.jl:45
┌ Warning: Negative τcore detected: -0.01723596532171705
└ @ DFTK ~/DFTK-mgga/src/terms/xc.jl:45
n     Energy            log10(ΔE)   log10(Δρ)   Diag   Δtime 
---   ---------------   ---------   ---------   ----   ------
  1   -32.69774025408                   -1.63    6.8    22.1s
  2   -32.69854249540       -3.10       -2.05    1.1    10.0s
  3   -32.69861681323       -4.13       -2.52    3.7    16.4s
  4   -32.69861992796       -5.51       -2.96    3.4    14.1s
  5   -32.69862012787       -6.70       -3.35    2.4    12.4s
  6   -32.69862018182       -7.27       -4.06    3.0    13.8s
  7   -32.69862018400       -8.66       -4.83    3.0    12.5s
  8   -32.69862018407      -10.13       -5.73    3.3    13.5s
┌ Warning: Negative ρcore detected: -0.0030772574383580715
└ @ DFTK ~/DFTK-mgga/src/terms/xc.jl:39
┌ Warning: Negative τcore detected: -0.017254050257611373
└ @ DFTK ~/DFTK-mgga/src/terms/xc.jl:45
┌ Warning: Negative ρcore detected: -0.0030772574383580715
└ @ DFTK ~/DFTK-mgga/src/terms/xc.jl:39
┌ Warning: Negative ρcore detected: -0.003077257438358004
└ @ DFTK ~/DFTK-mgga/src/terms/xc.jl:39
┌ Warning: Negative τcore detected: -0.017254050257611373
└ @ DFTK ~/DFTK-mgga/src/terms/xc.jl:45
┌ Warning: Negative ρcore detected: -0.0030772574383580715
└ @ DFTK ~/DFTK-mgga/src/terms/xc.jl:39
┌ Warning: Negative τcore detected: -0.017254050257611807
└ @ DFTK ~/DFTK-mgga/src/terms/xc.jl:45
┌ Warning: Negative ρcore detected: -0.0030772574383580715
└ @ DFTK ~/DFTK-mgga/src/terms/xc.jl:39
┌ Warning: Negative ρcore detected: -0.0030772574383580715
└ @ DFTK ~/DFTK-mgga/src/terms/xc.jl:39
┌ Warning: Negative τcore detected: -0.017254050257611373
└ @ DFTK ~/DFTK-mgga/src/terms/xc.jl:45
┌ Warning: Negative τcore detected: -0.017254050257611373
└ @ DFTK ~/DFTK-mgga/src/terms/xc.jl:45
┌ Warning: Negative ρcore detected: -0.0030772574383580715
└ @ DFTK ~/DFTK-mgga/src/terms/xc.jl:39
┌ Warning: Negative τcore detected: -0.017254050257611373
└ @ DFTK ~/DFTK-mgga/src/terms/xc.jl:45
┌ Warning: Negative τcore detected: -0.017254050257611373
└ @ DFTK ~/DFTK-mgga/src/terms/xc.jl:45
┌ Warning: Negative ρcore detected: -0.0030772574383580715
└ @ DFTK ~/DFTK-mgga/src/terms/xc.jl:39
┌ Warning: Negative τcore detected: -0.017254050257611373
└ @ DFTK ~/DFTK-mgga/src/terms/xc.jl:45
n     Energy            log10(ΔE)   log10(Δρ)   Diag   Δtime 
---   ---------------   ---------   ---------   ----   ------
  1   -32.69810399527                   -1.60    6.5    18.2s
  2   -32.69896178139       -3.07       -2.01    1.1    8.41s
  3   -32.69904172524       -4.10       -2.44    3.6    13.4s
  4   -32.69904606686       -5.36       -2.88    3.3    12.1s
  5   -32.69904637908       -6.51       -3.25    2.4    10.5s
  6   -32.69904647095       -7.04       -4.00    2.9    12.0s
  7   -32.69904647389       -8.53       -4.70    3.0    12.0s
  8   -32.69904647402       -9.90       -5.61    3.2    11.5s
┌ Warning: Negative ρcore detected: -0.00305616826836588
└ @ DFTK ~/DFTK-mgga/src/terms/xc.jl:39
┌ Warning: Negative τcore detected: -0.017267097028510654
└ @ DFTK ~/DFTK-mgga/src/terms/xc.jl:45
┌ Warning: Negative ρcore detected: -0.00305616826836588
└ @ DFTK ~/DFTK-mgga/src/terms/xc.jl:39
┌ Warning: Negative ρcore detected: -0.0030561682683659017
└ @ DFTK ~/DFTK-mgga/src/terms/xc.jl:39
┌ Warning: Negative τcore detected: -0.017267097028510654
└ @ DFTK ~/DFTK-mgga/src/terms/xc.jl:45
┌ Warning: Negative τcore detected: -0.017267097028510977
└ @ DFTK ~/DFTK-mgga/src/terms/xc.jl:45
┌ Warning: Negative ρcore detected: -0.00305616826836588
└ @ DFTK ~/DFTK-mgga/src/terms/xc.jl:39
┌ Warning: Negative ρcore detected: -0.00305616826836588
└ @ DFTK ~/DFTK-mgga/src/terms/xc.jl:39
┌ Warning: Negative ρcore detected: -0.00305616826836588
└ @ DFTK ~/DFTK-mgga/src/terms/xc.jl:39
┌ Warning: Negative ρcore detected: -0.00305616826836588
└ @ DFTK ~/DFTK-mgga/src/terms/xc.jl:39
┌ Warning: Negative ρcore detected: -0.00305616826836588
└ @ DFTK ~/DFTK-mgga/src/terms/xc.jl:39
┌ Warning: Negative τcore detected: -0.017267097028510654
└ @ DFTK ~/DFTK-mgga/src/terms/xc.jl:45
┌ Warning: Negative τcore detected: -0.017267097028510654
└ @ DFTK ~/DFTK-mgga/src/terms/xc.jl:45
┌ Warning: Negative τcore detected: -0.017267097028510654
└ @ DFTK ~/DFTK-mgga/src/terms/xc.jl:45
┌ Warning: Negative τcore detected: -0.017267097028510654
└ @ DFTK ~/DFTK-mgga/src/terms/xc.jl:45
┌ Warning: Negative τcore detected: -0.017267097028510654
└ @ DFTK ~/DFTK-mgga/src/terms/xc.jl:45
n     Energy            log10(ΔE)   log10(Δρ)   Diag   Δtime 
---   ---------------   ---------   ---------   ----   ------
  1   -32.69819020929                   -1.57    6.7    18.0s
  2   -32.69909622638       -3.04       -1.98    1.2    7.81s
  3   -32.69918142236       -4.07       -2.40    3.6    12.5s
  4   -32.69918672655       -5.28       -2.84    3.3    14.5s
  5   -32.69918713219       -6.39       -3.20    2.5    14.3s
  6   -32.69918724880       -6.93       -4.02    2.9    15.0s
  7   -32.69918725164       -8.55       -4.70    3.1    14.3s
  8   -32.69918725177       -9.90       -5.62    3.2    12.6s
┌ Warning: Negative ρcore detected: -0.0031292156144657355
└ @ DFTK ~/DFTK-mgga/src/terms/xc.jl:39
┌ Warning: Negative ρcore detected: -0.0031292156144657355
└ @ DFTK ~/DFTK-mgga/src/terms/xc.jl:39
┌ Warning: Negative τcore detected: -0.01756271345589511
└ @ DFTK ~/DFTK-mgga/src/terms/xc.jl:45
┌ Warning: Negative ρcore detected: -0.003129215614465718
└ @ DFTK ~/DFTK-mgga/src/terms/xc.jl:39
┌ Warning: Negative τcore detected: -0.01756271345589511
└ @ DFTK ~/DFTK-mgga/src/terms/xc.jl:45
┌ Warning: Negative ρcore detected: -0.0031292156144657355
└ @ DFTK ~/DFTK-mgga/src/terms/xc.jl:39
┌ Warning: Negative ρcore detected: -0.0031292156144657355
└ @ DFTK ~/DFTK-mgga/src/terms/xc.jl:39
┌ Warning: Negative ρcore detected: -0.0031292156144657355
└ @ DFTK ~/DFTK-mgga/src/terms/xc.jl:39
┌ Warning: Negative τcore detected: -0.01756271345589521
└ @ DFTK ~/DFTK-mgga/src/terms/xc.jl:45
┌ Warning: Negative ρcore detected: -0.0031292156144657355
└ @ DFTK ~/DFTK-mgga/src/terms/xc.jl:39
┌ Warning: Negative ρcore detected: -0.0031292156144657355
└ @ DFTK ~/DFTK-mgga/src/terms/xc.jl:39
┌ Warning: Negative τcore detected: -0.01756271345589511
└ @ DFTK ~/DFTK-mgga/src/terms/xc.jl:45
┌ Warning: Negative τcore detected: -0.01756271345589511
└ @ DFTK ~/DFTK-mgga/src/terms/xc.jl:45
┌ Warning: Negative τcore detected: -0.01756271345589511
└ @ DFTK ~/DFTK-mgga/src/terms/xc.jl:45
┌ Warning: Negative τcore detected: -0.01756271345589511
└ @ DFTK ~/DFTK-mgga/src/terms/xc.jl:45
┌ Warning: Negative τcore detected: -0.01756271345589511
└ @ DFTK ~/DFTK-mgga/src/terms/xc.jl:45
n     Energy            log10(ΔE)   log10(Δρ)   Diag   Δtime 
---   ---------------   ---------   ---------   ----   ------
  1   -32.69800144329                   -1.54    6.8    22.1s
  2   -32.69897433720       -3.01       -1.94    1.4    10.9s
  3   -32.69906499145       -4.04       -2.37    3.4    16.7s
  4   -32.69907091212       -5.23       -2.83    3.4    14.8s
  5   -32.69907136640       -6.34       -3.19    2.5    14.4s
  6   -32.69907149359       -6.90       -4.07    3.0    16.4s
  7   -32.69907149599       -8.62       -4.69    3.2    16.8s
  8   -32.69907149612       -9.88       -5.58    3.2    16.2s
┌ Warning: Negative ρcore detected: -0.003174109653553795
└ @ DFTK ~/DFTK-mgga/src/terms/xc.jl:39
┌ Warning: Negative ρcore detected: -0.003174109653553781
└ @ DFTK ~/DFTK-mgga/src/terms/xc.jl:39
┌ Warning: Negative ρcore detected: -0.003174109653553795
└ @ DFTK ~/DFTK-mgga/src/terms/xc.jl:39
┌ Warning: Negative τcore detected: -0.01785478570178196
└ @ DFTK ~/DFTK-mgga/src/terms/xc.jl:45
┌ Warning: Negative τcore detected: -0.017854785701782144
└ @ DFTK ~/DFTK-mgga/src/terms/xc.jl:45
┌ Warning: Negative τcore detected: -0.01785478570178196
└ @ DFTK ~/DFTK-mgga/src/terms/xc.jl:45
┌ Warning: Negative ρcore detected: -0.003174109653553795
└ @ DFTK ~/DFTK-mgga/src/terms/xc.jl:39
┌ Warning: Negative ρcore detected: -0.003174109653553795
└ @ DFTK ~/DFTK-mgga/src/terms/xc.jl:39
┌ Warning: Negative ρcore detected: -0.003174109653553795
└ @ DFTK ~/DFTK-mgga/src/terms/xc.jl:39
┌ Warning: Negative ρcore detected: -0.003174109653553795
└ @ DFTK ~/DFTK-mgga/src/terms/xc.jl:39
┌ Warning: Negative τcore detected: -0.01785478570178196
└ @ DFTK ~/DFTK-mgga/src/terms/xc.jl:45
┌ Warning: Negative τcore detected: -0.01785478570178196
└ @ DFTK ~/DFTK-mgga/src/terms/xc.jl:45
┌ Warning: Negative τcore detected: -0.01785478570178196
└ @ DFTK ~/DFTK-mgga/src/terms/xc.jl:45
┌ Warning: Negative τcore detected: -0.01785478570178196
└ @ DFTK ~/DFTK-mgga/src/terms/xc.jl:45
┌ Warning: Negative ρcore detected: -0.003174109653553795
└ @ DFTK ~/DFTK-mgga/src/terms/xc.jl:39
┌ Warning: Negative τcore detected: -0.01785478570178196
└ @ DFTK ~/DFTK-mgga/src/terms/xc.jl:45
n     Energy            log10(ΔE)   log10(Δρ)   Diag   Δtime 
---   ---------------   ---------   ---------   ----   ------
  1   -32.69758145706                   -1.51    6.5    22.0s
  2   -32.69862207821       -2.98       -1.90    1.4    14.2s
  3   -32.69871848865       -4.02       -2.36    3.3    16.9s
  4   -32.69872485078       -5.20       -2.84    3.2    15.9s
  5   -32.69872532608       -6.32       -3.20    2.5    15.1s
  6   -32.69872545678       -6.88       -4.11    3.0    14.1s
  7   -32.69872545884       -8.69       -4.67    3.2    16.4s
  8   -32.69872545899       -9.84       -5.54    3.1    13.8s
┌ Warning: Negative ρcore detected: -0.0032000363397601487
└ @ DFTK ~/DFTK-mgga/src/terms/xc.jl:39
┌ Warning: Negative ρcore detected: -0.0032000363397601626
└ @ DFTK ~/DFTK-mgga/src/terms/xc.jl:39
┌ Warning: Negative τcore detected: -0.017947977100031806
└ @ DFTK ~/DFTK-mgga/src/terms/xc.jl:45
┌ Warning: Negative τcore detected: -0.01794797710003216
└ @ DFTK ~/DFTK-mgga/src/terms/xc.jl:45
┌ Warning: Negative ρcore detected: -0.0032000363397601487
└ @ DFTK ~/DFTK-mgga/src/terms/xc.jl:39
┌ Warning: Negative ρcore detected: -0.0032000363397601487
└ @ DFTK ~/DFTK-mgga/src/terms/xc.jl:39
┌ Warning: Negative ρcore detected: -0.0032000363397601487
└ @ DFTK ~/DFTK-mgga/src/terms/xc.jl:39
┌ Warning: Negative ρcore detected: -0.0032000363397601487
└ @ DFTK ~/DFTK-mgga/src/terms/xc.jl:39
┌ Warning: Negative τcore detected: -0.017947977100031806
└ @ DFTK ~/DFTK-mgga/src/terms/xc.jl:45
┌ Warning: Negative τcore detected: -0.017947977100031806
└ @ DFTK ~/DFTK-mgga/src/terms/xc.jl:45
┌ Warning: Negative τcore detected: -0.017947977100031806
└ @ DFTK ~/DFTK-mgga/src/terms/xc.jl:45
┌ Warning: Negative ρcore detected: -0.0032000363397601487
└ @ DFTK ~/DFTK-mgga/src/terms/xc.jl:39
┌ Warning: Negative τcore detected: -0.017947977100031806
└ @ DFTK ~/DFTK-mgga/src/terms/xc.jl:45
┌ Warning: Negative τcore detected: -0.017947977100031806
└ @ DFTK ~/DFTK-mgga/src/terms/xc.jl:45
┌ Warning: Negative ρcore detected: -0.0032000363397601487
└ @ DFTK ~/DFTK-mgga/src/terms/xc.jl:39
┌ Warning: Negative τcore detected: -0.017947977100031806
└ @ DFTK ~/DFTK-mgga/src/terms/xc.jl:45
n     Energy            log10(ΔE)   log10(Δρ)   Diag   Δtime 
---   ---------------   ---------   ---------   ----   ------
  1   -32.69694847481                   -1.49    6.8    20.9s
  2   -32.69806103313       -2.95       -1.86    1.6    10.5s
  3   -32.69816531580       -3.98       -2.35    3.1    13.8s
  4   -32.69817214588       -5.17       -2.85    3.3    12.7s
  5   -32.69817262575       -6.32       -3.21    2.6    11.6s
  6   -32.69817275101       -6.90       -4.19    3.0    13.3s
  7   -32.69817275257       -8.80       -4.72    3.2    16.2s
  8   -32.69817275269       -9.93       -5.59    3.2    14.4s
