┌ Info: Threading setup: 
│   Threads.nthreads() = 1
│   n_DFTK = 1
│   n_fft = 1
└   n_blas = 1
┌ Warning: Negative ρcore detected: -0.004975487189227239
└ @ DFTK ~/DFTK-mgga/src/terms/xc.jl:39
┌ Warning: Negative τcore detected: -0.021087536996975974
└ @ DFTK ~/DFTK-mgga/src/terms/xc.jl:45
┌ Warning: Negative ρcore detected: -0.00497548718922724
└ @ DFTK ~/DFTK-mgga/src/terms/xc.jl:39
┌ Warning: Negative ρcore detected: -0.004975487189227239
└ @ DFTK ~/DFTK-mgga/src/terms/xc.jl:39
┌ Warning: Negative ρcore detected: -0.004975487189227259
└ @ DFTK ~/DFTK-mgga/src/terms/xc.jl:39
┌ Warning: Negative ρcore detected: -0.00497548718922724
└ @ DFTK ~/DFTK-mgga/src/terms/xc.jl:39
┌ Warning: Negative ρcore detected: -0.00497548718922724
└ @ DFTK ~/DFTK-mgga/src/terms/xc.jl:39
┌ Warning: Negative ρcore detected: -0.00497548718922724
└ @ DFTK ~/DFTK-mgga/src/terms/xc.jl:39
┌ Warning: Negative ρcore detected: -0.00497548718922724
└ @ DFTK ~/DFTK-mgga/src/terms/xc.jl:39
┌ Warning: Negative τcore detected: -0.021087536996975974
└ @ DFTK ~/DFTK-mgga/src/terms/xc.jl:45
┌ Warning: Negative τcore detected: -0.02108753699697459
└ @ DFTK ~/DFTK-mgga/src/terms/xc.jl:45
┌ Warning: Negative τcore detected: -0.021087536996975974
└ @ DFTK ~/DFTK-mgga/src/terms/xc.jl:45
┌ Warning: Negative τcore detected: -0.02108753699697556
└ @ DFTK ~/DFTK-mgga/src/terms/xc.jl:45
┌ Warning: Negative τcore detected: -0.021087536996975974
└ @ DFTK ~/DFTK-mgga/src/terms/xc.jl:45
┌ Warning: Negative τcore detected: -0.021087536996974496
└ @ DFTK ~/DFTK-mgga/src/terms/xc.jl:45
┌ Warning: Negative τcore detected: -0.021087536996974493
└ @ DFTK ~/DFTK-mgga/src/terms/xc.jl:45
┌ Warning: Exchange-correlation term: the kinetic energy density τ is smaller than the von Weizsäcker kinetic energy density τ_W somewhere. This can lead to unphysical results. This can be caused by pseudopotentials without a non-linear core correction for τ, or by an unphysical initial guess for τ. This message is only logged once.
└ @ DFTK ~/DFTK-mgga/src/terms/xc.jl:405
┌ Warning: Exchange-correlation term: the kinetic energy density τ is smaller than the von Weizsäcker kinetic energy density τ_W somewhere. This can lead to unphysical results. This can be caused by pseudopotentials without a non-linear core correction for τ, or by an unphysical initial guess for τ. This message is only logged once.
└ @ DFTK ~/DFTK-mgga/src/terms/xc.jl:405
┌ Warning: Exchange-correlation term: the kinetic energy density τ is smaller than the von Weizsäcker kinetic energy density τ_W somewhere. This can lead to unphysical results. This can be caused by pseudopotentials without a non-linear core correction for τ, or by an unphysical initial guess for τ. This message is only logged once.
└ @ DFTK ~/DFTK-mgga/src/terms/xc.jl:405
┌ Warning: Exchange-correlation term: the kinetic energy density τ is smaller than the von Weizsäcker kinetic energy density τ_W somewhere. This can lead to unphysical results. This can be caused by pseudopotentials without a non-linear core correction for τ, or by an unphysical initial guess for τ. This message is only logged once.
└ @ DFTK ~/DFTK-mgga/src/terms/xc.jl:405
┌ Warning: Exchange-correlation term: the kinetic energy density τ is smaller than the von Weizsäcker kinetic energy density τ_W somewhere. This can lead to unphysical results. This can be caused by pseudopotentials without a non-linear core correction for τ, or by an unphysical initial guess for τ. This message is only logged once.
└ @ DFTK ~/DFTK-mgga/src/terms/xc.jl:405
┌ Warning: Exchange-correlation term: the kinetic energy density τ is smaller than the von Weizsäcker kinetic energy density τ_W somewhere. This can lead to unphysical results. This can be caused by pseudopotentials without a non-linear core correction for τ, or by an unphysical initial guess for τ. This message is only logged once.
└ @ DFTK ~/DFTK-mgga/src/terms/xc.jl:405
┌ Warning: Exchange-correlation term: the kinetic energy density τ is smaller than the von Weizsäcker kinetic energy density τ_W somewhere. This can lead to unphysical results. This can be caused by pseudopotentials without a non-linear core correction for τ, or by an unphysical initial guess for τ. This message is only logged once.
└ @ DFTK ~/DFTK-mgga/src/terms/xc.jl:405
┌ Warning: Exchange-correlation term: the kinetic energy density τ is smaller than the von Weizsäcker kinetic energy density τ_W somewhere. This can lead to unphysical results. This can be caused by pseudopotentials without a non-linear core correction for τ, or by an unphysical initial guess for τ. This message is only logged once.
└ @ DFTK ~/DFTK-mgga/src/terms/xc.jl:405
n     Energy            log10(ΔE)   log10(Δρ)   Diag   Δtime 
---   ---------------   ---------   ---------   ----   ------
  1   -59.98824328409                   -1.03    9.8    18.4s
  2   -59.99423533899       -2.22       -1.12    5.2    10.1s
  3   -59.99802612011       -2.42       -1.77    7.5    10.0s
  4   -59.99800710184   +   -4.72       -2.16    4.7    7.41s
  5   -59.99804336909       -4.44       -2.96    4.6    7.25s
  6   -59.99804355449       -6.73       -3.78    4.2    6.63s
  7   -59.99804355784       -8.48       -4.65    4.0    6.92s
  8   -59.99804355816       -9.49       -5.31    4.4    7.36s
┌ Warning: Negative ρcore detected: -0.004994146037064542
└ @ DFTK ~/DFTK-mgga/src/terms/xc.jl:39
┌ Warning: Negative ρcore detected: -0.004994146037064574
└ @ DFTK ~/DFTK-mgga/src/terms/xc.jl:39
┌ Warning: Negative τcore detected: -0.02101472703878892
└ @ DFTK ~/DFTK-mgga/src/terms/xc.jl:45
┌ Warning: Negative ρcore detected: -0.004994146037064487
└ @ DFTK ~/DFTK-mgga/src/terms/xc.jl:39
┌ Warning: Negative τcore detected: -0.02101472703878892
└ @ DFTK ~/DFTK-mgga/src/terms/xc.jl:45
┌ Warning: Negative τcore detected: -0.021014727038787765
└ @ DFTK ~/DFTK-mgga/src/terms/xc.jl:45
┌ Warning: Negative ρcore detected: -0.004994146037064474
└ @ DFTK ~/DFTK-mgga/src/terms/xc.jl:39
┌ Warning: Negative ρcore detected: -0.00499414603706447
└ @ DFTK ~/DFTK-mgga/src/terms/xc.jl:39
┌ Warning: Negative ρcore detected: -0.004994146037064574
└ @ DFTK ~/DFTK-mgga/src/terms/xc.jl:39
┌ Warning: Negative ρcore detected: -0.004994146037064486
└ @ DFTK ~/DFTK-mgga/src/terms/xc.jl:39
┌ Warning: Negative τcore detected: -0.021014727038787723
└ @ DFTK ~/DFTK-mgga/src/terms/xc.jl:45
┌ Warning: Negative τcore detected: -0.021014727038787723
└ @ DFTK ~/DFTK-mgga/src/terms/xc.jl:45
┌ Warning: Negative τcore detected: -0.02101472703878892
└ @ DFTK ~/DFTK-mgga/src/terms/xc.jl:45
┌ Warning: Negative τcore detected: -0.021014727038787758
└ @ DFTK ~/DFTK-mgga/src/terms/xc.jl:45
┌ Warning: Negative ρcore detected: -0.004994146037064542
└ @ DFTK ~/DFTK-mgga/src/terms/xc.jl:39
┌ Warning: Negative τcore detected: -0.02101472703878892
└ @ DFTK ~/DFTK-mgga/src/terms/xc.jl:45
n     Energy            log10(ΔE)   log10(Δρ)   Diag   Δtime 
---   ---------------   ---------   ---------   ----   ------
  1   -59.98856505770                   -1.02   10.1    12.3s
  2   -59.99442042417       -2.23       -1.11    5.3    7.84s
  3   -59.99852893492       -2.39       -1.77    7.6    9.60s
  4   -59.99849878482   +   -4.52       -2.13    5.0    8.58s
  5   -59.99854552689       -4.33       -2.96    4.8    7.72s
  6   -59.99854577481       -6.61       -3.76    4.5    7.53s
  7   -59.99854577864       -8.42       -4.56    4.1    7.07s
  8   -59.99854577928       -9.20       -5.33    4.4    7.60s
┌ Warning: Negative ρcore detected: -0.005161258663686823
└ @ DFTK ~/DFTK-mgga/src/terms/xc.jl:39
┌ Warning: Negative ρcore detected: -0.005161258663686823
└ @ DFTK ~/DFTK-mgga/src/terms/xc.jl:39
┌ Warning: Negative τcore detected: -0.02036551770229476
└ @ DFTK ~/DFTK-mgga/src/terms/xc.jl:45
┌ Warning: Negative ρcore detected: -0.0051612586636869085
└ @ DFTK ~/DFTK-mgga/src/terms/xc.jl:39
┌ Warning: Negative τcore detected: -0.02036551770229476
└ @ DFTK ~/DFTK-mgga/src/terms/xc.jl:45
┌ Warning: Negative τcore detected: -0.020365517702294667
└ @ DFTK ~/DFTK-mgga/src/terms/xc.jl:45
┌ Warning: Negative ρcore detected: -0.005161258663686823
└ @ DFTK ~/DFTK-mgga/src/terms/xc.jl:39
┌ Warning: Negative ρcore detected: -0.0051612586636869085
└ @ DFTK ~/DFTK-mgga/src/terms/xc.jl:39
┌ Warning: Negative ρcore detected: -0.005161258663686823
└ @ DFTK ~/DFTK-mgga/src/terms/xc.jl:39
┌ Warning: Negative τcore detected: -0.02036551770229476
└ @ DFTK ~/DFTK-mgga/src/terms/xc.jl:45
┌ Warning: Negative ρcore detected: -0.005161258663686823
└ @ DFTK ~/DFTK-mgga/src/terms/xc.jl:39
┌ Warning: Negative τcore detected: -0.02036551770229453
└ @ DFTK ~/DFTK-mgga/src/terms/xc.jl:45
┌ Warning: Negative ρcore detected: -0.005161258663686823
└ @ DFTK ~/DFTK-mgga/src/terms/xc.jl:39
┌ Warning: Negative τcore detected: -0.02036551770229476
└ @ DFTK ~/DFTK-mgga/src/terms/xc.jl:45
┌ Warning: Negative τcore detected: -0.02036551770229476
└ @ DFTK ~/DFTK-mgga/src/terms/xc.jl:45
┌ Warning: Negative τcore detected: -0.02036551770229476
└ @ DFTK ~/DFTK-mgga/src/terms/xc.jl:45
n     Energy            log10(ΔE)   log10(Δρ)   Diag   Δtime 
---   ---------------   ---------   ---------   ----   ------
  1   -59.98868858132                   -1.02   10.0    20.1s
  2   -59.99443282095       -2.24       -1.10    5.5    13.3s
  3   -59.99881743983       -2.36       -1.76    7.7    16.6s
  4   -59.99877865876   +   -4.41       -2.11    5.1    13.8s
  5   -59.99883417541       -4.26       -2.94    4.6    11.7s
  6   -59.99883449291       -6.50       -3.74    4.6    13.4s
  7   -59.99883449721       -8.37       -4.40    4.3    12.7s
  8   -59.99883449844       -8.91       -5.31    4.2    13.9s
┌ Warning: Negative ρcore detected: -0.005179395066395737
└ @ DFTK ~/DFTK-mgga/src/terms/xc.jl:39
┌ Warning: Negative τcore detected: -0.020431264209662868
└ @ DFTK ~/DFTK-mgga/src/terms/xc.jl:45
┌ Warning: Negative ρcore detected: -0.005179395066395685
└ @ DFTK ~/DFTK-mgga/src/terms/xc.jl:39
┌ Warning: Negative ρcore detected: -0.005179395066395705
└ @ DFTK ~/DFTK-mgga/src/terms/xc.jl:39
┌ Warning: Negative τcore detected: -0.02043126420966282
└ @ DFTK ~/DFTK-mgga/src/terms/xc.jl:45
┌ Warning: Negative τcore detected: -0.020431264209663465
└ @ DFTK ~/DFTK-mgga/src/terms/xc.jl:45
┌ Warning: Negative ρcore detected: -0.005179395066395737
└ @ DFTK ~/DFTK-mgga/src/terms/xc.jl:39
┌ Warning: Negative ρcore detected: -0.005179395066395737
└ @ DFTK ~/DFTK-mgga/src/terms/xc.jl:39
┌ Warning: Negative ρcore detected: -0.005179395066395819
└ @ DFTK ~/DFTK-mgga/src/terms/xc.jl:39
┌ Warning: Negative τcore detected: -0.020431264209662868
└ @ DFTK ~/DFTK-mgga/src/terms/xc.jl:45
┌ Warning: Negative ρcore detected: -0.005179395066395737
└ @ DFTK ~/DFTK-mgga/src/terms/xc.jl:39
┌ Warning: Negative ρcore detected: -0.005179395066395685
└ @ DFTK ~/DFTK-mgga/src/terms/xc.jl:39
┌ Warning: Negative τcore detected: -0.02043126420966327
└ @ DFTK ~/DFTK-mgga/src/terms/xc.jl:45
┌ Warning: Negative τcore detected: -0.020431264209662868
└ @ DFTK ~/DFTK-mgga/src/terms/xc.jl:45
┌ Warning: Negative τcore detected: -0.020431264209662868
└ @ DFTK ~/DFTK-mgga/src/terms/xc.jl:45
┌ Warning: Negative τcore detected: -0.02043126420966282
└ @ DFTK ~/DFTK-mgga/src/terms/xc.jl:45
n     Energy            log10(ΔE)   log10(Δρ)   Diag   Δtime 
---   ---------------   ---------   ---------   ----   ------
  1   -59.98859951378                   -1.02    9.9    24.6s
  2   -59.99423981534       -2.25       -1.09    5.4    13.7s
  3   -59.99891307193       -2.33       -1.76    7.7    21.5s
  4   -59.99886472409   +   -4.32       -2.09    5.3    15.7s
  5   -59.99893021936       -4.18       -2.93    4.5    13.1s
  6   -59.99893058836       -6.43       -3.74    4.9    14.3s
  7   -59.99893059248       -8.39       -4.34    4.4    12.7s
  8   -59.99893059410       -8.79       -5.32    4.2    12.3s
┌ Warning: Negative ρcore detected: -0.005174355847666577
└ @ DFTK ~/DFTK-mgga/src/terms/xc.jl:39
┌ Warning: Negative τcore detected: -0.020398477834655974
└ @ DFTK ~/DFTK-mgga/src/terms/xc.jl:45
┌ Warning: Negative ρcore detected: -0.005174355847666577
└ @ DFTK ~/DFTK-mgga/src/terms/xc.jl:39
┌ Warning: Negative ρcore detected: -0.005174355847666672
└ @ DFTK ~/DFTK-mgga/src/terms/xc.jl:39
┌ Warning: Negative τcore detected: -0.020398477834656207
└ @ DFTK ~/DFTK-mgga/src/terms/xc.jl:45
┌ Warning: Negative ρcore detected: -0.005174355847666577
└ @ DFTK ~/DFTK-mgga/src/terms/xc.jl:39
┌ Warning: Negative ρcore detected: -0.005174355847666813
└ @ DFTK ~/DFTK-mgga/src/terms/xc.jl:39
┌ Warning: Negative ρcore detected: -0.005174355847666577
└ @ DFTK ~/DFTK-mgga/src/terms/xc.jl:39
┌ Warning: Negative ρcore detected: -0.005174355847666672
└ @ DFTK ~/DFTK-mgga/src/terms/xc.jl:39
┌ Warning: Negative ρcore detected: -0.005174355847666577
└ @ DFTK ~/DFTK-mgga/src/terms/xc.jl:39
┌ Warning: Negative τcore detected: -0.020398477834656467
└ @ DFTK ~/DFTK-mgga/src/terms/xc.jl:45
┌ Warning: Negative τcore detected: -0.020398477834655974
└ @ DFTK ~/DFTK-mgga/src/terms/xc.jl:45
┌ Warning: Negative τcore detected: -0.020398477834655974
└ @ DFTK ~/DFTK-mgga/src/terms/xc.jl:45
┌ Warning: Negative τcore detected: -0.020398477834655978
└ @ DFTK ~/DFTK-mgga/src/terms/xc.jl:45
┌ Warning: Negative τcore detected: -0.020398477834655974
└ @ DFTK ~/DFTK-mgga/src/terms/xc.jl:45
┌ Warning: Negative τcore detected: -0.020398477834655978
└ @ DFTK ~/DFTK-mgga/src/terms/xc.jl:45
n     Energy            log10(ΔE)   log10(Δρ)   Diag   Δtime 
---   ---------------   ---------   ---------   ----   ------
  1   -59.98835676476                   -1.02   10.4    23.0s
  2   -59.99380911514       -2.26       -1.08    5.5    13.7s
  3   -59.99883002842       -2.30       -1.76    7.8    19.3s
  4   -59.99876940685   +   -4.22       -2.06    5.3    14.6s
  5   -59.99884820473       -4.10       -2.91    4.5    13.4s
  6   -59.99884870062       -6.30       -3.72    4.8    14.4s
  7   -59.99884870497       -8.36       -4.21    4.3    14.0s
  8   -59.99884870822       -8.49       -5.26    4.2    13.5s
┌ Warning: Negative ρcore detected: -0.0051278582484808235
└ @ DFTK ~/DFTK-mgga/src/terms/xc.jl:39
┌ Warning: Negative τcore detected: -0.02045891377852792
└ @ DFTK ~/DFTK-mgga/src/terms/xc.jl:45
┌ Warning: Negative ρcore detected: -0.0051278582484808235
└ @ DFTK ~/DFTK-mgga/src/terms/xc.jl:39
┌ Warning: Negative ρcore detected: -0.005127858248480869
└ @ DFTK ~/DFTK-mgga/src/terms/xc.jl:39
┌ Warning: Negative τcore detected: -0.02045891377852792
└ @ DFTK ~/DFTK-mgga/src/terms/xc.jl:45
┌ Warning: Negative τcore detected: -0.02045891377852779
└ @ DFTK ~/DFTK-mgga/src/terms/xc.jl:45
┌ Warning: Negative ρcore detected: -0.005127858248480869
└ @ DFTK ~/DFTK-mgga/src/terms/xc.jl:39
┌ Warning: Negative τcore detected: -0.02045891377852779
└ @ DFTK ~/DFTK-mgga/src/terms/xc.jl:45
┌ Warning: Negative ρcore detected: -0.005127858248480805
└ @ DFTK ~/DFTK-mgga/src/terms/xc.jl:39
┌ Warning: Negative τcore detected: -0.02045891377852776
└ @ DFTK ~/DFTK-mgga/src/terms/xc.jl:45
┌ Warning: Negative ρcore detected: -0.0051278582484808235
└ @ DFTK ~/DFTK-mgga/src/terms/xc.jl:39
┌ Warning: Negative ρcore detected: -0.005127858248480926
└ @ DFTK ~/DFTK-mgga/src/terms/xc.jl:39
┌ Warning: Negative ρcore detected: -0.0051278582484808235
└ @ DFTK ~/DFTK-mgga/src/terms/xc.jl:39
┌ Warning: Negative τcore detected: -0.02045891377852792
└ @ DFTK ~/DFTK-mgga/src/terms/xc.jl:45
┌ Warning: Negative τcore detected: -0.020458913778527866
└ @ DFTK ~/DFTK-mgga/src/terms/xc.jl:45
┌ Warning: Negative τcore detected: -0.02045891377852792
└ @ DFTK ~/DFTK-mgga/src/terms/xc.jl:45
n     Energy            log10(ΔE)   log10(Δρ)   Diag   Δtime 
---   ---------------   ---------   ---------   ----   ------
  1   -59.98795535069                   -1.01   10.2    24.7s
  2   -59.99323772661       -2.28       -1.07    5.5    14.3s
  3   -59.99858340282       -2.27       -1.76    7.9    19.3s
  4   -59.99851337111   +   -4.15       -2.04    5.4    14.5s
  5   -59.99860295504       -4.05       -2.90    4.5    14.2s
  6   -59.99860354567       -6.23       -3.69    5.0    14.5s
  7   -59.99860354899       -8.48       -4.12    4.6    13.7s
  8   -59.99860355451       -8.26       -5.19    4.2    12.6s
┌ Warning: Negative ρcore detected: -0.005046214510957608
└ @ DFTK ~/DFTK-mgga/src/terms/xc.jl:39
┌ Warning: Negative ρcore detected: -0.005046214510957608
└ @ DFTK ~/DFTK-mgga/src/terms/xc.jl:39
┌ Warning: Negative ρcore detected: -0.005046214510957605
└ @ DFTK ~/DFTK-mgga/src/terms/xc.jl:39
┌ Warning: Negative τcore detected: -0.02045366279270288
└ @ DFTK ~/DFTK-mgga/src/terms/xc.jl:45
┌ Warning: Negative ρcore detected: -0.005046214510957608
└ @ DFTK ~/DFTK-mgga/src/terms/xc.jl:39
┌ Warning: Negative ρcore detected: -0.005046214510957595
└ @ DFTK ~/DFTK-mgga/src/terms/xc.jl:39
┌ Warning: Negative τcore detected: -0.02045366279270288
└ @ DFTK ~/DFTK-mgga/src/terms/xc.jl:45
┌ Warning: Negative ρcore detected: -0.005046214510957608
└ @ DFTK ~/DFTK-mgga/src/terms/xc.jl:39
┌ Warning: Negative τcore detected: -0.020453662792703088
└ @ DFTK ~/DFTK-mgga/src/terms/xc.jl:45
┌ Warning: Negative τcore detected: -0.02045366279270288
└ @ DFTK ~/DFTK-mgga/src/terms/xc.jl:45
┌ Warning: Negative ρcore detected: -0.005046214510957608
└ @ DFTK ~/DFTK-mgga/src/terms/xc.jl:39
┌ Warning: Negative ρcore detected: -0.005046214510957608
└ @ DFTK ~/DFTK-mgga/src/terms/xc.jl:39
┌ Warning: Negative τcore detected: -0.020453662792703088
└ @ DFTK ~/DFTK-mgga/src/terms/xc.jl:45
┌ Warning: Negative τcore detected: -0.02045366279270288
└ @ DFTK ~/DFTK-mgga/src/terms/xc.jl:45
┌ Warning: Negative τcore detected: -0.02045366279270288
└ @ DFTK ~/DFTK-mgga/src/terms/xc.jl:45
┌ Warning: Negative τcore detected: -0.02045366279270288
└ @ DFTK ~/DFTK-mgga/src/terms/xc.jl:45
n     Energy            log10(ΔE)   log10(Δρ)   Diag   Δtime 
---   ---------------   ---------   ---------   ----   ------
  1   -59.98740515269                   -1.01   10.2    22.6s
  2   -59.99210539682       -2.33       -1.06    7.2    19.4s
  3   -59.99818226363       -2.22       -1.76    6.0    16.6s
  4   -59.99810003861   +   -4.08       -2.01    4.5    12.5s
  5   -59.99820678919       -3.97       -2.89    4.0    11.9s
  6   -59.99820850933       -5.76       -3.42    4.6    14.7s
  7   -59.99820857746       -7.17       -3.68    3.8    11.8s
  8   -59.99820859152       -7.85       -4.55    3.5    11.8s
  9   -59.99820859145   +  -10.18       -4.73    3.8    12.6s
 10   -59.99820859183       -9.43       -5.64    3.4    11.0s
