┌ Info: Threading setup: 
│   Threads.nthreads() = 1
│   n_DFTK = 1
│   n_fft = 1
└   n_blas = 1
┌ Warning: Negative ρcore detected: -9.47977463523895e-7
└ @ DFTK ~/DFTK-mgga/src/terms/xc.jl:39
┌ Warning: Negative τcore detected: -7.734374367134259e-5
└ @ DFTK ~/DFTK-mgga/src/terms/xc.jl:45
┌ Warning: Negative ρcore detected: -9.47977463523895e-7
└ @ DFTK ~/DFTK-mgga/src/terms/xc.jl:39
┌ Warning: Negative ρcore detected: -9.47977463523895e-7
└ @ DFTK ~/DFTK-mgga/src/terms/xc.jl:39
┌ Warning: Negative ρcore detected: -9.47977463523895e-7
└ @ DFTK ~/DFTK-mgga/src/terms/xc.jl:39
┌ Warning: Negative ρcore detected: -9.47977463523895e-7
└ @ DFTK ~/DFTK-mgga/src/terms/xc.jl:39
┌ Warning: Negative ρcore detected: -9.47977463523895e-7
└ @ DFTK ~/DFTK-mgga/src/terms/xc.jl:39
┌ Warning: Negative ρcore detected: -9.47977463523895e-7
└ @ DFTK ~/DFTK-mgga/src/terms/xc.jl:39
┌ Warning: Negative ρcore detected: -9.47977463523895e-7
└ @ DFTK ~/DFTK-mgga/src/terms/xc.jl:39
┌ Warning: Negative τcore detected: -7.734374367134259e-5
└ @ DFTK ~/DFTK-mgga/src/terms/xc.jl:45
┌ Warning: Negative τcore detected: -7.734374367134259e-5
└ @ DFTK ~/DFTK-mgga/src/terms/xc.jl:45
┌ Warning: Negative τcore detected: -7.734374367134259e-5
└ @ DFTK ~/DFTK-mgga/src/terms/xc.jl:45
┌ Warning: Negative τcore detected: -7.734374367134259e-5
└ @ DFTK ~/DFTK-mgga/src/terms/xc.jl:45
┌ Warning: Negative τcore detected: -7.734374367134259e-5
└ @ DFTK ~/DFTK-mgga/src/terms/xc.jl:45
┌ Warning: Negative τcore detected: -7.734374367134259e-5
└ @ DFTK ~/DFTK-mgga/src/terms/xc.jl:45
┌ Warning: Negative τcore detected: -7.734374367134259e-5
└ @ DFTK ~/DFTK-mgga/src/terms/xc.jl:45
┌ Warning: Exchange-correlation term: the kinetic energy density τ is smaller than the von Weizsäcker kinetic energy density τ_W somewhere. This can lead to unphysical results. This can be caused by pseudopotentials without a non-linear core correction for τ, or by an unphysical initial guess for τ. This message is only logged once.
└ @ DFTK ~/DFTK-mgga/src/terms/xc.jl:405
┌ Warning: Exchange-correlation term: the kinetic energy density τ is smaller than the von Weizsäcker kinetic energy density τ_W somewhere. This can lead to unphysical results. This can be caused by pseudopotentials without a non-linear core correction for τ, or by an unphysical initial guess for τ. This message is only logged once.
└ @ DFTK ~/DFTK-mgga/src/terms/xc.jl:405
┌ Warning: Exchange-correlation term: the kinetic energy density τ is smaller than the von Weizsäcker kinetic energy density τ_W somewhere. This can lead to unphysical results. This can be caused by pseudopotentials without a non-linear core correction for τ, or by an unphysical initial guess for τ. This message is only logged once.
└ @ DFTK ~/DFTK-mgga/src/terms/xc.jl:405
┌ Warning: Exchange-correlation term: the kinetic energy density τ is smaller than the von Weizsäcker kinetic energy density τ_W somewhere. This can lead to unphysical results. This can be caused by pseudopotentials without a non-linear core correction for τ, or by an unphysical initial guess for τ. This message is only logged once.
└ @ DFTK ~/DFTK-mgga/src/terms/xc.jl:405
┌ Warning: Exchange-correlation term: the kinetic energy density τ is smaller than the von Weizsäcker kinetic energy density τ_W somewhere. This can lead to unphysical results. This can be caused by pseudopotentials without a non-linear core correction for τ, or by an unphysical initial guess for τ. This message is only logged once.
└ @ DFTK ~/DFTK-mgga/src/terms/xc.jl:405
┌ Warning: Exchange-correlation term: the kinetic energy density τ is smaller than the von Weizsäcker kinetic energy density τ_W somewhere. This can lead to unphysical results. This can be caused by pseudopotentials without a non-linear core correction for τ, or by an unphysical initial guess for τ. This message is only logged once.
└ @ DFTK ~/DFTK-mgga/src/terms/xc.jl:405
┌ Warning: Exchange-correlation term: the kinetic energy density τ is smaller than the von Weizsäcker kinetic energy density τ_W somewhere. This can lead to unphysical results. This can be caused by pseudopotentials without a non-linear core correction for τ, or by an unphysical initial guess for τ. This message is only logged once.
└ @ DFTK ~/DFTK-mgga/src/terms/xc.jl:405
┌ Warning: Exchange-correlation term: the kinetic energy density τ is smaller than the von Weizsäcker kinetic energy density τ_W somewhere. This can lead to unphysical results. This can be caused by pseudopotentials without a non-linear core correction for τ, or by an unphysical initial guess for τ. This message is only logged once.
└ @ DFTK ~/DFTK-mgga/src/terms/xc.jl:405
n     Energy            log10(ΔE)   log10(Δρ)   Diag   Δtime 
---   ---------------   ---------   ---------   ----   ------
  1   -27.09875476906                   -1.73   14.5    24.2s
  2   -27.10055340133       -2.75       -2.14    2.7    10.0s
  3   -27.10068188285       -3.89       -2.49    7.6    10.7s
  4   -27.10068753449       -5.25       -3.39    3.3    7.10s
  5   -27.10068812565       -6.23       -3.93    5.9    10.3s
  6   -27.10068813483       -8.04       -4.45    4.4    9.06s
  7   -27.10068813568       -9.07       -5.20    4.4    8.49s
┌ Warning: Negative ρcore detected: -1.068357441471179e-6
└ @ DFTK ~/DFTK-mgga/src/terms/xc.jl:39
┌ Warning: Negative ρcore detected: -1.068357441471179e-6
└ @ DFTK ~/DFTK-mgga/src/terms/xc.jl:39
┌ Warning: Negative ρcore detected: -1.068357441471179e-6
└ @ DFTK ~/DFTK-mgga/src/terms/xc.jl:39
┌ Warning: Negative τcore detected: -7.118788445476441e-5
└ @ DFTK ~/DFTK-mgga/src/terms/xc.jl:45
┌ Warning: Negative ρcore detected: -1.068357441471179e-6
└ @ DFTK ~/DFTK-mgga/src/terms/xc.jl:39
┌ Warning: Negative τcore detected: -7.118788445476441e-5
└ @ DFTK ~/DFTK-mgga/src/terms/xc.jl:45
┌ Warning: Negative ρcore detected: -1.068357441471179e-6
└ @ DFTK ~/DFTK-mgga/src/terms/xc.jl:39
┌ Warning: Negative ρcore detected: -1.068357441471179e-6
└ @ DFTK ~/DFTK-mgga/src/terms/xc.jl:39
┌ Warning: Negative τcore detected: -7.118788445476441e-5
└ @ DFTK ~/DFTK-mgga/src/terms/xc.jl:45
┌ Warning: Negative τcore detected: -7.118788445476441e-5
└ @ DFTK ~/DFTK-mgga/src/terms/xc.jl:45
┌ Warning: Negative τcore detected: -7.118788445476441e-5
└ @ DFTK ~/DFTK-mgga/src/terms/xc.jl:45
┌ Warning: Negative ρcore detected: -1.068357441471179e-6
└ @ DFTK ~/DFTK-mgga/src/terms/xc.jl:39
┌ Warning: Negative ρcore detected: -1.068357441471179e-6
└ @ DFTK ~/DFTK-mgga/src/terms/xc.jl:39
┌ Warning: Negative τcore detected: -7.118788445476441e-5
└ @ DFTK ~/DFTK-mgga/src/terms/xc.jl:45
┌ Warning: Negative τcore detected: -7.118788445476441e-5
└ @ DFTK ~/DFTK-mgga/src/terms/xc.jl:45
┌ Warning: Negative τcore detected: -7.118788445476441e-5
└ @ DFTK ~/DFTK-mgga/src/terms/xc.jl:45
n     Energy            log10(ΔE)   log10(Δρ)   Diag   Δtime 
---   ---------------   ---------   ---------   ----   ------
  1   -27.09885570360                   -1.74   14.4    19.6s
  2   -27.10067914597       -2.74       -2.14    2.2    7.46s
  3   -27.10082096674       -3.85       -2.49    7.8    12.7s
  4   -27.10082685046       -5.23       -3.33    2.9    7.86s
  5   -27.10082753991       -6.16       -3.89    5.8    12.0s
  6   -27.10082755497       -7.82       -4.38    4.8    10.1s
  7   -27.10082755616       -8.92       -5.12    4.0    9.12s
┌ Warning: Negative ρcore detected: -1.206453430473899e-6
└ @ DFTK ~/DFTK-mgga/src/terms/xc.jl:39
┌ Warning: Negative ρcore detected: -1.206453430473899e-6
└ @ DFTK ~/DFTK-mgga/src/terms/xc.jl:39
┌ Warning: Negative τcore detected: -6.112834844330062e-5
└ @ DFTK ~/DFTK-mgga/src/terms/xc.jl:45
┌ Warning: Negative ρcore detected: -1.206453430473899e-6
└ @ DFTK ~/DFTK-mgga/src/terms/xc.jl:39
┌ Warning: Negative τcore detected: -6.112834844330062e-5
└ @ DFTK ~/DFTK-mgga/src/terms/xc.jl:45
┌ Warning: Negative ρcore detected: -1.206453430473899e-6
└ @ DFTK ~/DFTK-mgga/src/terms/xc.jl:39
┌ Warning: Negative ρcore detected: -1.206453430473899e-6
└ @ DFTK ~/DFTK-mgga/src/terms/xc.jl:39
┌ Warning: Negative τcore detected: -6.112834844330062e-5
└ @ DFTK ~/DFTK-mgga/src/terms/xc.jl:45
┌ Warning: Negative τcore detected: -6.112834844330062e-5
└ @ DFTK ~/DFTK-mgga/src/terms/xc.jl:45
┌ Warning: Negative τcore detected: -6.112834844330062e-5
└ @ DFTK ~/DFTK-mgga/src/terms/xc.jl:45
┌ Warning: Negative ρcore detected: -1.206453430473899e-6
└ @ DFTK ~/DFTK-mgga/src/terms/xc.jl:39
┌ Warning: Negative ρcore detected: -1.206453430473899e-6
└ @ DFTK ~/DFTK-mgga/src/terms/xc.jl:39
┌ Warning: Negative τcore detected: -6.112834844330062e-5
└ @ DFTK ~/DFTK-mgga/src/terms/xc.jl:45
┌ Warning: Negative ρcore detected: -1.206453430473899e-6
└ @ DFTK ~/DFTK-mgga/src/terms/xc.jl:39
┌ Warning: Negative τcore detected: -6.112834844330062e-5
└ @ DFTK ~/DFTK-mgga/src/terms/xc.jl:45
┌ Warning: Negative τcore detected: -6.112834844330062e-5
└ @ DFTK ~/DFTK-mgga/src/terms/xc.jl:45
n     Energy            log10(ΔE)   log10(Δρ)   Diag   Δtime 
---   ---------------   ---------   ---------   ----   ------
  1   -27.09890749927                   -1.74   14.4    21.7s
  2   -27.10075931164       -2.73       -2.14    2.2    7.53s
  3   -27.10090116990       -3.85       -2.49    7.5    12.2s
  4   -27.10090722652       -5.22       -3.32    3.1    8.31s
  5   -27.10090792399       -6.16       -3.88    5.8    11.6s
  6   -27.10090793960       -7.81       -4.36    4.7    10.5s
  7   -27.10090794080       -8.92       -5.11    4.2    9.55s
┌ Warning: Negative ρcore detected: -1.255649190433244e-6
└ @ DFTK ~/DFTK-mgga/src/terms/xc.jl:39
┌ Warning: Negative ρcore detected: -1.255649190433244e-6
└ @ DFTK ~/DFTK-mgga/src/terms/xc.jl:39
┌ Warning: Negative ρcore detected: -1.255649190433244e-6
└ @ DFTK ~/DFTK-mgga/src/terms/xc.jl:39
┌ Warning: Negative ρcore detected: -1.255649190433244e-6
└ @ DFTK ~/DFTK-mgga/src/terms/xc.jl:39
┌ Warning: Negative τcore detected: -6.287323002347988e-5
└ @ DFTK ~/DFTK-mgga/src/terms/xc.jl:45
┌ Warning: Negative ρcore detected: -1.255649190433244e-6
└ @ DFTK ~/DFTK-mgga/src/terms/xc.jl:39
┌ Warning: Negative ρcore detected: -1.255649190433244e-6
└ @ DFTK ~/DFTK-mgga/src/terms/xc.jl:39
┌ Warning: Negative τcore detected: -6.287323002347988e-5
└ @ DFTK ~/DFTK-mgga/src/terms/xc.jl:45
┌ Warning: Negative τcore detected: -6.287323002347988e-5
└ @ DFTK ~/DFTK-mgga/src/terms/xc.jl:45
┌ Warning: Negative τcore detected: -6.287323002347988e-5
└ @ DFTK ~/DFTK-mgga/src/terms/xc.jl:45
┌ Warning: Negative τcore detected: -6.287323002347988e-5
└ @ DFTK ~/DFTK-mgga/src/terms/xc.jl:45
┌ Warning: Negative ρcore detected: -1.255649190433244e-6
└ @ DFTK ~/DFTK-mgga/src/terms/xc.jl:39
┌ Warning: Negative ρcore detected: -1.255649190433244e-6
└ @ DFTK ~/DFTK-mgga/src/terms/xc.jl:39
┌ Warning: Negative τcore detected: -6.287323002347988e-5
└ @ DFTK ~/DFTK-mgga/src/terms/xc.jl:45
┌ Warning: Negative τcore detected: -6.287323002347988e-5
└ @ DFTK ~/DFTK-mgga/src/terms/xc.jl:45
┌ Warning: Negative τcore detected: -6.287323002347988e-5
└ @ DFTK ~/DFTK-mgga/src/terms/xc.jl:45
n     Energy            log10(ΔE)   log10(Δρ)   Diag   Δtime 
---   ---------------   ---------   ---------   ----   ------
  1   -27.09890623118                   -1.75   14.4    20.2s
  2   -27.10079056405       -2.72       -2.14    2.5    7.32s
  3   -27.10092694610       -3.87       -2.49    7.8    12.8s
  4   -27.10093306916       -5.21       -3.39    3.2    8.57s
  5   -27.10093370406       -6.20       -3.88    5.9    10.6s
  6   -27.10093371622       -7.92       -4.39    4.1    8.84s
  7   -27.10093371737       -8.94       -5.04    4.5    9.26s
┌ Warning: Negative ρcore detected: -7.221627010724733e-7
└ @ DFTK ~/DFTK-mgga/src/terms/xc.jl:39
┌ Warning: Negative ρcore detected: -7.221627010724733e-7
└ @ DFTK ~/DFTK-mgga/src/terms/xc.jl:39
┌ Warning: Negative τcore detected: -5.783755718462046e-5
└ @ DFTK ~/DFTK-mgga/src/terms/xc.jl:45
┌ Warning: Negative ρcore detected: -7.221627010724733e-7
└ @ DFTK ~/DFTK-mgga/src/terms/xc.jl:39
┌ Warning: Negative ρcore detected: -7.221627010724733e-7
└ @ DFTK ~/DFTK-mgga/src/terms/xc.jl:39
┌ Warning: Negative τcore detected: -5.783755718462046e-5
└ @ DFTK ~/DFTK-mgga/src/terms/xc.jl:45
┌ Warning: Negative ρcore detected: -7.221627010724733e-7
└ @ DFTK ~/DFTK-mgga/src/terms/xc.jl:39
┌ Warning: Negative τcore detected: -5.783755718462046e-5
└ @ DFTK ~/DFTK-mgga/src/terms/xc.jl:45
┌ Warning: Negative τcore detected: -5.783755718462046e-5
└ @ DFTK ~/DFTK-mgga/src/terms/xc.jl:45
┌ Warning: Negative ρcore detected: -7.221627010724733e-7
└ @ DFTK ~/DFTK-mgga/src/terms/xc.jl:39
┌ Warning: Negative τcore detected: -5.783755718462046e-5
└ @ DFTK ~/DFTK-mgga/src/terms/xc.jl:45
┌ Warning: Negative ρcore detected: -7.221627010724733e-7
└ @ DFTK ~/DFTK-mgga/src/terms/xc.jl:39
┌ Warning: Negative τcore detected: -5.783755718462046e-5
└ @ DFTK ~/DFTK-mgga/src/terms/xc.jl:45
┌ Warning: Negative τcore detected: -5.783755718462046e-5
└ @ DFTK ~/DFTK-mgga/src/terms/xc.jl:45
┌ Warning: Negative ρcore detected: -7.221627010724733e-7
└ @ DFTK ~/DFTK-mgga/src/terms/xc.jl:39
┌ Warning: Negative τcore detected: -5.783755718462046e-5
└ @ DFTK ~/DFTK-mgga/src/terms/xc.jl:45
n     Energy            log10(ΔE)   log10(Δρ)   Diag   Δtime 
---   ---------------   ---------   ---------   ----   ------
  1   -27.09884751884                   -1.76   14.6    20.9s
  2   -27.10074625990       -2.72       -2.15    2.5    8.15s
  3   -27.10089967484       -3.81       -2.48    8.0    13.0s
  4   -27.10090604478       -5.20       -3.31    3.1    8.27s
  5   -27.10090674558       -6.15       -3.82    5.6    11.0s
  6   -27.10090676591       -7.69       -4.31    4.3    9.47s
  7   -27.10090676751       -8.79       -5.06    4.5    9.74s
┌ Warning: Negative ρcore detected: -7.11251841262063e-7
└ @ DFTK ~/DFTK-mgga/src/terms/xc.jl:39
┌ Warning: Negative ρcore detected: -7.11251841262063e-7
└ @ DFTK ~/DFTK-mgga/src/terms/xc.jl:39
┌ Warning: Negative ρcore detected: -7.11251841262063e-7
└ @ DFTK ~/DFTK-mgga/src/terms/xc.jl:39
┌ Warning: Negative ρcore detected: -7.11251841262063e-7
└ @ DFTK ~/DFTK-mgga/src/terms/xc.jl:39
┌ Warning: Negative ρcore detected: -7.11251841262063e-7
└ @ DFTK ~/DFTK-mgga/src/terms/xc.jl:39
┌ Warning: Negative τcore detected: -5.740842853966539e-5
└ @ DFTK ~/DFTK-mgga/src/terms/xc.jl:45
┌ Warning: Negative τcore detected: -5.740842853966539e-5
└ @ DFTK ~/DFTK-mgga/src/terms/xc.jl:45
┌ Warning: Negative ρcore detected: -7.11251841262063e-7
└ @ DFTK ~/DFTK-mgga/src/terms/xc.jl:39
┌ Warning: Negative τcore detected: -5.740842853966539e-5
└ @ DFTK ~/DFTK-mgga/src/terms/xc.jl:45
┌ Warning: Negative ρcore detected: -7.11251841262063e-7
└ @ DFTK ~/DFTK-mgga/src/terms/xc.jl:39
┌ Warning: Negative τcore detected: -5.740842853966539e-5
└ @ DFTK ~/DFTK-mgga/src/terms/xc.jl:45
┌ Warning: Negative τcore detected: -5.740842853966539e-5
└ @ DFTK ~/DFTK-mgga/src/terms/xc.jl:45
┌ Warning: Negative τcore detected: -5.740842853966539e-5
└ @ DFTK ~/DFTK-mgga/src/terms/xc.jl:45
┌ Warning: Negative τcore detected: -5.740842853966539e-5
└ @ DFTK ~/DFTK-mgga/src/terms/xc.jl:45
┌ Warning: Negative ρcore detected: -7.11251841262063e-7
└ @ DFTK ~/DFTK-mgga/src/terms/xc.jl:39
┌ Warning: Negative τcore detected: -5.740842853966539e-5
└ @ DFTK ~/DFTK-mgga/src/terms/xc.jl:45
n     Energy            log10(ΔE)   log10(Δρ)   Diag   Δtime 
---   ---------------   ---------   ---------   ----   ------
  1   -27.09874393757                   -1.76   14.8    21.9s
  2   -27.10068201076       -2.71       -2.15    2.9    8.41s
  3   -27.10082983934       -3.83       -2.48    7.9    12.7s
  4   -27.10083651931       -5.18       -3.36    3.2    8.79s
  5   -27.10083716717       -6.19       -3.83    5.9    11.2s
  6   -27.10083718412       -7.77       -4.32    4.0    8.94s
  7   -27.10083718557       -8.84       -5.03    4.5    9.59s
┌ Warning: Negative ρcore detected: -7.328622110450472e-7
└ @ DFTK ~/DFTK-mgga/src/terms/xc.jl:39
┌ Warning: Negative ρcore detected: -7.328622110450472e-7
└ @ DFTK ~/DFTK-mgga/src/terms/xc.jl:39
┌ Warning: Negative ρcore detected: -7.328622110450472e-7
└ @ DFTK ~/DFTK-mgga/src/terms/xc.jl:39
┌ Warning: Negative ρcore detected: -7.328622110450472e-7
└ @ DFTK ~/DFTK-mgga/src/terms/xc.jl:39
┌ Warning: Negative τcore detected: -6.205530982545348e-5
└ @ DFTK ~/DFTK-mgga/src/terms/xc.jl:45
┌ Warning: Negative τcore detected: -6.205530982545348e-5
└ @ DFTK ~/DFTK-mgga/src/terms/xc.jl:45
┌ Warning: Negative ρcore detected: -7.328622110450472e-7
└ @ DFTK ~/DFTK-mgga/src/terms/xc.jl:39
┌ Warning: Negative τcore detected: -6.205530982545348e-5
└ @ DFTK ~/DFTK-mgga/src/terms/xc.jl:45
┌ Warning: Negative ρcore detected: -7.328622110450472e-7
└ @ DFTK ~/DFTK-mgga/src/terms/xc.jl:39
┌ Warning: Negative τcore detected: -6.205530982545348e-5
└ @ DFTK ~/DFTK-mgga/src/terms/xc.jl:45
┌ Warning: Negative ρcore detected: -7.328622110450472e-7
└ @ DFTK ~/DFTK-mgga/src/terms/xc.jl:39
┌ Warning: Negative τcore detected: -6.205530982545348e-5
└ @ DFTK ~/DFTK-mgga/src/terms/xc.jl:45
┌ Warning: Negative τcore detected: -6.205530982545348e-5
└ @ DFTK ~/DFTK-mgga/src/terms/xc.jl:45
┌ Warning: Negative τcore detected: -6.205530982545348e-5
└ @ DFTK ~/DFTK-mgga/src/terms/xc.jl:45
┌ Warning: Negative ρcore detected: -7.328622110450472e-7
└ @ DFTK ~/DFTK-mgga/src/terms/xc.jl:39
┌ Warning: Negative τcore detected: -6.205530982545348e-5
└ @ DFTK ~/DFTK-mgga/src/terms/xc.jl:45
n     Energy            log10(ΔE)   log10(Δρ)   Diag   Δtime 
---   ---------------   ---------   ---------   ----   ------
  1   -27.09861079601                   -1.77   14.8    21.6s
  2   -27.10056449606       -2.71       -2.15    2.9    8.07s
  3   -27.10071807046       -3.81       -2.47    8.1    13.0s
  4   -27.10072485835       -5.17       -3.35    2.8    7.78s
  5   -27.10072551251       -6.18       -3.80    5.7    11.6s
  6   -27.10072553203       -7.71       -4.28    4.0    8.86s
  7   -27.10072553387       -8.73       -4.92    4.4    9.29s
  8   -27.10072553407       -9.71       -5.30    4.4    10.2s
