┌ Info: Threading setup: 
│   Threads.nthreads() = 1
│   n_DFTK = 1
│   n_fft = 1
└   n_blas = 1
┌ Warning: Negative ρcore detected: -7.179569245280264e-7
└ @ DFTK ~/DFTK-mgga/src/terms/xc.jl:39
┌ Warning: Negative τcore detected: -8.930162606523273e-5
└ @ DFTK ~/DFTK-mgga/src/terms/xc.jl:45
┌ Warning: Negative ρcore detected: -7.179569245280264e-7
└ @ DFTK ~/DFTK-mgga/src/terms/xc.jl:39
┌ Warning: Negative ρcore detected: -7.179569245280264e-7
└ @ DFTK ~/DFTK-mgga/src/terms/xc.jl:39
┌ Warning: Negative ρcore detected: -7.179569245280264e-7
└ @ DFTK ~/DFTK-mgga/src/terms/xc.jl:39
┌ Warning: Negative ρcore detected: -7.179569245280264e-7
└ @ DFTK ~/DFTK-mgga/src/terms/xc.jl:39
┌ Warning: Negative τcore detected: -8.930162606523273e-5
└ @ DFTK ~/DFTK-mgga/src/terms/xc.jl:45
┌ Warning: Negative ρcore detected: -7.179569245280264e-7
└ @ DFTK ~/DFTK-mgga/src/terms/xc.jl:39
┌ Warning: Negative ρcore detected: -7.179569245280264e-7
└ @ DFTK ~/DFTK-mgga/src/terms/xc.jl:39
┌ Warning: Negative ρcore detected: -7.179569245280264e-7
└ @ DFTK ~/DFTK-mgga/src/terms/xc.jl:39
┌ Warning: Negative τcore detected: -8.930162606523273e-5
└ @ DFTK ~/DFTK-mgga/src/terms/xc.jl:45
┌ Warning: Negative τcore detected: -8.930162606523273e-5
└ @ DFTK ~/DFTK-mgga/src/terms/xc.jl:45
┌ Warning: Negative τcore detected: -8.930162606523273e-5
└ @ DFTK ~/DFTK-mgga/src/terms/xc.jl:45
┌ Warning: Negative τcore detected: -8.930162606523273e-5
└ @ DFTK ~/DFTK-mgga/src/terms/xc.jl:45
┌ Warning: Negative τcore detected: -8.930162606523273e-5
└ @ DFTK ~/DFTK-mgga/src/terms/xc.jl:45
┌ Warning: Negative τcore detected: -8.930162606523273e-5
└ @ DFTK ~/DFTK-mgga/src/terms/xc.jl:45
┌ Warning: Exchange-correlation term: the kinetic energy density τ is smaller than the von Weizsäcker kinetic energy density τ_W somewhere. This can lead to unphysical results. This can be caused by pseudopotentials without a non-linear core correction for τ, or by an unphysical initial guess for τ. This message is only logged once.
└ @ DFTK ~/DFTK-mgga/src/terms/xc.jl:405
┌ Warning: Exchange-correlation term: the kinetic energy density τ is smaller than the von Weizsäcker kinetic energy density τ_W somewhere. This can lead to unphysical results. This can be caused by pseudopotentials without a non-linear core correction for τ, or by an unphysical initial guess for τ. This message is only logged once.
└ @ DFTK ~/DFTK-mgga/src/terms/xc.jl:405
┌ Warning: Exchange-correlation term: the kinetic energy density τ is smaller than the von Weizsäcker kinetic energy density τ_W somewhere. This can lead to unphysical results. This can be caused by pseudopotentials without a non-linear core correction for τ, or by an unphysical initial guess for τ. This message is only logged once.
└ @ DFTK ~/DFTK-mgga/src/terms/xc.jl:405
┌ Warning: Exchange-correlation term: the kinetic energy density τ is smaller than the von Weizsäcker kinetic energy density τ_W somewhere. This can lead to unphysical results. This can be caused by pseudopotentials without a non-linear core correction for τ, or by an unphysical initial guess for τ. This message is only logged once.
└ @ DFTK ~/DFTK-mgga/src/terms/xc.jl:405
┌ Warning: Exchange-correlation term: the kinetic energy density τ is smaller than the von Weizsäcker kinetic energy density τ_W somewhere. This can lead to unphysical results. This can be caused by pseudopotentials without a non-linear core correction for τ, or by an unphysical initial guess for τ. This message is only logged once.
└ @ DFTK ~/DFTK-mgga/src/terms/xc.jl:405
┌ Warning: Exchange-correlation term: the kinetic energy density τ is smaller than the von Weizsäcker kinetic energy density τ_W somewhere. This can lead to unphysical results. This can be caused by pseudopotentials without a non-linear core correction for τ, or by an unphysical initial guess for τ. This message is only logged once.
└ @ DFTK ~/DFTK-mgga/src/terms/xc.jl:405
┌ Warning: Exchange-correlation term: the kinetic energy density τ is smaller than the von Weizsäcker kinetic energy density τ_W somewhere. This can lead to unphysical results. This can be caused by pseudopotentials without a non-linear core correction for τ, or by an unphysical initial guess for τ. This message is only logged once.
└ @ DFTK ~/DFTK-mgga/src/terms/xc.jl:405
┌ Warning: Exchange-correlation term: the kinetic energy density τ is smaller than the von Weizsäcker kinetic energy density τ_W somewhere. This can lead to unphysical results. This can be caused by pseudopotentials without a non-linear core correction for τ, or by an unphysical initial guess for τ. This message is only logged once.
└ @ DFTK ~/DFTK-mgga/src/terms/xc.jl:405
n     Energy            log10(ΔE)   log10(Δρ)   Diag   Δtime 
---   ---------------   ---------   ---------   ----   ------
  1   -27.08949553566                   -1.61   16.0    26.7s
  2   -27.09161603872       -2.67       -1.95    2.6    10.3s
  3   -27.09170152506       -4.07       -2.38    6.7    9.43s
  4   -27.09170636138       -5.32       -3.37    3.7    8.25s
  5   -27.09170709870       -6.13       -3.67    6.1    9.90s
  6   -27.09170710294       -8.37       -4.45    1.9    6.64s
  7   -27.09170710496       -8.69       -4.80    5.9    8.86s
  8   -27.09170710500      -10.43       -5.15    2.9    7.60s
┌ Warning: Negative ρcore detected: -7.640780609297798e-7
└ @ DFTK ~/DFTK-mgga/src/terms/xc.jl:39
┌ Warning: Negative ρcore detected: -7.640780609297798e-7
└ @ DFTK ~/DFTK-mgga/src/terms/xc.jl:39
┌ Warning: Negative ρcore detected: -7.640780609297798e-7
└ @ DFTK ~/DFTK-mgga/src/terms/xc.jl:39
┌ Warning: Negative τcore detected: -8.849602203079799e-5
└ @ DFTK ~/DFTK-mgga/src/terms/xc.jl:45
┌ Warning: Negative τcore detected: -8.849602203079799e-5
└ @ DFTK ~/DFTK-mgga/src/terms/xc.jl:45
┌ Warning: Negative ρcore detected: -7.640780609297798e-7
└ @ DFTK ~/DFTK-mgga/src/terms/xc.jl:39
┌ Warning: Negative τcore detected: -8.849602203079799e-5
└ @ DFTK ~/DFTK-mgga/src/terms/xc.jl:45
┌ Warning: Negative ρcore detected: -7.640780609297798e-7
└ @ DFTK ~/DFTK-mgga/src/terms/xc.jl:39
┌ Warning: Negative τcore detected: -8.849602203079799e-5
└ @ DFTK ~/DFTK-mgga/src/terms/xc.jl:45
┌ Warning: Negative ρcore detected: -7.640780609297798e-7
└ @ DFTK ~/DFTK-mgga/src/terms/xc.jl:39
┌ Warning: Negative ρcore detected: -7.640780609297798e-7
└ @ DFTK ~/DFTK-mgga/src/terms/xc.jl:39
┌ Warning: Negative ρcore detected: -7.640780609297798e-7
└ @ DFTK ~/DFTK-mgga/src/terms/xc.jl:39
┌ Warning: Negative τcore detected: -8.849602203079799e-5
└ @ DFTK ~/DFTK-mgga/src/terms/xc.jl:45
┌ Warning: Negative τcore detected: -8.849602203079799e-5
└ @ DFTK ~/DFTK-mgga/src/terms/xc.jl:45
┌ Warning: Negative τcore detected: -8.849602203079799e-5
└ @ DFTK ~/DFTK-mgga/src/terms/xc.jl:45
┌ Warning: Negative τcore detected: -8.849602203079799e-5
└ @ DFTK ~/DFTK-mgga/src/terms/xc.jl:45
n     Energy            log10(ΔE)   log10(Δρ)   Diag   Δtime 
---   ---------------   ---------   ---------   ----   ------
  1   -27.08961150321                   -1.61   16.4    19.9s
  2   -27.09173931753       -2.67       -1.95    2.5    6.41s
  3   -27.09182062275       -4.09       -2.39    6.6    9.39s
  4   -27.09182526350       -5.33       -3.42    3.9    7.58s
  5   -27.09182597141       -6.15       -3.67    6.3    10.6s
  6   -27.09182597510       -8.43       -4.37    1.8    5.26s
  7   -27.09182597711       -8.70       -4.76    5.5    9.37s
  8   -27.09182597718      -10.16       -5.06    3.1    6.84s
┌ Warning: Negative ρcore detected: -9.195730986629768e-7
└ @ DFTK ~/DFTK-mgga/src/terms/xc.jl:39
┌ Warning: Negative ρcore detected: -9.195730986629768e-7
└ @ DFTK ~/DFTK-mgga/src/terms/xc.jl:39
┌ Warning: Negative τcore detected: -8.26914421900486e-5
└ @ DFTK ~/DFTK-mgga/src/terms/xc.jl:45
┌ Warning: Negative τcore detected: -8.26914421900486e-5
└ @ DFTK ~/DFTK-mgga/src/terms/xc.jl:45
┌ Warning: Negative ρcore detected: -9.195730986629768e-7
└ @ DFTK ~/DFTK-mgga/src/terms/xc.jl:39
┌ Warning: Negative ρcore detected: -9.195730986629768e-7
└ @ DFTK ~/DFTK-mgga/src/terms/xc.jl:39
┌ Warning: Negative τcore detected: -8.26914421900486e-5
└ @ DFTK ~/DFTK-mgga/src/terms/xc.jl:45
┌ Warning: Negative τcore detected: -8.26914421900486e-5
└ @ DFTK ~/DFTK-mgga/src/terms/xc.jl:45
┌ Warning: Negative ρcore detected: -9.195730986629768e-7
└ @ DFTK ~/DFTK-mgga/src/terms/xc.jl:39
┌ Warning: Negative τcore detected: -8.26914421900486e-5
└ @ DFTK ~/DFTK-mgga/src/terms/xc.jl:45
┌ Warning: Negative ρcore detected: -9.195730986629768e-7
└ @ DFTK ~/DFTK-mgga/src/terms/xc.jl:39
┌ Warning: Negative ρcore detected: -9.195730986629768e-7
└ @ DFTK ~/DFTK-mgga/src/terms/xc.jl:39
┌ Warning: Negative τcore detected: -8.26914421900486e-5
└ @ DFTK ~/DFTK-mgga/src/terms/xc.jl:45
┌ Warning: Negative ρcore detected: -9.195730986629768e-7
└ @ DFTK ~/DFTK-mgga/src/terms/xc.jl:39
┌ Warning: Negative τcore detected: -8.26914421900486e-5
└ @ DFTK ~/DFTK-mgga/src/terms/xc.jl:45
┌ Warning: Negative τcore detected: -8.26914421900486e-5
└ @ DFTK ~/DFTK-mgga/src/terms/xc.jl:45
n     Energy            log10(ΔE)   log10(Δρ)   Diag   Δtime 
---   ---------------   ---------   ---------   ----   ------
  1   -27.08966269958                   -1.62   16.0    20.1s
  2   -27.09179517102       -2.67       -1.96    2.5    6.34s
  3   -27.09188664926       -4.04       -2.39    6.9    9.11s
  4   -27.09189137377       -5.33       -3.37    3.8    7.02s
  5   -27.09189217552       -6.10       -3.67    6.5    10.1s
  6   -27.09189218036       -8.32       -4.41    2.0    5.66s
  7   -27.09189218278       -8.62       -4.76    5.5    8.95s
  8   -27.09189218282      -10.32       -5.06    2.9    6.28s
┌ Warning: Negative ρcore detected: -1.0330263211816356e-6
└ @ DFTK ~/DFTK-mgga/src/terms/xc.jl:39
┌ Warning: Negative ρcore detected: -1.0330263211816356e-6
└ @ DFTK ~/DFTK-mgga/src/terms/xc.jl:39
┌ Warning: Negative ρcore detected: -1.0330263211816356e-6
└ @ DFTK ~/DFTK-mgga/src/terms/xc.jl:39
┌ Warning: Negative τcore detected: -7.248888197325962e-5
└ @ DFTK ~/DFTK-mgga/src/terms/xc.jl:45
┌ Warning: Negative τcore detected: -7.248888197325962e-5
└ @ DFTK ~/DFTK-mgga/src/terms/xc.jl:45
┌ Warning: Negative τcore detected: -7.248888197325962e-5
└ @ DFTK ~/DFTK-mgga/src/terms/xc.jl:45
┌ Warning: Negative ρcore detected: -1.0330263211816356e-6
└ @ DFTK ~/DFTK-mgga/src/terms/xc.jl:39
┌ Warning: Negative ρcore detected: -1.0330263211816356e-6
└ @ DFTK ~/DFTK-mgga/src/terms/xc.jl:39
┌ Warning: Negative ρcore detected: -1.0330263211816356e-6
└ @ DFTK ~/DFTK-mgga/src/terms/xc.jl:39
┌ Warning: Negative τcore detected: -7.248888197325962e-5
└ @ DFTK ~/DFTK-mgga/src/terms/xc.jl:45
┌ Warning: Negative τcore detected: -7.248888197325962e-5
└ @ DFTK ~/DFTK-mgga/src/terms/xc.jl:45
┌ Warning: Negative ρcore detected: -1.0330263211816356e-6
└ @ DFTK ~/DFTK-mgga/src/terms/xc.jl:39
┌ Warning: Negative τcore detected: -7.248888197325962e-5
└ @ DFTK ~/DFTK-mgga/src/terms/xc.jl:45
┌ Warning: Negative τcore detected: -7.248888197325962e-5
└ @ DFTK ~/DFTK-mgga/src/terms/xc.jl:45
┌ Warning: Negative ρcore detected: -1.0330263211816356e-6
└ @ DFTK ~/DFTK-mgga/src/terms/xc.jl:39
┌ Warning: Negative τcore detected: -7.248888197325962e-5
└ @ DFTK ~/DFTK-mgga/src/terms/xc.jl:45
n     Energy            log10(ΔE)   log10(Δρ)   Diag   Δtime 
---   ---------------   ---------   ---------   ----   ------
  1   -27.08967740429                   -1.63   16.1    20.2s
  2   -27.09182113123       -2.67       -1.96    2.7    6.53s
  3   -27.09190470025       -4.08       -2.39    6.6    9.46s
  4   -27.09190946806       -5.32       -3.44    3.9    7.27s
  5   -27.09191019620       -6.14       -3.68    6.2    9.62s
  6   -27.09191019947       -8.49       -4.31    1.5    5.00s
  7   -27.09191020181       -8.63       -4.70    5.2    8.48s
  8   -27.09191020191      -10.01       -4.94    3.1    6.69s
  9   -27.09191020192      -10.90       -5.82    2.1    5.35s
┌ Warning: Negative ρcore detected: -1.172845690189206e-6
└ @ DFTK ~/DFTK-mgga/src/terms/xc.jl:39
┌ Warning: Negative ρcore detected: -1.172845690189206e-6
└ @ DFTK ~/DFTK-mgga/src/terms/xc.jl:39
┌ Warning: Negative ρcore detected: -1.172845690189206e-6
└ @ DFTK ~/DFTK-mgga/src/terms/xc.jl:39
┌ Warning: Negative ρcore detected: -1.172845690189206e-6
└ @ DFTK ~/DFTK-mgga/src/terms/xc.jl:39
┌ Warning: Negative τcore detected: -7.233645914006033e-5
└ @ DFTK ~/DFTK-mgga/src/terms/xc.jl:45
┌ Warning: Negative ρcore detected: -1.172845690189206e-6
└ @ DFTK ~/DFTK-mgga/src/terms/xc.jl:39
┌ Warning: Negative ρcore detected: -1.172845690189206e-6
└ @ DFTK ~/DFTK-mgga/src/terms/xc.jl:39
┌ Warning: Negative ρcore detected: -1.172845690189206e-6
└ @ DFTK ~/DFTK-mgga/src/terms/xc.jl:39
┌ Warning: Negative τcore detected: -7.233645914006033e-5
└ @ DFTK ~/DFTK-mgga/src/terms/xc.jl:45
┌ Warning: Negative τcore detected: -7.233645914006033e-5
└ @ DFTK ~/DFTK-mgga/src/terms/xc.jl:45
┌ Warning: Negative τcore detected: -7.233645914006033e-5
└ @ DFTK ~/DFTK-mgga/src/terms/xc.jl:45
┌ Warning: Negative τcore detected: -7.233645914006033e-5
└ @ DFTK ~/DFTK-mgga/src/terms/xc.jl:45
┌ Warning: Negative τcore detected: -7.233645914006033e-5
└ @ DFTK ~/DFTK-mgga/src/terms/xc.jl:45
┌ Warning: Negative τcore detected: -7.233645914006033e-5
└ @ DFTK ~/DFTK-mgga/src/terms/xc.jl:45
┌ Warning: Negative ρcore detected: -1.172845690189206e-6
└ @ DFTK ~/DFTK-mgga/src/terms/xc.jl:39
┌ Warning: Negative τcore detected: -7.233645914006033e-5
└ @ DFTK ~/DFTK-mgga/src/terms/xc.jl:45
n     Energy            log10(ΔE)   log10(Δρ)   Diag   Δtime 
---   ---------------   ---------   ---------   ----   ------
  1   -27.08962295753                   -1.64   15.9    18.7s
  2   -27.09178697094       -2.66       -1.96    2.2    5.55s
  3   -27.09187841693       -4.04       -2.39    6.5    8.61s
  4   -27.09188361279       -5.28       -3.39    4.0    7.30s
  5   -27.09188437409       -6.12       -3.68    6.5    9.79s
  6   -27.09188437886       -8.32       -4.39    2.0    5.40s
  7   -27.09188438140       -8.60       -4.75    5.7    9.41s
  8   -27.09188438146      -10.20       -5.04    3.0    6.29s
┌ Warning: Negative ρcore detected: -5.47117460759519e-7
└ @ DFTK ~/DFTK-mgga/src/terms/xc.jl:39
┌ Warning: Negative ρcore detected: -5.47117460759519e-7
└ @ DFTK ~/DFTK-mgga/src/terms/xc.jl:39
┌ Warning: Negative τcore detected: -5.353956622723107e-5
└ @ DFTK ~/DFTK-mgga/src/terms/xc.jl:45
┌ Warning: Negative τcore detected: -5.353956622723107e-5
└ @ DFTK ~/DFTK-mgga/src/terms/xc.jl:45
┌ Warning: Negative ρcore detected: -5.47117460759519e-7
└ @ DFTK ~/DFTK-mgga/src/terms/xc.jl:39
┌ Warning: Negative ρcore detected: -5.47117460759519e-7
└ @ DFTK ~/DFTK-mgga/src/terms/xc.jl:39
┌ Warning: Negative τcore detected: -5.353956622723107e-5
└ @ DFTK ~/DFTK-mgga/src/terms/xc.jl:45
┌ Warning: Negative ρcore detected: -5.47117460759519e-7
└ @ DFTK ~/DFTK-mgga/src/terms/xc.jl:39
┌ Warning: Negative τcore detected: -5.353956622723107e-5
└ @ DFTK ~/DFTK-mgga/src/terms/xc.jl:45
┌ Warning: Negative τcore detected: -5.353956622723107e-5
└ @ DFTK ~/DFTK-mgga/src/terms/xc.jl:45
┌ Warning: Negative ρcore detected: -5.471174607378626e-7
└ @ DFTK ~/DFTK-mgga/src/terms/xc.jl:39
┌ Warning: Negative ρcore detected: -5.47117460759519e-7
└ @ DFTK ~/DFTK-mgga/src/terms/xc.jl:39
┌ Warning: Negative ρcore detected: -5.47117460759519e-7
└ @ DFTK ~/DFTK-mgga/src/terms/xc.jl:39
┌ Warning: Negative τcore detected: -5.353956622794738e-5
└ @ DFTK ~/DFTK-mgga/src/terms/xc.jl:45
┌ Warning: Negative τcore detected: -5.353956622723107e-5
└ @ DFTK ~/DFTK-mgga/src/terms/xc.jl:45
┌ Warning: Negative τcore detected: -5.353956622723107e-5
└ @ DFTK ~/DFTK-mgga/src/terms/xc.jl:45
n     Energy            log10(ΔE)   log10(Δρ)   Diag   Δtime 
---   ---------------   ---------   ---------   ----   ------
  1   -27.08954346087                   -1.64   16.2    21.8s
  2   -27.09172129286       -2.66       -1.96    2.9    7.85s
  3   -27.09181662425       -4.02       -2.39    6.3    10.4s
  4   -27.09182197070       -5.27       -3.36    4.1    8.55s
  5   -27.09182283418       -6.06       -3.69    6.1    12.2s
  6   -27.09182284000       -8.24       -4.36    2.7    6.54s
  7   -27.09182284288       -8.54       -4.75    5.4    10.4s
  8   -27.09182284295      -10.13       -5.05    3.2    7.09s
┌ Warning: Negative ρcore detected: -6.169556712183976e-7
└ @ DFTK ~/DFTK-mgga/src/terms/xc.jl:39
┌ Warning: Negative ρcore detected: -6.169556712183976e-7
└ @ DFTK ~/DFTK-mgga/src/terms/xc.jl:39
┌ Warning: Negative τcore detected: -4.544868019266158e-5
└ @ DFTK ~/DFTK-mgga/src/terms/xc.jl:45
┌ Warning: Negative ρcore detected: -6.169556712183976e-7
└ @ DFTK ~/DFTK-mgga/src/terms/xc.jl:39
┌ Warning: Negative τcore detected: -4.544868019266158e-5
└ @ DFTK ~/DFTK-mgga/src/terms/xc.jl:45
┌ Warning: Negative τcore detected: -4.544868019266158e-5
└ @ DFTK ~/DFTK-mgga/src/terms/xc.jl:45
┌ Warning: Negative ρcore detected: -6.169556712183976e-7
└ @ DFTK ~/DFTK-mgga/src/terms/xc.jl:39
┌ Warning: Negative τcore detected: -4.544868019266158e-5
└ @ DFTK ~/DFTK-mgga/src/terms/xc.jl:45
┌ Warning: Negative ρcore detected: -6.169556712183976e-7
└ @ DFTK ~/DFTK-mgga/src/terms/xc.jl:39
┌ Warning: Negative ρcore detected: -6.169556712183976e-7
└ @ DFTK ~/DFTK-mgga/src/terms/xc.jl:39
┌ Warning: Negative ρcore detected: -6.169556712081787e-7
└ @ DFTK ~/DFTK-mgga/src/terms/xc.jl:39
┌ Warning: Negative τcore detected: -4.544868019266158e-5
└ @ DFTK ~/DFTK-mgga/src/terms/xc.jl:45
┌ Warning: Negative τcore detected: -4.544868019266158e-5
└ @ DFTK ~/DFTK-mgga/src/terms/xc.jl:45
┌ Warning: Negative τcore detected: -4.544868019302777e-5
└ @ DFTK ~/DFTK-mgga/src/terms/xc.jl:45
┌ Warning: Negative ρcore detected: -6.169556712183976e-7
└ @ DFTK ~/DFTK-mgga/src/terms/xc.jl:39
┌ Warning: Negative τcore detected: -4.544868019266158e-5
└ @ DFTK ~/DFTK-mgga/src/terms/xc.jl:45
n     Energy            log10(ΔE)   log10(Δρ)   Diag   Δtime 
---   ---------------   ---------   ---------   ----   ------
  1   -27.08941178868                   -1.65   16.2    23.4s
  2   -27.09162083858       -2.66       -1.96    2.4    7.16s
  3   -27.09171500094       -4.03       -2.39    6.5    9.77s
  4   -27.09172062998       -5.25       -3.40    4.3    8.97s
  5   -27.09172140659       -6.11       -3.70    6.6    11.7s
  6   -27.09172141119       -8.34       -4.33    2.3    6.56s
  7   -27.09172141402       -8.55       -4.71    5.0    9.90s
  8   -27.09172141412      -10.00       -4.97    3.3    7.58s
  9   -27.09172141414      -10.91       -5.82    2.2    6.39s
