┌ Info: Threading setup: 
│   Threads.nthreads() = 8
│   n_DFTK = 8
│   n_fft = 1
└   n_blas = 8
Relaxing with tol_forces = 1.9446903811416696e-6 and tol_virial = 0.00010807962371174391 (in a.u.)...
┌ Warning: Negative ρcore detected: -4.432484054533192e-8
└ @ DFTK ~/DFTK-mgga/src/terms/xc.jl:39
n     Energy            log10(ΔE)   log10(Δρ)   α      Diag   Δtime 
---   ---------------   ---------   ---------   ----   ----   ------
  1   -450.9748780492                   -0.40   0.80   12.4    59.1s
  2   -451.1921404331       -0.66       -0.87   0.80    7.5    31.5s
  3   -451.2040797518       -1.92       -1.18   0.80    7.7    34.2s
  4   -451.2092279032       -2.29       -1.76   0.80    6.7    30.1s
  5   -451.2094338269       -3.69       -2.22   0.80    5.3    24.2s
  6   -451.2094644955       -4.51       -2.92   0.80    6.1    27.6s
  7   -451.2094653701       -6.06       -3.58   0.80    5.7    26.8s
  8   -451.2094653110   +   -7.23       -3.54   0.80    6.6    29.2s
  9   -451.2094653490       -7.42       -3.73   0.80    6.2    28.1s
 10   -451.2094653885       -7.40       -4.30   0.80    6.0    27.1s
 11   -451.2094653902       -8.77       -4.56   0.80    6.2    29.2s
 12   -451.2094653910       -9.12       -5.04   0.80    5.9    27.1s
 13   -451.2094653911       -9.97       -6.17   0.80    5.7    26.8s
 14   -451.2094653911      -12.40       -6.75   0.80    6.5    31.9s
┌ Warning: Negative ρcore detected: -4.432484054533192e-8
└ @ DFTK ~/DFTK-mgga/src/terms/xc.jl:39
n     Energy            log10(ΔE)   log10(Δρ)   α      Diag   Δtime 
---   ---------------   ---------   ---------   ----   ----   ------
  1   -451.2094653911                   -6.54   0.80    1.0    8.04s
  2   -451.2094653911   +    -Inf       -6.79   0.80    1.0    8.10s
┌ Warning: Negative ρcore detected: -4.432484054533192e-8
└ @ DFTK ~/DFTK-mgga/src/terms/xc.jl:39
n     Energy            log10(ΔE)   log10(Δρ)   α      Diag   Δtime 
---   ---------------   ---------   ---------   ----   ----   ------
  1   -451.2094653911                   -6.56   0.80    1.0    6.07s
  2   -451.2094653911   +  -13.25       -6.79   0.80    1.0    6.98s
┌ Warning: Negative ρcore detected: Dual{ForwardDiff.Tag{DFTK.var"#1369#1370"{StaticArraysCore.SMatrix{3, 3, Float64, 9}, DFTK.var"#HF_energy#1368"{Vector{Vector{Float64}}, Float64, Vector{Matrix{ComplexF64}}, Vector{Vector{Float64}}}}, Float64}}(-4.432484077413761e-8,1.1088739138715906e-8)
└ @ DFTK ~/DFTK-mgga/src/terms/xc.jl:39
┌ Warning: Negative ρcore detected: Dual{ForwardDiff.Tag{DFTK.var"#1369#1370"{StaticArraysCore.SMatrix{3, 3, Float64, 9}, DFTK.var"#HF_energy#1368"{Vector{Vector{Float64}}, Float64, Vector{Matrix{ComplexF64}}, Vector{Vector{Float64}}}}, Float64}}(-4.432484077413761e-8,7.214124193126649e-9)
└ @ DFTK ~/DFTK-mgga/src/terms/xc.jl:39
┌ Warning: Negative ρcore detected: Dual{ForwardDiff.Tag{DFTK.var"#1369#1370"{StaticArraysCore.SMatrix{3, 3, Float64, 9}, DFTK.var"#HF_energy#1368"{Vector{Vector{Float64}}, Float64, Vector{Matrix{ComplexF64}}, Vector{Vector{Float64}}}}, Float64}}(-4.432484077413761e-8,6.356139199977702e-7)
└ @ DFTK ~/DFTK-mgga/src/terms/xc.jl:39
┌ Warning: Negative ρcore detected: Dual{ForwardDiff.Tag{DFTK.var"#1369#1370"{StaticArraysCore.SMatrix{3, 3, Float64, 9}, DFTK.var"#HF_energy#1368"{Vector{Vector{Float64}}, Float64, Vector{Matrix{ComplexF64}}, Vector{Vector{Float64}}}}, Float64}}(-4.432484077413761e-8,-4.3479031928504943e-10)
└ @ DFTK ~/DFTK-mgga/src/terms/xc.jl:39
┌ Warning: Negative ρcore detected: Dual{ForwardDiff.Tag{DFTK.var"#1369#1370"{StaticArraysCore.SMatrix{3, 3, Float64, 9}, DFTK.var"#HF_energy#1368"{Vector{Vector{Float64}}, Float64, Vector{Matrix{ComplexF64}}, Vector{Vector{Float64}}}}, Float64}}(-4.432484077413761e-8,7.530792060669391e-10)
└ @ DFTK ~/DFTK-mgga/src/terms/xc.jl:39
┌ Warning: Negative ρcore detected: Dual{ForwardDiff.Tag{DFTK.var"#1369#1370"{StaticArraysCore.SMatrix{3, 3, Float64, 9}, DFTK.var"#HF_energy#1368"{Vector{Vector{Float64}}, Float64, Vector{Matrix{ComplexF64}}, Vector{Vector{Float64}}}}, Float64}}(-4.432484077413761e-8,-3.3555154083463783e-9)
└ @ DFTK ~/DFTK-mgga/src/terms/xc.jl:39

                 Geometry optimisation convergence (in atomic units)
┌─────┬─────────────────┬───────────┬─────────────┬─────────────┬──────────┬────────┐
│   n │          Energy │ log10(ΔE) │  max(Force) │ max(Virial) │ Pressure │  Δtime │
├─────┼─────────────────┼───────────┼─────────────┼─────────────┼──────────┼────────┤
│   0 │ -451.2094653911 │           │  2.40564e-5 │   0.0641155 │   -0.064 │   738s │
└─────┴─────────────────┴───────────┴─────────────┴─────────────┴──────────┴────────┘

┌ Warning: Negative ρcore detected: -4.309202795005397e-8
└ @ DFTK ~/DFTK-mgga/src/terms/xc.jl:39
n     Energy            log10(ΔE)   log10(Δρ)   α      Diag   Δtime 
---   ---------------   ---------   ---------   ----   ----   ------
  1   -450.6280706120                   -0.15   0.80   13.4    63.6s
  2   -451.0591191991       -0.37       -0.43   0.80    7.9    36.7s
  3   -451.1544273969       -1.02       -0.64   0.80    8.6    41.1s
  4   -451.2007653331       -1.33       -1.02   0.80    7.2    35.0s
  5   -451.2093082776       -2.07       -1.44   0.80    6.5    33.1s
  6   -451.2105010438       -2.92       -1.80   0.80    6.2    31.1s
  7   -451.2107024154       -3.70       -2.10   0.80    6.0    30.5s
  8   -451.2107672532       -4.19       -3.33   0.80    5.7    28.5s
  9   -451.2107658918   +   -5.87       -2.93   0.80    7.1    37.4s
 10   -451.2107674157       -5.82       -3.56   0.80    6.2    29.1s
 11   -451.2107674657       -7.30       -4.04   0.80    5.6    28.7s
 12   -451.2107674302   +   -7.45       -3.73   0.80    6.5    33.1s
 13   -451.2107674664       -7.44       -4.16   0.80    5.9    29.7s
 14   -451.2107674705       -8.38       -4.40   0.80    4.9    24.0s
 15   -451.2107674724       -8.73       -5.63   0.80    5.6    29.9s
 16   -451.2107674724      -11.42       -6.00   0.80    6.0    33.5s
 17   -451.2107674724      -11.92       -6.96   0.80    5.5    29.5s
┌ Warning: Negative ρcore detected: -4.2989229483687066e-8
└ @ DFTK ~/DFTK-mgga/src/terms/xc.jl:39
n     Energy            log10(ΔE)   log10(Δρ)   α      Diag   Δtime 
---   ---------------   ---------   ---------   ----   ----   ------
  1   -451.2096842148                   -1.47   0.80   12.6    62.4s
  2   -451.2105472316       -3.06       -1.89   0.80    5.4    27.5s
  3   -451.2107321062       -3.73       -2.22   0.80    6.2    33.8s
  4   -451.2107748546       -4.37       -3.02   0.80    6.6    33.9s
  5   -451.2107744092   +   -6.35       -3.04   0.80    7.4    39.4s
  6   -451.2107751631       -6.12       -3.61   0.80    6.2    31.4s
  7   -451.2107751938       -7.51       -3.97   0.80    7.2    36.6s
  8   -451.2107752038       -8.00       -4.67   0.80    6.7    34.2s
  9   -451.2107752028   +   -9.02       -4.45   0.80    7.2    37.6s
 10   -451.2107752042       -8.87       -5.08   0.80    6.8    34.1s
 11   -451.2107752042      -10.08       -5.82   0.80    6.1    31.5s
 12   -451.2107752043      -11.85       -5.94   0.80    5.1    27.4s
 13   -451.2107752043      -11.75       -6.76   0.80    6.2    31.9s
┌ Warning: Negative ρcore detected: -4.2989229483687066e-8
└ @ DFTK ~/DFTK-mgga/src/terms/xc.jl:39
n     Energy            log10(ΔE)   log10(Δρ)   α      Diag   Δtime 
---   ---------------   ---------   ---------   ----   ----   ------
  1   -451.2107752043                   -6.50   0.80    1.0    7.23s
  2   -451.2107752043      -12.55       -6.71   0.80    1.0    7.39s
┌ Warning: Negative ρcore detected: -4.2989229483687066e-8
└ @ DFTK ~/DFTK-mgga/src/terms/xc.jl:39
n     Energy            log10(ΔE)   log10(Δρ)   α      Diag   Δtime 
---   ---------------   ---------   ---------   ----   ----   ------
  1   -451.2107752043                   -6.50   0.80    1.0    5.81s
  2   -451.2107752043      -12.34       -6.72   0.80    1.0    6.70s
┌ Warning: Negative ρcore detected: -4.2989229483687066e-8
└ @ DFTK ~/DFTK-mgga/src/terms/xc.jl:39
n     Energy            log10(ΔE)   log10(Δρ)   α      Diag   Δtime 
---   ---------------   ---------   ---------   ----   ----   ------
  1   -451.2107752043                   -6.52   0.80    1.0    6.37s
  2   -451.2107752043   +  -12.94       -6.74   0.80    1.0    7.04s
┌ Warning: Negative ρcore detected: Dual{ForwardDiff.Tag{DFTK.var"#1369#1370"{StaticArraysCore.SMatrix{3, 3, Float64, 9}, DFTK.var"#HF_energy#1368"{Vector{Vector{Float64}}, Float64, Vector{Matrix{ComplexF64}}, Vector{Vector{Float64}}}}, Float64}}(-4.298922935384159e-8,-2.4408928107828393e-9)
└ @ DFTK ~/DFTK-mgga/src/terms/xc.jl:39
┌ Warning: Negative ρcore detected: Dual{ForwardDiff.Tag{DFTK.var"#1369#1370"{StaticArraysCore.SMatrix{3, 3, Float64, 9}, DFTK.var"#HF_energy#1368"{Vector{Vector{Float64}}, Float64, Vector{Matrix{ComplexF64}}, Vector{Vector{Float64}}}}, Float64}}(-4.298922935384159e-8,-1.5419466553293479e-9)
└ @ DFTK ~/DFTK-mgga/src/terms/xc.jl:39
┌ Warning: Negative ρcore detected: Dual{ForwardDiff.Tag{DFTK.var"#1369#1370"{StaticArraysCore.SMatrix{3, 3, Float64, 9}, DFTK.var"#HF_energy#1368"{Vector{Vector{Float64}}, Float64, Vector{Matrix{ComplexF64}}, Vector{Vector{Float64}}}}, Float64}}(-4.298922935384159e-8,1.9884209000969248e-7)
└ @ DFTK ~/DFTK-mgga/src/terms/xc.jl:39
┌ Warning: Negative ρcore detected: Dual{ForwardDiff.Tag{DFTK.var"#1369#1370"{StaticArraysCore.SMatrix{3, 3, Float64, 9}, DFTK.var"#HF_energy#1368"{Vector{Vector{Float64}}, Float64, Vector{Matrix{ComplexF64}}, Vector{Vector{Float64}}}}, Float64}}(-4.298922935384159e-8,1.7668226519591423e-11)
└ @ DFTK ~/DFTK-mgga/src/terms/xc.jl:39
┌ Warning: Negative ρcore detected: Dual{ForwardDiff.Tag{DFTK.var"#1369#1370"{StaticArraysCore.SMatrix{3, 3, Float64, 9}, DFTK.var"#HF_energy#1368"{Vector{Vector{Float64}}, Float64, Vector{Matrix{ComplexF64}}, Vector{Vector{Float64}}}}, Float64}}(-4.298922935384159e-8,-3.060247217224745e-11)
└ @ DFTK ~/DFTK-mgga/src/terms/xc.jl:39
┌ Warning: Negative ρcore detected: Dual{ForwardDiff.Tag{DFTK.var"#1369#1370"{StaticArraysCore.SMatrix{3, 3, Float64, 9}, DFTK.var"#HF_energy#1368"{Vector{Vector{Float64}}, Float64, Vector{Matrix{ComplexF64}}, Vector{Vector{Float64}}}}, Float64}}(-4.298922935384159e-8,7.78509837697947e-10)
└ @ DFTK ~/DFTK-mgga/src/terms/xc.jl:39

┌─────┬─────────────────┬───────────┬─────────────┬─────────────┬──────────┬────────┐
│   n │          Energy │ log10(ΔE) │  max(Force) │ max(Virial) │ Pressure │  Δtime │
├─────┼─────────────────┼───────────┼─────────────┼─────────────┼──────────┼────────┤
│   1 │ -451.2107752043 │           │  5.72721e-5 │  0.00197578 │  -0.0017 │  1372s │
└─────┴─────────────────┴───────────┴─────────────┴─────────────┴──────────┴────────┘

┌ Warning: Negative ρcore detected: -4.298518941786581e-8
└ @ DFTK ~/DFTK-mgga/src/terms/xc.jl:39
n     Energy            log10(ΔE)   log10(Δρ)   α      Diag   Δtime 
---   ---------------   ---------   ---------   ----   ----   ------
  1   -451.2107498688                   -3.16   0.80   12.6    65.6s
  2   -451.2107740243       -4.62       -3.59   0.80    2.1    11.5s
  3   -451.2107752150       -5.92       -3.56   0.80    8.9    49.7s
  4   -451.2107752777       -7.20       -4.29   0.80    6.2    32.1s
  5   -451.2107752771   +   -9.22       -4.41   0.80    7.5    37.2s
  6   -451.2107752784       -8.90       -5.09   0.80    6.4    28.7s
  7   -451.2107752784      -10.41       -5.79   0.80    7.1    31.7s
  8   -451.2107752784      -11.92       -6.51   0.80    7.0    34.8s
  9   -451.2107752784      -12.94       -7.28   0.80    6.6    33.6s
┌ Warning: Negative ρcore detected: -4.2871932395294705e-8
└ @ DFTK ~/DFTK-mgga/src/terms/xc.jl:39
n     Energy            log10(ΔE)   log10(Δρ)   α      Diag   Δtime 
---   ---------------   ---------   ---------   ----   ----   ------
  1   -451.2105237816                   -1.81   0.80   12.3    62.8s
  2   -451.2107304444       -3.68       -2.24   0.80    4.4    21.5s
  3   -451.2107678812       -4.43       -2.57   0.80    6.5    34.6s
  4   -451.2107759772       -5.09       -3.30   0.80    6.7    34.7s
  5   -451.2107755643   +   -6.38       -3.16   0.80    7.1    36.5s
  6   -451.2107761694       -6.22       -4.12   0.80    6.2    32.4s
  7   -451.2107761698       -9.40       -4.38   0.80    6.3    34.0s
  8   -451.2107761716       -8.73       -5.23   0.80    6.0    30.9s
  9   -451.2107761717      -10.91       -5.34   0.80    7.0    37.5s
 10   -451.2107761717      -10.58       -6.13   0.80    6.2    32.4s
 11   -451.2107761717      -12.34       -7.24   0.80    6.4    34.8s
┌ Warning: Negative ρcore detected: -4.2871932395294705e-8
└ @ DFTK ~/DFTK-mgga/src/terms/xc.jl:39
n     Energy            log10(ΔE)   log10(Δρ)   α      Diag   Δtime 
---   ---------------   ---------   ---------   ----   ----   ------
  1   -451.2107761717                   -7.25   0.80    1.0    6.73s
  2   -451.2107761717      -12.94       -7.40   0.80    1.0    7.76s
┌ Warning: Negative ρcore detected: -4.2871932395294705e-8
└ @ DFTK ~/DFTK-mgga/src/terms/xc.jl:39
n     Energy            log10(ΔE)   log10(Δρ)   α      Diag   Δtime 
---   ---------------   ---------   ---------   ----   ----   ------
  1   -451.2107761717                   -7.24   0.80    1.0    6.52s
  2   -451.2107761717      -12.64       -7.44   0.80    1.0    8.06s
┌ Warning: Negative ρcore detected: -4.2871932395294705e-8
└ @ DFTK ~/DFTK-mgga/src/terms/xc.jl:39
n     Energy            log10(ΔE)   log10(Δρ)   α      Diag   Δtime 
---   ---------------   ---------   ---------   ----   ----   ------
  1   -451.2107761717                   -7.26   0.80    1.0    6.32s
  2   -451.2107761717   +  -12.64       -7.48   0.80    1.0    6.74s
┌ Warning: Negative ρcore detected: Dual{ForwardDiff.Tag{DFTK.var"#1369#1370"{StaticArraysCore.SMatrix{3, 3, Float64, 9}, DFTK.var"#HF_energy#1368"{Vector{Vector{Float64}}, Float64, Vector{Matrix{ComplexF64}}, Vector{Vector{Float64}}}}, Float64}}(-4.2871932545144085e-8,-2.6789564698045143e-9)
└ @ DFTK ~/DFTK-mgga/src/terms/xc.jl:39
┌ Warning: Negative ρcore detected: Dual{ForwardDiff.Tag{DFTK.var"#1369#1370"{StaticArraysCore.SMatrix{3, 3, Float64, 9}, DFTK.var"#HF_energy#1368"{Vector{Vector{Float64}}, Float64, Vector{Matrix{ComplexF64}}, Vector{Vector{Float64}}}}, Float64}}(-4.2871932545144085e-8,-1.691215733003093e-9)
└ @ DFTK ~/DFTK-mgga/src/terms/xc.jl:39
┌ Warning: Negative ρcore detected: Dual{ForwardDiff.Tag{DFTK.var"#1369#1370"{StaticArraysCore.SMatrix{3, 3, Float64, 9}, DFTK.var"#HF_energy#1368"{Vector{Vector{Float64}}, Float64, Vector{Matrix{ComplexF64}}, Vector{Vector{Float64}}}}, Float64}}(-4.2871932545144085e-8,2.7287827179624974e-7)
└ @ DFTK ~/DFTK-mgga/src/terms/xc.jl:39
┌ Warning: Negative ρcore detected: Dual{ForwardDiff.Tag{DFTK.var"#1369#1370"{StaticArraysCore.SMatrix{3, 3, Float64, 9}, DFTK.var"#HF_energy#1368"{Vector{Vector{Float64}}, Float64, Vector{Matrix{ComplexF64}}, Vector{Vector{Float64}}}}, Float64}}(-4.2871932545144085e-8,1.7119435225869584e-11)
└ @ DFTK ~/DFTK-mgga/src/terms/xc.jl:39
┌ Warning: Negative ρcore detected: Dual{ForwardDiff.Tag{DFTK.var"#1369#1370"{StaticArraysCore.SMatrix{3, 3, Float64, 9}, DFTK.var"#HF_energy#1368"{Vector{Vector{Float64}}, Float64, Vector{Matrix{ComplexF64}}, Vector{Vector{Float64}}}}, Float64}}(-4.2871932545144085e-8,-2.965229376325807e-11)
└ @ DFTK ~/DFTK-mgga/src/terms/xc.jl:39
┌ Warning: Negative ρcore detected: Dual{ForwardDiff.Tag{DFTK.var"#1369#1370"{StaticArraysCore.SMatrix{3, 3, Float64, 9}, DFTK.var"#HF_energy#1368"{Vector{Vector{Float64}}, Float64, Vector{Matrix{ComplexF64}}, Vector{Vector{Float64}}}}, Float64}}(-4.2871932545144085e-8,8.554090427708572e-10)
└ @ DFTK ~/DFTK-mgga/src/terms/xc.jl:39

┌─────┬─────────────────┬───────────┬─────────────┬─────────────┬──────────┬────────┐
│   n │          Energy │ log10(ΔE) │  max(Force) │ max(Virial) │ Pressure │  Δtime │
├─────┼─────────────────┼───────────┼─────────────┼─────────────┼──────────┼────────┤
│   2 │ -451.2107761717 │     -6.01 │  3.62731e-5 │ 0.000164274 │  -2.7e-5 │  1049s │
└─────┴─────────────────┴───────────┴─────────────┴─────────────┴──────────┴────────┘

┌ Warning: Negative ρcore detected: -4.286750416490017e-8
└ @ DFTK ~/DFTK-mgga/src/terms/xc.jl:39
n     Energy            log10(ΔE)   log10(Δρ)   α      Diag   Δtime 
---   ---------------   ---------   ---------   ----   ----   ------
  1   -451.2107497719                   -3.67   0.80   12.3    62.2s
  2   -451.2107755106       -4.59       -4.03   0.80    1.4    9.09s
  3   -451.2107761729       -6.18       -4.25   0.80    9.5    53.3s
  4   -451.2107761709   +   -8.69       -4.28   0.80    6.8    36.0s
  5   -451.2107761739       -8.52       -4.78   0.80    5.9    30.0s
  6   -451.2107761741       -9.81       -5.30   0.80    6.7    37.5s
  7   -451.2107761741      -11.23       -6.05   0.80    6.6    33.1s
  8   -451.2107761741      -12.64       -6.74   0.80    6.9    32.6s
┌ Warning: Negative ρcore detected: -4.28334721883155e-8
└ @ DFTK ~/DFTK-mgga/src/terms/xc.jl:39
n     Energy            log10(ΔE)   log10(Δρ)   α      Diag   Δtime 
---   ---------------   ---------   ---------   ----   ----   ------
  1   -451.2107472086                   -2.87   0.80   12.7    59.3s
  2   -451.2107752824       -4.55       -3.25   0.80    2.4    13.8s
  3   -451.2107760935       -6.09       -3.50   0.80    8.3    47.2s
  4   -451.2107761092       -7.80       -3.61   0.80    7.0    35.5s
  5   -451.2107761809       -7.14       -4.30   0.80    6.3    32.0s
  6   -451.2107761824       -8.82       -5.06   0.80    6.9    38.7s
  7   -451.2107761825      -10.31       -5.78   0.80    7.1    38.3s
  8   -451.2107761825      -11.83       -6.46   0.80    7.0    38.8s
  9   -451.2107761825   +    -Inf       -7.14   0.80    6.6    37.9s
┌ Warning: Negative ρcore detected: -4.28334721883155e-8
└ @ DFTK ~/DFTK-mgga/src/terms/xc.jl:39
n     Energy            log10(ΔE)   log10(Δρ)   α      Diag   Δtime 
---   ---------------   ---------   ---------   ----   ----   ------
  1   -451.2107761825                   -7.10   0.80    1.0    6.73s
  2   -451.2107761825      -13.25       -7.45   0.80    1.0    7.68s
┌ Warning: Negative ρcore detected: -4.28334721883155e-8
└ @ DFTK ~/DFTK-mgga/src/terms/xc.jl:39
n     Energy            log10(ΔE)   log10(Δρ)   α      Diag   Δtime 
---   ---------------   ---------   ---------   ----   ----   ------
  1   -451.2107761825                   -7.27   0.80    1.0    6.62s
  2   -451.2107761825   +  -12.64       -7.50   0.80    1.0    7.66s
┌ Warning: Negative ρcore detected: -4.28334721883155e-8
└ @ DFTK ~/DFTK-mgga/src/terms/xc.jl:39
n     Energy            log10(ΔE)   log10(Δρ)   α      Diag   Δtime 
---   ---------------   ---------   ---------   ----   ----   ------
  1   -451.2107761825                   -7.32   0.80    1.0    6.81s
  2   -451.2107761825   +    -Inf       -7.54   0.80    1.0    7.70s
┌ Warning: Negative ρcore detected: Dual{ForwardDiff.Tag{DFTK.var"#1369#1370"{StaticArraysCore.SMatrix{3, 3, Float64, 9}, DFTK.var"#HF_energy#1368"{Vector{Vector{Float64}}, Float64, Vector{Matrix{ComplexF64}}, Vector{Vector{Float64}}}}, Float64}}(-4.283346943533498e-8,-2.71310466032111e-9)
└ @ DFTK ~/DFTK-mgga/src/terms/xc.jl:39
┌ Warning: Negative ρcore detected: Dual{ForwardDiff.Tag{DFTK.var"#1369#1370"{StaticArraysCore.SMatrix{3, 3, Float64, 9}, DFTK.var"#HF_energy#1368"{Vector{Vector{Float64}}, Float64, Vector{Matrix{ComplexF64}}, Vector{Vector{Float64}}}}, Float64}}(-4.283346943533498e-8,-1.7121701142726759e-9)
└ @ DFTK ~/DFTK-mgga/src/terms/xc.jl:39
┌ Warning: Negative ρcore detected: Dual{ForwardDiff.Tag{DFTK.var"#1369#1370"{StaticArraysCore.SMatrix{3, 3, Float64, 9}, DFTK.var"#HF_energy#1368"{Vector{Vector{Float64}}, Float64, Vector{Matrix{ComplexF64}}, Vector{Vector{Float64}}}}, Float64}}(-4.283346943533498e-8,2.891767571156344e-7)
└ @ DFTK ~/DFTK-mgga/src/terms/xc.jl:39
┌ Warning: Negative ρcore detected: Dual{ForwardDiff.Tag{DFTK.var"#1369#1370"{StaticArraysCore.SMatrix{3, 3, Float64, 9}, DFTK.var"#HF_energy#1368"{Vector{Vector{Float64}}, Float64, Vector{Matrix{ComplexF64}}, Vector{Vector{Float64}}}}, Float64}}(-4.283346943533498e-8,1.7167028851619335e-11)
└ @ DFTK ~/DFTK-mgga/src/terms/xc.jl:39
┌ Warning: Negative ρcore detected: Dual{ForwardDiff.Tag{DFTK.var"#1369#1370"{StaticArraysCore.SMatrix{3, 3, Float64, 9}, DFTK.var"#HF_energy#1368"{Vector{Vector{Float64}}, Float64, Vector{Matrix{ComplexF64}}, Vector{Vector{Float64}}}}, Float64}}(-4.283346943533498e-8,-2.973493655732243e-11)
└ @ DFTK ~/DFTK-mgga/src/terms/xc.jl:39
┌ Warning: Negative ρcore detected: Dual{ForwardDiff.Tag{DFTK.var"#1369#1370"{StaticArraysCore.SMatrix{3, 3, Float64, 9}, DFTK.var"#HF_energy#1368"{Vector{Vector{Float64}}, Float64, Vector{Matrix{ComplexF64}}, Vector{Vector{Float64}}}}, Float64}}(-4.283346943533498e-8,8.668348530593522e-10)
└ @ DFTK ~/DFTK-mgga/src/terms/xc.jl:39

┌─────┬─────────────────┬───────────┬─────────────┬─────────────┬──────────┬────────┐
│   n │          Energy │ log10(ΔE) │  max(Force) │ max(Virial) │ Pressure │  Δtime │
├─────┼─────────────────┼───────────┼─────────────┼─────────────┼──────────┼────────┤
│   3 │ -451.2107761825 │     -7.97 │  1.70177e-5 │  6.56744e-5 │   3.8e-5 │   964s │
└─────┴─────────────────┴───────────┴─────────────┴─────────────┴──────────┴────────┘

┌ Warning: Negative ρcore detected: -4.2831417837619816e-8
└ @ DFTK ~/DFTK-mgga/src/terms/xc.jl:39
n     Energy            log10(ΔE)   log10(Δρ)   α      Diag   Δtime 
---   ---------------   ---------   ---------   ----   ----   ------
  1   -451.2107497050                   -3.63   0.80   12.7    60.7s
  2   -451.2107754164       -4.59       -3.93   0.80    1.4    9.10s
  3   -451.2107761826       -6.12       -4.36   0.80    9.4    51.8s
  4   -451.2107761824   +   -9.77       -4.51   0.80    6.9    34.6s
  5   -451.2107761833       -9.07       -4.80   0.80    6.5    33.2s
  6   -451.2107761835       -9.68       -5.51   0.80    5.9    32.3s
  7   -451.2107761835      -11.29       -6.11   0.80    6.5    37.8s
  8   -451.2107761835      -13.25       -6.81   0.80    5.8    32.1s
┌ Warning: Negative ρcore detected: -4.281399687820331e-8
└ @ DFTK ~/DFTK-mgga/src/terms/xc.jl:39
n     Energy            log10(ΔE)   log10(Δρ)   α      Diag   Δtime 
---   ---------------   ---------   ---------   ----   ----   ------
  1   -451.2107510819                   -2.71   0.80   12.3    60.3s
  2   -451.2107752115       -4.62       -3.08   0.80    2.5    13.1s
  3   -451.2107760919       -6.06       -3.47   0.80    8.0    43.2s
  4   -451.2107760924       -9.29       -3.55   0.80    7.0    36.6s
  5   -451.2107761843       -7.04       -4.17   0.80    6.2    31.6s
  6   -451.2107761873       -8.52       -4.72   0.80    6.7    37.0s
  7   -451.2107761876       -9.64       -5.51   0.80    6.9    36.7s
  8   -451.2107761876      -11.50       -6.01   0.80    6.7    38.3s
  9   -451.2107761876      -12.29       -7.12   0.80    6.5    36.1s
┌ Warning: Negative ρcore detected: -4.281399687820331e-8
└ @ DFTK ~/DFTK-mgga/src/terms/xc.jl:39
n     Energy            log10(ΔE)   log10(Δρ)   α      Diag   Δtime 
---   ---------------   ---------   ---------   ----   ----   ------
  1   -451.2107761876                   -7.05   0.80    1.0    6.74s
  2   -451.2107761876   +    -Inf       -7.57   0.80    1.0    7.63s
┌ Warning: Negative ρcore detected: -4.281399687820331e-8
└ @ DFTK ~/DFTK-mgga/src/terms/xc.jl:39
n     Energy            log10(ΔE)   log10(Δρ)   α      Diag   Δtime 
---   ---------------   ---------   ---------   ----   ----   ------
  1   -451.2107761876                   -7.44   0.80    1.0    6.84s
  2   -451.2107761876      -13.25       -7.74   0.80    1.0    7.47s
┌ Warning: Negative ρcore detected: -4.281399687820331e-8
└ @ DFTK ~/DFTK-mgga/src/terms/xc.jl:39
n     Energy            log10(ΔE)   log10(Δρ)   α      Diag   Δtime 
---   ---------------   ---------   ---------   ----   ----   ------
  1   -451.2107761876                   -7.56   0.80    1.0    6.51s
  2   -451.2107761876      -12.64       -7.80   0.80    1.0    8.18s
┌ Warning: Negative ρcore detected: Dual{ForwardDiff.Tag{DFTK.var"#1369#1370"{StaticArraysCore.SMatrix{3, 3, Float64, 9}, DFTK.var"#HF_energy#1368"{Vector{Vector{Float64}}, Float64, Vector{Matrix{ComplexF64}}, Vector{Vector{Float64}}}}, Float64}}(-4.281399788303753e-8,-2.731156867236258e-9)
└ @ DFTK ~/DFTK-mgga/src/terms/xc.jl:39
┌ Warning: Negative ρcore detected: Dual{ForwardDiff.Tag{DFTK.var"#1369#1370"{StaticArraysCore.SMatrix{3, 3, Float64, 9}, DFTK.var"#HF_energy#1368"{Vector{Vector{Float64}}, Float64, Vector{Matrix{ComplexF64}}, Vector{Vector{Float64}}}}, Float64}}(-4.281399788303753e-8,-1.7232141013077944e-9)
└ @ DFTK ~/DFTK-mgga/src/terms/xc.jl:39
┌ Warning: Negative ρcore detected: Dual{ForwardDiff.Tag{DFTK.var"#1369#1370"{StaticArraysCore.SMatrix{3, 3, Float64, 9}, DFTK.var"#HF_energy#1368"{Vector{Vector{Float64}}, Float64, Vector{Matrix{ComplexF64}}, Vector{Vector{Float64}}}}, Float64}}(-4.281399788303753e-8,2.9139135458108727e-7)
└ @ DFTK ~/DFTK-mgga/src/terms/xc.jl:39
┌ Warning: Negative ρcore detected: Dual{ForwardDiff.Tag{DFTK.var"#1369#1370"{StaticArraysCore.SMatrix{3, 3, Float64, 9}, DFTK.var"#HF_energy#1368"{Vector{Vector{Float64}}, Float64, Vector{Matrix{ComplexF64}}, Vector{Vector{Float64}}}}, Float64}}(-4.281399788303753e-8,1.7342174599310413e-11)
└ @ DFTK ~/DFTK-mgga/src/terms/xc.jl:39
┌ Warning: Negative ρcore detected: Dual{ForwardDiff.Tag{DFTK.var"#1369#1370"{StaticArraysCore.SMatrix{3, 3, Float64, 9}, DFTK.var"#HF_energy#1368"{Vector{Vector{Float64}}, Float64, Vector{Matrix{ComplexF64}}, Vector{Vector{Float64}}}}, Float64}}(-4.281399788303753e-8,-3.003703486304228e-11)
└ @ DFTK ~/DFTK-mgga/src/terms/xc.jl:39
┌ Warning: Negative ρcore detected: Dual{ForwardDiff.Tag{DFTK.var"#1369#1370"{StaticArraysCore.SMatrix{3, 3, Float64, 9}, DFTK.var"#HF_energy#1368"{Vector{Vector{Float64}}, Float64, Vector{Matrix{ComplexF64}}, Vector{Vector{Float64}}}}, Float64}}(-4.281399788303753e-8,8.729043593116628e-10)
└ @ DFTK ~/DFTK-mgga/src/terms/xc.jl:39

┌─────┬─────────────────┬───────────┬─────────────┬─────────────┬──────────┬────────┐
│   n │          Energy │ log10(ΔE) │  max(Force) │ max(Virial) │ Pressure │  Δtime │
├─────┼─────────────────┼───────────┼─────────────┼─────────────┼──────────┼────────┤
│   4 │ -451.2107761876 │     -8.29 │  8.68385e-6 │  8.90546e-5 │  -6.4e-5 │   955s │
└─────┴─────────────────┴───────────┴─────────────┴─────────────┴──────────┴────────┘

┌ Warning: Negative ρcore detected: -4.2804722243957204e-8
└ @ DFTK ~/DFTK-mgga/src/terms/xc.jl:39
n     Energy            log10(ΔE)   log10(Δρ)   α      Diag   Δtime 
---   ---------------   ---------   ---------   ----   ----   ------
  1   -451.2107510645                   -3.07   0.80   12.5    61.3s
  2   -451.2107754143       -4.61       -3.44   0.80    1.7    10.4s
  3   -451.2107761852       -6.11       -4.06   0.80    8.6    48.4s
  4   -451.2107761812   +   -8.40       -4.04   0.80    7.4    41.6s
  5   -451.2107761896       -8.08       -4.57   0.80    6.6    33.6s
  6   -451.2107761903       -9.16       -5.06   0.80    6.8    36.3s
  7   -451.2107761903      -10.52       -5.74   0.80    6.8    37.7s
  8   -451.2107761903      -11.99       -6.60   0.80    6.7    35.2s
  9   -451.2107761903   +    -Inf       -7.19   0.80    6.7    28.9s
┌ Warning: Negative ρcore detected: -4.2765000444558565e-8
└ @ DFTK ~/DFTK-mgga/src/terms/xc.jl:39
n     Energy            log10(ΔE)   log10(Δρ)   α      Diag   Δtime 
---   ---------------   ---------   ---------   ----   ----   ------
  1   -451.2107436701                   -2.45   0.80   12.4    59.2s
  2   -451.2107746499       -4.51       -2.82   0.80    2.7    14.1s
  3   -451.2107761873       -5.81       -3.62   0.80    7.6    43.8s
  4   -451.2107761810   +   -8.20       -3.86   0.80    6.7    37.5s
  5   -451.2107761813       -9.53       -3.96   0.80    6.9    37.3s
  6   -451.2107761952       -7.86       -4.54   0.80    6.0    30.3s
  7   -451.2107761954       -9.60       -5.04   0.80    6.5    36.8s
  8   -451.2107761955      -10.62       -6.13   0.80    6.4    36.3s
  9   -451.2107761955      -13.25       -6.64   0.80    6.8    38.7s
 10   -451.2107761955      -13.25       -6.92   0.80    6.8    37.4s
┌ Warning: Negative ρcore detected: -4.2765000444558565e-8
└ @ DFTK ~/DFTK-mgga/src/terms/xc.jl:39
n     Energy            log10(ΔE)   log10(Δρ)   α      Diag   Δtime 
---   ---------------   ---------   ---------   ----   ----   ------
  1   -451.2107761955                   -7.22   0.80    1.0    6.77s
  2   -451.2107761955   +    -Inf       -7.47   0.80    1.0    7.73s
┌ Warning: Negative ρcore detected: -4.2765000444558565e-8
└ @ DFTK ~/DFTK-mgga/src/terms/xc.jl:39
n     Energy            log10(ΔE)   log10(Δρ)   α      Diag   Δtime 
---   ---------------   ---------   ---------   ----   ----   ------
  1   -451.2107761955                   -7.58   0.80    1.0    6.60s
  2   -451.2107761955   +    -Inf       -7.76   0.80    1.0    7.51s
┌ Warning: Negative ρcore detected: -4.2765000444558565e-8
└ @ DFTK ~/DFTK-mgga/src/terms/xc.jl:39
n     Energy            log10(ΔE)   log10(Δρ)   α      Diag   Δtime 
---   ---------------   ---------   ---------   ----   ----   ------
  1   -451.2107761955                   -7.66   0.80    1.0    6.31s
  2   -451.2107761955   +  -13.25       -7.85   0.80    1.0    7.41s
┌ Warning: Negative ρcore detected: Dual{ForwardDiff.Tag{DFTK.var"#1369#1370"{StaticArraysCore.SMatrix{3, 3, Float64, 9}, DFTK.var"#HF_energy#1368"{Vector{Vector{Float64}}, Float64, Vector{Matrix{ComplexF64}}, Vector{Vector{Float64}}}}, Float64}}(-4.2765001813485886e-8,-2.802977671452187e-9)
└ @ DFTK ~/DFTK-mgga/src/terms/xc.jl:39
┌ Warning: Negative ρcore detected: Dual{ForwardDiff.Tag{DFTK.var"#1369#1370"{StaticArraysCore.SMatrix{3, 3, Float64, 9}, DFTK.var"#HF_energy#1368"{Vector{Vector{Float64}}, Float64, Vector{Matrix{ComplexF64}}, Vector{Vector{Float64}}}}, Float64}}(-4.2765001813485886e-8,-1.7679459119374576e-9)
└ @ DFTK ~/DFTK-mgga/src/terms/xc.jl:39
┌ Warning: Negative ρcore detected: Dual{ForwardDiff.Tag{DFTK.var"#1369#1370"{StaticArraysCore.SMatrix{3, 3, Float64, 9}, DFTK.var"#HF_energy#1368"{Vector{Vector{Float64}}, Float64, Vector{Matrix{ComplexF64}}, Vector{Vector{Float64}}}}, Float64}}(-4.2765001813485886e-8,2.996196147024134e-7)
└ @ DFTK ~/DFTK-mgga/src/terms/xc.jl:39
┌ Warning: Negative ρcore detected: Dual{ForwardDiff.Tag{DFTK.var"#1369#1370"{StaticArraysCore.SMatrix{3, 3, Float64, 9}, DFTK.var"#HF_energy#1368"{Vector{Vector{Float64}}, Float64, Vector{Matrix{ComplexF64}}, Vector{Vector{Float64}}}}, Float64}}(-4.2765001813485886e-8,1.7623886231529373e-11)
└ @ DFTK ~/DFTK-mgga/src/terms/xc.jl:39
┌ Warning: Negative ρcore detected: Dual{ForwardDiff.Tag{DFTK.var"#1369#1370"{StaticArraysCore.SMatrix{3, 3, Float64, 9}, DFTK.var"#HF_energy#1368"{Vector{Vector{Float64}}, Float64, Vector{Matrix{ComplexF64}}, Vector{Vector{Float64}}}}, Float64}}(-4.2765001813485886e-8,-3.052611294163596e-11)
└ @ DFTK ~/DFTK-mgga/src/terms/xc.jl:39
┌ Warning: Negative ρcore detected: Dual{ForwardDiff.Tag{DFTK.var"#1369#1370"{StaticArraysCore.SMatrix{3, 3, Float64, 9}, DFTK.var"#HF_energy#1368"{Vector{Vector{Float64}}, Float64, Vector{Matrix{ComplexF64}}, Vector{Vector{Float64}}}}, Float64}}(-4.2765001813485886e-8,8.963627196406946e-10)
└ @ DFTK ~/DFTK-mgga/src/terms/xc.jl:39

┌─────┬─────────────────┬───────────┬─────────────┬─────────────┬──────────┬────────┐
│   n │          Energy │ log10(ΔE) │  max(Force) │ max(Virial) │ Pressure │  Δtime │
├─────┼─────────────────┼───────────┼─────────────┼─────────────┼──────────┼────────┤
│   5 │ -451.2107761955 │     -8.10 │  5.44671e-7 │  5.54744e-6 │  -4.5e-6 │  1035s │
└─────┴─────────────────┴───────────┴─────────────┴─────────────┴──────────┴────────┘

