┌ Info: Threading setup: 
│   Threads.nthreads() = 8
│   n_DFTK = 8
│   n_fft = 1
└   n_blas = 8
┌ Warning: Negative ρcore detected: -4.335442211237028e-8
└ @ DFTK ~/DFTK-mgga/src/terms/xc.jl:39
n     Energy            log10(ΔE)   log10(Δρ)   Diag   Δtime 
---   ---------------   ---------   ---------   ----   ------
  1   -450.9700290444                   -0.40   11.8     454s
  2   -451.1919905578       -0.65       -0.87    7.4     252s
  3   -451.2041746358       -1.91       -1.15    7.7     288s
  4   -451.2103838734       -2.21       -1.68    6.9     252s
  5   -451.2107331625       -3.46       -2.17    5.4     201s
  6   -451.2107749826       -4.38       -2.85    6.1     228s
  7   -451.2107760607       -5.97       -3.31    5.5     221s
  8   -451.2107740832   +   -5.70       -2.87    6.9     270s
  9   -451.2107761092       -5.69       -3.46    6.3     235s
 10   -451.2107761633       -7.27       -3.64    4.9     177s
 11   -451.2107762250       -7.21       -4.46    5.6     219s
 12   -451.2107762251      -10.06       -4.46    6.4     261s
 13   -451.2107762262       -8.97       -4.72    5.1     201s
 14   -451.2107762265       -9.42       -5.12    6.2     239s
 15   -451.2107762266      -10.11       -6.07    6.0     237s
 16   -451.2107762266      -12.29       -6.49    5.9     229s
 17   -451.2107762266   +    -Inf       -7.45    5.9     231s
 18   -451.2107762266      -12.34       -8.18    6.2     256s
All finished!
