┌ Info: Threading setup: 
│   Threads.nthreads() = 1
│   n_DFTK = 1
│   n_fft = 1
└   n_blas = 1

==== Structural properties ====
Prop     Val
---- -------
a    3.276 Å
c    5.286 Å
u    0.379

==== Phonon modes (LO only) ====
Mode Freq [cm⁻¹] Freq [THz]
---- ----------- ----------
   1        -0.0      -0.00
   2         0.0       0.00
   3         0.0       0.00
   4        91.3       2.74
   5        91.3       2.74
   6       245.6       7.36
   7       345.8      10.37
   8       366.8      11.00
   9       366.8      11.00
  10       396.4      11.88
  11       396.4      11.88
  12       510.9      15.32

==== Clamped-ion dielectric tensor ====
    5.27    -0.00     0.00
   -0.00     5.27    -0.00
    0.00    -0.00     5.26

==== Clamped-ion elastic tensor [GPa] ====
     244       84       62       -0       -0       -0
      84      244       62        0       -0       -0
      62       62      261        0       -0       -0
      -0        0       -0       51       -0       -0
      -0       -0        0       -0       51       -0
      -0       -0       -0       -0       -0       80

==== Born effective charges [e] ====
Mismatch between 2 routes: 1.40e-09 (absolute) 6.41e-10 (relative)
Printing average
Atom 1          x          y          z
    Ex      2.136      0.000     -0.000
    Ey      0.000      2.136     -0.000
    Ez      0.000      0.000      2.189
Atom 2          x          y          z
    Ex      2.136      0.000      0.000
    Ey      0.000      2.136      0.000
    Ez     -0.000     -0.000      2.189
Atom 3          x          y          z
    Ex     -2.136     -0.000     -0.000
    Ey     -0.000     -2.136      0.000
    Ez     -0.000     -0.000     -2.189
Atom 4          x          y          z
    Ex     -2.136     -0.000      0.000
    Ey     -0.000     -2.136     -0.000
    Ez      0.000      0.000     -2.189

==== Force-response internal strain [Ha/bohr] ====
Mismatch between 2 routes: 6.86e-07 (absolute) 4.88e-06 (relative)
Printing average
Atom 1          1          2          3          4          5          6
     x      0.000      0.000      0.000      0.000     -0.071     -0.114
     y     -0.114      0.114      0.000     -0.071      0.000      0.000
     z     -0.071     -0.071      0.141      0.000      0.000      0.000
Atom 2          1          2          3          4          5          6
     x     -0.000     -0.000     -0.000      0.000     -0.071      0.114
     y      0.114     -0.114     -0.000     -0.071      0.000     -0.000
     z     -0.071     -0.071      0.141     -0.000     -0.000      0.000
Atom 3          1          2          3          4          5          6
     x      0.000      0.000      0.000     -0.000      0.071     -0.133
     y     -0.133      0.133      0.000      0.071     -0.000      0.000
     z      0.071      0.071     -0.141     -0.000      0.000     -0.000
Atom 4          1          2          3          4          5          6
     x     -0.000     -0.000     -0.000     -0.000      0.071      0.133
     y      0.133     -0.133     -0.000      0.071     -0.000     -0.000
     z      0.071      0.071     -0.141      0.000     -0.000     -0.000

==== Clamped-ion piezoelectric tensor [C/m²] ====
Mismatch between 2 routes: 1.93e-10 (absolute) 2.60e-10 (relative)
Printing average
            1          2          3          4          5          6
Ex       0.00       0.00       0.00       0.00       0.39       0.00
Ey       0.00      -0.00      -0.00       0.39       0.00       0.00
Ez       0.37       0.37      -0.74       0.00      -0.00       0.00

==== Relaxed-ion dielectric tensor ====
   10.56     0.00     0.00
    0.00    10.56     0.00
    0.00     0.00    11.51

==== Relaxed-ion elastic tensor [GPa] ====
     189      108       93       -0       -0       -0
     108      189       93        0       -0       -0
      93       93      201       -0        0       -0
      -0        0       -0       37        0       -0
      -0       -0        0        0       37       -0
      -0        0       -0       -0       -0       41

==== Relaxed-ion piezoelectric tensor [C/m²] ====
            1          2          3          4          5          6
Ex      -0.00      -0.00       0.00       0.00      -0.42       0.00
Ey       0.00      -0.00       0.00      -0.42       0.00      -0.00
Ez      -0.56      -0.56       1.08       0.00      -0.00       0.00
