┌ Info: Threading setup: 
│   Threads.nthreads() = 8
│   n_DFTK = 8
│   n_fft = 1
└   n_blas = 8
┌ Warning: Negative ρcore detected: -0.46735480858195655
└ @ DFTK ~/DFTK-mgga/src/terms/xc.jl:39
┌ Warning: Negative τcore detected: -1.7971911439221997
└ @ DFTK ~/DFTK-mgga/src/terms/xc.jl:45
┌ Warning: Exchange-correlation term: the kinetic energy density τ is smaller than the von Weizsäcker kinetic energy density τ_W somewhere. This can lead to unphysical results. This can be caused by pseudopotentials without a non-linear core correction for τ, or by an unphysical initial guess for τ. This message is only logged once.
└ @ DFTK ~/DFTK-mgga/src/terms/xc.jl:408
n     Energy            log10(ΔE)   log10(Δρ)   Diag   Δtime 
---   ---------------   ---------   ---------   ----   ------
  1   -461.3866500643                   -0.42   12.3     827s
  2   -461.5660139351       -0.75       -0.93    6.8     470s
  3   -461.5737511224       -2.11       -1.25    6.4     534s
  4   -461.5762288278       -2.61       -1.99    5.3     460s
  5   -461.5762868621       -4.24       -2.39    4.1     398s
  6   -461.5762878687       -6.00       -3.22    3.5     360s
  7   -461.5762878340   +   -7.46       -3.49    4.0     448s
  8   -461.5762875448   +   -6.54       -3.27    5.5     523s
  9   -461.5762878848       -6.47       -3.84    4.5     435s
 10   -461.5762879117       -7.57       -4.30    5.0     441s
 11   -461.5762879133       -8.79       -4.71    4.5     402s
 12   -461.5762879132   +   -9.75       -4.74    4.6     406s
 13   -461.5762879135       -9.48       -5.44    4.6     403s
 14   -461.5762879135      -11.01       -5.66    5.2     466s
 15   -461.5762879135      -11.26       -6.56    4.7     413s
 16   -461.5762879135   +  -12.47       -6.87    5.3     432s
 17   -461.5762879135      -12.17       -7.39    4.3     359s
 18   -461.5762879135   +  -12.40       -8.33    4.7     390s
All finished!
