Running with index 2
┌ Info: Threading setup: 
│   Threads.nthreads() = 8
│   n_DFTK = 8
│   n_fft = 1
└   n_blas = 8
Loading SCF results...
┌ Warning: Negative ρcore detected: -0.46735480858195655
└ @ DFTK ~/DFTK-mgga/src/terms/xc.jl:39
┌ Warning: Negative τcore detected: -1.7971911439221997
└ @ DFTK ~/DFTK-mgga/src/terms/xc.jl:45
Loaded SCF results.
Loading δψ_dk...
Loaded δψ_dk.
Running DFPT computation...
Iter  Restart  Krydim  log10(res)  avg(CG)  Δtime   Comment
----  -------  ------  ----------  -------  ------  ---------------
                                      32.2   1941s  Non-interacting
   1        0       1        1.52     27.5   2363s  
   2        0       2        0.83     27.5   2239s  
   3        0       3        0.00     25.4   2213s  
   4        0       4       -0.82     22.6   2002s  
   5        0       5       -1.23     22.0   1715s  
   6        0       6       -2.00     20.8   1616s  
   7        0       7       -2.49     18.4   1633s  
   8        0       8       -3.48     17.6   1679s  
   9        0       9       -4.39     13.0   1403s  
  10        0      10       -5.37     11.0   1260s  
  11        0      11       -5.88      8.1    943s  
  12        0      12       -7.02      7.0    903s  
  13        0      13       -8.07      3.0    676s  
  14        1       1       -8.32     31.8   2734s  Restart
                                      30.5   1954s  Final orbitals
Finished DFPT computation.
Computing polarization change
Computing forces change
Computing stress change
┌ Warning: Negative ρcore detected: Dual{ForwardDiff.Tag{DFTK.var"#1369#1370"{StaticArraysCore.SMatrix{3, 3, Float64, 9}, DFTK.var"#HF_energy#1368"{Vector{Vector{Float64}}, Float64, Vector{Matrix{Complex{ForwardDiff.Dual{ForwardDiff.Tag{var"#14#15", Float64}, Float64, 1}}}}, Vector{Vector{Float64}}}}, Float64}}(-0.46735480858195655,0.007164492717939536)
└ @ DFTK ~/DFTK-mgga/src/terms/xc.jl:39
┌ Warning: Negative τcore detected: Dual{ForwardDiff.Tag{DFTK.var"#1369#1370"{StaticArraysCore.SMatrix{3, 3, Float64, 9}, DFTK.var"#HF_energy#1368"{Vector{Vector{Float64}}, Float64, Vector{Matrix{Complex{ForwardDiff.Dual{ForwardDiff.Tag{var"#14#15", Float64}, Float64, 1}}}}, Vector{Vector{Float64}}}}, Float64}}(-1.7971911439221977,-0.0012515497478328141)
└ @ DFTK ~/DFTK-mgga/src/terms/xc.jl:45
┌ Warning: Negative ρcore detected: Dual{ForwardDiff.Tag{DFTK.var"#1369#1370"{StaticArraysCore.SMatrix{3, 3, Float64, 9}, DFTK.var"#HF_energy#1368"{Vector{Vector{Float64}}, Float64, Vector{Matrix{Complex{ForwardDiff.Dual{ForwardDiff.Tag{var"#14#15", Float64}, Float64, 1}}}}, Vector{Vector{Float64}}}}, Float64}}(-0.46735480858195655,0.011054503616981876)
└ @ DFTK ~/DFTK-mgga/src/terms/xc.jl:39
┌ Warning: Negative τcore detected: Dual{ForwardDiff.Tag{DFTK.var"#1369#1370"{StaticArraysCore.SMatrix{3, 3, Float64, 9}, DFTK.var"#HF_energy#1368"{Vector{Vector{Float64}}, Float64, Vector{Matrix{Complex{ForwardDiff.Dual{ForwardDiff.Tag{var"#14#15", Float64}, Float64, 1}}}}, Vector{Vector{Float64}}}}, Float64}}(-1.7971911439221977,-0.0041116929534456)
└ @ DFTK ~/DFTK-mgga/src/terms/xc.jl:45
┌ Warning: Negative ρcore detected: Dual{ForwardDiff.Tag{DFTK.var"#1369#1370"{StaticArraysCore.SMatrix{3, 3, Float64, 9}, DFTK.var"#HF_energy#1368"{Vector{Vector{Float64}}, Float64, Vector{Matrix{Complex{ForwardDiff.Dual{ForwardDiff.Tag{var"#14#15", Float64}, Float64, 1}}}}, Vector{Vector{Float64}}}}, Float64}}(-0.46735480858195655,0.008565455187539761)
└ @ DFTK ~/DFTK-mgga/src/terms/xc.jl:39
┌ Warning: Negative τcore detected: Dual{ForwardDiff.Tag{DFTK.var"#1369#1370"{StaticArraysCore.SMatrix{3, 3, Float64, 9}, DFTK.var"#HF_energy#1368"{Vector{Vector{Float64}}, Float64, Vector{Matrix{Complex{ForwardDiff.Dual{ForwardDiff.Tag{var"#14#15", Float64}, Float64, 1}}}}, Vector{Vector{Float64}}}}, Float64}}(-1.7971911439221977,-0.0008190032731729691)
└ @ DFTK ~/DFTK-mgga/src/terms/xc.jl:45
┌ Warning: Negative ρcore detected: Dual{ForwardDiff.Tag{DFTK.var"#1369#1370"{StaticArraysCore.SMatrix{3, 3, Float64, 9}, DFTK.var"#HF_energy#1368"{Vector{Vector{Float64}}, Float64, Vector{Matrix{Complex{ForwardDiff.Dual{ForwardDiff.Tag{var"#14#15", Float64}, Float64, 1}}}}, Vector{Vector{Float64}}}}, Float64}}(-0.46735480858195655,-0.009696618553767172)
└ @ DFTK ~/DFTK-mgga/src/terms/xc.jl:39
┌ Warning: Negative τcore detected: Dual{ForwardDiff.Tag{DFTK.var"#1369#1370"{StaticArraysCore.SMatrix{3, 3, Float64, 9}, DFTK.var"#HF_energy#1368"{Vector{Vector{Float64}}, Float64, Vector{Matrix{Complex{ForwardDiff.Dual{ForwardDiff.Tag{var"#14#15", Float64}, Float64, 1}}}}, Vector{Vector{Float64}}}}, Float64}}(-1.7971911439221977,-0.0011950486386513338)
└ @ DFTK ~/DFTK-mgga/src/terms/xc.jl:45
┌ Warning: Negative ρcore detected: Dual{ForwardDiff.Tag{DFTK.var"#1369#1370"{StaticArraysCore.SMatrix{3, 3, Float64, 9}, DFTK.var"#HF_energy#1368"{Vector{Vector{Float64}}, Float64, Vector{Matrix{Complex{ForwardDiff.Dual{ForwardDiff.Tag{var"#14#15", Float64}, Float64, 1}}}}, Vector{Vector{Float64}}}}, Float64}}(-0.46735480858195655,-0.007726549105231997)
└ @ DFTK ~/DFTK-mgga/src/terms/xc.jl:39
┌ Warning: Negative τcore detected: Dual{ForwardDiff.Tag{DFTK.var"#1369#1370"{StaticArraysCore.SMatrix{3, 3, Float64, 9}, DFTK.var"#HF_energy#1368"{Vector{Vector{Float64}}, Float64, Vector{Matrix{Complex{ForwardDiff.Dual{ForwardDiff.Tag{var"#14#15", Float64}, Float64, 1}}}}, Vector{Vector{Float64}}}}, Float64}}(-1.7971911439221977,-0.0007251689776014473)
└ @ DFTK ~/DFTK-mgga/src/terms/xc.jl:45
┌ Warning: Negative ρcore detected: Dual{ForwardDiff.Tag{DFTK.var"#1369#1370"{StaticArraysCore.SMatrix{3, 3, Float64, 9}, DFTK.var"#HF_energy#1368"{Vector{Vector{Float64}}, Float64, Vector{Matrix{Complex{ForwardDiff.Dual{ForwardDiff.Tag{var"#14#15", Float64}, Float64, 1}}}}, Vector{Vector{Float64}}}}, Float64}}(-0.46735480858195655,0.008685293445550824)
└ @ DFTK ~/DFTK-mgga/src/terms/xc.jl:39
┌ Warning: Negative τcore detected: Dual{ForwardDiff.Tag{DFTK.var"#1369#1370"{StaticArraysCore.SMatrix{3, 3, Float64, 9}, DFTK.var"#HF_energy#1368"{Vector{Vector{Float64}}, Float64, Vector{Matrix{Complex{ForwardDiff.Dual{ForwardDiff.Tag{var"#14#15", Float64}, Float64, 1}}}}, Vector{Vector{Float64}}}}, Float64}}(-1.7971911439221977,-0.0021533045449795567)
└ @ DFTK ~/DFTK-mgga/src/terms/xc.jl:45
All finished!
