Running with atom index 2 and direction index 1
┌ Info: Threading setup: 
│   Threads.nthreads() = 8
│   n_DFTK = 8
│   n_fft = 1
└   n_blas = 8
Loading SCF results...
┌ Warning: Negative ρcore detected: -0.46735480858195644
└ @ DFTK ~/DFTK-mgga/src/terms/xc.jl:39
┌ Warning: Negative τcore detected: -1.7971911439221997
└ @ DFTK ~/DFTK-mgga/src/terms/xc.jl:45
Loaded SCF results.
Loading δψ_dk...
Loaded δψ_dk.
Computing δHψ...
┌ Warning: Negative ρcore detected: Dual{ForwardDiff.Tag{typeof(Hψ), Float64}}(-0.46735480858195655,-0.09073256698490405)
└ @ DFTK ~/DFTK-mgga/src/terms/xc.jl:39
┌ Warning: Negative τcore detected: Dual{ForwardDiff.Tag{typeof(Hψ), Float64}}(-1.7971911439221977,-0.016068274133869468)
└ @ DFTK ~/DFTK-mgga/src/terms/xc.jl:45
Running DFPT computation...
Iter  Restart  Krydim  log10(res)  avg(CG)  Δtime   Comment
----  -------  ------  ----------  -------  ------  ---------------
                                      35.0   2237s  Non-interacting
   1        0       1        2.61     34.4   3032s  
   2        0       2        1.83     30.3   2445s  
   3        0       3        1.01     28.8   2304s  
   4        0       4        0.36     26.2   2152s  
   5        0       5       -0.70     25.3   2034s  
   6        0       6       -1.01     21.7   1825s  
   7        0       7       -1.59     21.4   1788s  
   8        0       8       -1.90     19.6   1550s  
   9        0       9       -2.72     19.4   1548s  
  10        0      10       -3.12     16.0   1361s  
  11        0      11       -3.83     15.5   1340s  
  12        0      12       -4.60     13.0   1197s  
  13        0      13       -5.09     11.2   1118s  
  14        0      14       -6.17      9.8   1030s  
  15        0      15       -7.31      6.0    821s  
  16        0      16       -7.87      3.0    747s  
  17        0      17       -8.52      1.0    625s  
  18        1       1       -7.74     35.2   3243s  Restart
  19        1       2       -8.32      8.3   1074s  
                                      34.2   2503s  Final orbitals
Finished DFPT computation.
Computing polarization change
Computing forces and stress changes
┌ Warning: Negative ρcore detected: Dual{ForwardDiff.Tag{typeof(force_and_stress), Float64}}(-0.46735480858195655,-0.09073256698490405)
└ @ DFTK ~/DFTK-mgga/src/terms/xc.jl:39
┌ Warning: Negative τcore detected: Dual{ForwardDiff.Tag{typeof(force_and_stress), Float64}}(-1.7971911439221977,-0.016068274133869468)
└ @ DFTK ~/DFTK-mgga/src/terms/xc.jl:45
┌ Warning: Negative ρcore detected: Dual{ForwardDiff.Tag{DFTK.var"#1369#1370"{StaticArraysCore.SMatrix{3, 3, ForwardDiff.Dual{ForwardDiff.Tag{typeof(force_and_stress), Float64}, Float64, 1}, 9}, DFTK.var"#HF_energy#1368"{Vector{Vector{Float64}}, Float64, Vector{Matrix{Complex{ForwardDiff.Dual{ForwardDiff.Tag{typeof(force_and_stress), Float64}, Float64, 1}}}}, Vector{Vector{Float64}}}}, ForwardDiff.Dual{ForwardDiff.Tag{typeof(force_and_stress), Float64}, Float64, 1}}}(Dual{ForwardDiff.Tag{typeof(force_and_stress), Float64}}(-0.4673548085819566,-0.09073256698490499),Dual{ForwardDiff.Tag{typeof(force_and_stress), Float64}}(0.0071644927179395634,-17.504073718017814))
└ @ DFTK ~/DFTK-mgga/src/terms/xc.jl:39
┌ Warning: Negative τcore detected: Dual{ForwardDiff.Tag{DFTK.var"#1369#1370"{StaticArraysCore.SMatrix{3, 3, ForwardDiff.Dual{ForwardDiff.Tag{typeof(force_and_stress), Float64}, Float64, 1}, 9}, DFTK.var"#HF_energy#1368"{Vector{Vector{Float64}}, Float64, Vector{Matrix{Complex{ForwardDiff.Dual{ForwardDiff.Tag{typeof(force_and_stress), Float64}, Float64, 1}}}}, Vector{Vector{Float64}}}}, ForwardDiff.Dual{ForwardDiff.Tag{typeof(force_and_stress), Float64}, Float64, 1}}}(Dual{ForwardDiff.Tag{typeof(force_and_stress), Float64}}(-1.7971911439221997,-0.016068274133852364),Dual{ForwardDiff.Tag{typeof(force_and_stress), Float64}}(-0.001251549747832592,114.78183834586775))
└ @ DFTK ~/DFTK-mgga/src/terms/xc.jl:45
┌ Warning: Negative ρcore detected: Dual{ForwardDiff.Tag{DFTK.var"#1369#1370"{StaticArraysCore.SMatrix{3, 3, ForwardDiff.Dual{ForwardDiff.Tag{typeof(force_and_stress), Float64}, Float64, 1}, 9}, DFTK.var"#HF_energy#1368"{Vector{Vector{Float64}}, Float64, Vector{Matrix{Complex{ForwardDiff.Dual{ForwardDiff.Tag{typeof(force_and_stress), Float64}, Float64, 1}}}}, Vector{Vector{Float64}}}}, ForwardDiff.Dual{ForwardDiff.Tag{typeof(force_and_stress), Float64}, Float64, 1}}}(Dual{ForwardDiff.Tag{typeof(force_and_stress), Float64}}(-0.4673548085819566,-0.09073256698490499),Dual{ForwardDiff.Tag{typeof(force_and_stress), Float64}}(0.011054503616981654,-26.54715596116161))
└ @ DFTK ~/DFTK-mgga/src/terms/xc.jl:39
┌ Warning: Negative τcore detected: Dual{ForwardDiff.Tag{DFTK.var"#1369#1370"{StaticArraysCore.SMatrix{3, 3, ForwardDiff.Dual{ForwardDiff.Tag{typeof(force_and_stress), Float64}, Float64, 1}, 9}, DFTK.var"#HF_energy#1368"{Vector{Vector{Float64}}, Float64, Vector{Matrix{Complex{ForwardDiff.Dual{ForwardDiff.Tag{typeof(force_and_stress), Float64}, Float64, 1}}}}, Vector{Vector{Float64}}}}, ForwardDiff.Dual{ForwardDiff.Tag{typeof(force_and_stress), Float64}, Float64, 1}}}(Dual{ForwardDiff.Tag{typeof(force_and_stress), Float64}}(-1.7971911439221997,-0.016068274133852364),Dual{ForwardDiff.Tag{typeof(force_and_stress), Float64}}(-0.004111692953444601,208.70921359270716))
└ @ DFTK ~/DFTK-mgga/src/terms/xc.jl:45
┌ Warning: Negative ρcore detected: Dual{ForwardDiff.Tag{DFTK.var"#1369#1370"{StaticArraysCore.SMatrix{3, 3, ForwardDiff.Dual{ForwardDiff.Tag{typeof(force_and_stress), Float64}, Float64, 1}, 9}, DFTK.var"#HF_energy#1368"{Vector{Vector{Float64}}, Float64, Vector{Matrix{Complex{ForwardDiff.Dual{ForwardDiff.Tag{typeof(force_and_stress), Float64}, Float64, 1}}}}, Vector{Vector{Float64}}}}, ForwardDiff.Dual{ForwardDiff.Tag{typeof(force_and_stress), Float64}, Float64, 1}}}(Dual{ForwardDiff.Tag{typeof(force_and_stress), Float64}}(-0.4673548085819566,-0.09073256698490499),Dual{ForwardDiff.Tag{typeof(force_and_stress), Float64}}(0.008565455187539844,-20.90343172986638))
└ @ DFTK ~/DFTK-mgga/src/terms/xc.jl:39
┌ Warning: Negative τcore detected: Dual{ForwardDiff.Tag{DFTK.var"#1369#1370"{StaticArraysCore.SMatrix{3, 3, ForwardDiff.Dual{ForwardDiff.Tag{typeof(force_and_stress), Float64}, Float64, 1}, 9}, DFTK.var"#HF_energy#1368"{Vector{Vector{Float64}}, Float64, Vector{Matrix{Complex{ForwardDiff.Dual{ForwardDiff.Tag{typeof(force_and_stress), Float64}, Float64, 1}}}}, Vector{Vector{Float64}}}}, ForwardDiff.Dual{ForwardDiff.Tag{typeof(force_and_stress), Float64}, Float64, 1}}}(Dual{ForwardDiff.Tag{typeof(force_and_stress), Float64}}(-1.7971911439221997,-0.016068274133852364),Dual{ForwardDiff.Tag{typeof(force_and_stress), Float64}}(-0.0008190032731729691,18.944395131316003))
└ @ DFTK ~/DFTK-mgga/src/terms/xc.jl:45
┌ Warning: Negative ρcore detected: Dual{ForwardDiff.Tag{DFTK.var"#1369#1370"{StaticArraysCore.SMatrix{3, 3, ForwardDiff.Dual{ForwardDiff.Tag{typeof(force_and_stress), Float64}, Float64, 1}, 9}, DFTK.var"#HF_energy#1368"{Vector{Vector{Float64}}, Float64, Vector{Matrix{Complex{ForwardDiff.Dual{ForwardDiff.Tag{typeof(force_and_stress), Float64}, Float64, 1}}}}, Vector{Vector{Float64}}}}, ForwardDiff.Dual{ForwardDiff.Tag{typeof(force_and_stress), Float64}, Float64, 1}}}(Dual{ForwardDiff.Tag{typeof(force_and_stress), Float64}}(-0.4673548085819566,-0.09073256698490499),Dual{ForwardDiff.Tag{typeof(force_and_stress), Float64}}(-0.009696618553767293,23.553351548681466))
└ @ DFTK ~/DFTK-mgga/src/terms/xc.jl:39
┌ Warning: Negative τcore detected: Dual{ForwardDiff.Tag{DFTK.var"#1369#1370"{StaticArraysCore.SMatrix{3, 3, ForwardDiff.Dual{ForwardDiff.Tag{typeof(force_and_stress), Float64}, Float64, 1}, 9}, DFTK.var"#HF_energy#1368"{Vector{Vector{Float64}}, Float64, Vector{Matrix{Complex{ForwardDiff.Dual{ForwardDiff.Tag{typeof(force_and_stress), Float64}, Float64, 1}}}}, Vector{Vector{Float64}}}}, ForwardDiff.Dual{ForwardDiff.Tag{typeof(force_and_stress), Float64}, Float64, 1}}}(Dual{ForwardDiff.Tag{typeof(force_and_stress), Float64}}(-1.7971911439221997,-0.016068274133852364),Dual{ForwardDiff.Tag{typeof(force_and_stress), Float64}}(-0.0011950486386534322,62.7104767322871))
└ @ DFTK ~/DFTK-mgga/src/terms/xc.jl:45
┌ Warning: Negative ρcore detected: Dual{ForwardDiff.Tag{DFTK.var"#1369#1370"{StaticArraysCore.SMatrix{3, 3, ForwardDiff.Dual{ForwardDiff.Tag{typeof(force_and_stress), Float64}, Float64, 1}, 9}, DFTK.var"#HF_energy#1368"{Vector{Vector{Float64}}, Float64, Vector{Matrix{Complex{ForwardDiff.Dual{ForwardDiff.Tag{typeof(force_and_stress), Float64}, Float64, 1}}}}, Vector{Vector{Float64}}}}, ForwardDiff.Dual{ForwardDiff.Tag{typeof(force_and_stress), Float64}, Float64, 1}}}(Dual{ForwardDiff.Tag{typeof(force_and_stress), Float64}}(-0.4673548085819566,-0.09073256698490499),Dual{ForwardDiff.Tag{typeof(force_and_stress), Float64}}(-0.007726549105231816,19.137027027765463))
└ @ DFTK ~/DFTK-mgga/src/terms/xc.jl:39
┌ Warning: Negative τcore detected: Dual{ForwardDiff.Tag{DFTK.var"#1369#1370"{StaticArraysCore.SMatrix{3, 3, ForwardDiff.Dual{ForwardDiff.Tag{typeof(force_and_stress), Float64}, Float64, 1}, 9}, DFTK.var"#HF_energy#1368"{Vector{Vector{Float64}}, Float64, Vector{Matrix{Complex{ForwardDiff.Dual{ForwardDiff.Tag{typeof(force_and_stress), Float64}, Float64, 1}}}}, Vector{Vector{Float64}}}}, ForwardDiff.Dual{ForwardDiff.Tag{typeof(force_and_stress), Float64}, Float64, 1}}}(Dual{ForwardDiff.Tag{typeof(force_and_stress), Float64}}(-1.7971911439221997,-0.016068274133852364),Dual{ForwardDiff.Tag{typeof(force_and_stress), Float64}}(-0.000725168977599271,46.821830840330996))
└ @ DFTK ~/DFTK-mgga/src/terms/xc.jl:45
┌ Warning: Negative ρcore detected: Dual{ForwardDiff.Tag{DFTK.var"#1369#1370"{StaticArraysCore.SMatrix{3, 3, ForwardDiff.Dual{ForwardDiff.Tag{typeof(force_and_stress), Float64}, Float64, 1}, 9}, DFTK.var"#HF_energy#1368"{Vector{Vector{Float64}}, Float64, Vector{Matrix{Complex{ForwardDiff.Dual{ForwardDiff.Tag{typeof(force_and_stress), Float64}, Float64, 1}}}}, Vector{Vector{Float64}}}}, ForwardDiff.Dual{ForwardDiff.Tag{typeof(force_and_stress), Float64}, Float64, 1}}}(Dual{ForwardDiff.Tag{typeof(force_and_stress), Float64}}(-0.4673548085819566,-0.09073256698490499),Dual{ForwardDiff.Tag{typeof(force_and_stress), Float64}}(0.008685293445550852,-21.562152562300373))
└ @ DFTK ~/DFTK-mgga/src/terms/xc.jl:39
┌ Warning: Negative τcore detected: Dual{ForwardDiff.Tag{DFTK.var"#1369#1370"{StaticArraysCore.SMatrix{3, 3, ForwardDiff.Dual{ForwardDiff.Tag{typeof(force_and_stress), Float64}, Float64, 1}, 9}, DFTK.var"#HF_energy#1368"{Vector{Vector{Float64}}, Float64, Vector{Matrix{Complex{ForwardDiff.Dual{ForwardDiff.Tag{typeof(force_and_stress), Float64}, Float64, 1}}}}, Vector{Vector{Float64}}}}, ForwardDiff.Dual{ForwardDiff.Tag{typeof(force_and_stress), Float64}, Float64, 1}}}(Dual{ForwardDiff.Tag{typeof(force_and_stress), Float64}}(-1.7971911439221997,-0.016068274133852364),Dual{ForwardDiff.Tag{typeof(force_and_stress), Float64}}(-0.0021533045449800437,154.8271176855798))
└ @ DFTK ~/DFTK-mgga/src/terms/xc.jl:45
All finished!
