┌ Info: Threading setup: 
│   Threads.nthreads() = 1
│   n_DFTK = 1
│   n_fft = 1
└   n_blas = 1

==== Structural properties ====
Prop     Val
---- -------
a    3.232 Å
c    5.208 Å
u    0.379

==== Phonon modes (LO only) ====
Mode Freq [cm⁻¹] Freq [THz]
---- ----------- ----------
   1        -0.0      -0.00
   2         0.0       0.00
   3         0.0       0.00
   4        93.6       2.81
   5        93.9       2.81
   6       257.4       7.72
   7       363.5      10.90
   8       396.9      11.90
   9       397.1      11.91
  10       428.3      12.84
  11       428.5      12.84
  12       537.8      16.12

==== Clamped-ion dielectric tensor ====
    4.30    -0.00    -0.00
   -0.00     4.30     0.00
   -0.00     0.00     4.35

==== Clamped-ion elastic tensor [GPa] ====
     280       99       72       -0        0        0
      99      280       72        0       -0        0
      72       72      302       -0       -0        0
      -0        0       -0       57        0        0
       0        0       -0        0       57       -0
       0        0        0        0       -0       91

==== Born effective charges [e] ====
Mismatch between 2 routes: 1.30e-10 (absolute) 6.07e-11 (relative)
Printing average
Atom 1          x          y          z
    Ex      2.094     -0.000      0.000
    Ey     -0.000      2.094     -0.000
    Ez      0.000     -0.000      2.144
Atom 2          x          y          z
    Ex      2.094     -0.000     -0.000
    Ey     -0.000      2.094      0.000
    Ez     -0.000      0.000      2.144
Atom 3          x          y          z
    Ex     -2.094      0.000      0.000
    Ey      0.000     -2.094     -0.000
    Ez      0.000     -0.000     -2.144
Atom 4          x          y          z
    Ex     -2.094      0.000     -0.000
    Ey      0.000     -2.094      0.000
    Ez     -0.000      0.000     -2.144

==== Force-response internal strain [Ha/bohr] ====
Mismatch between 2 routes: 1.12e-05 (absolute) 6.46e-05 (relative)
Printing average
Atom 1          1          2          3          4          5          6
     x      0.001      0.000     -0.000     -0.000     -0.087     -0.138
     y     -0.138      0.138      0.000     -0.087     -0.000      0.000
     z     -0.087     -0.087      0.173     -0.000      0.000     -0.000
Atom 2          1          2          3          4          5          6
     x     -0.001     -0.000      0.000     -0.000     -0.087      0.138
     y      0.138     -0.138     -0.000     -0.087     -0.000     -0.000
     z     -0.087     -0.087      0.173      0.000     -0.000     -0.000
Atom 3          1          2          3          4          5          6
     x     -0.000     -0.000     -0.000      0.000      0.087     -0.158
     y     -0.158      0.158      0.000      0.087      0.000      0.000
     z      0.087      0.087     -0.173     -0.000      0.000      0.000
Atom 4          1          2          3          4          5          6
     x      0.000      0.000      0.000      0.000      0.087      0.158
     y      0.158     -0.158     -0.000      0.087      0.000     -0.000
     z      0.087      0.087     -0.173      0.000     -0.000      0.000

==== Clamped-ion piezoelectric tensor [C/m²] ====
Mismatch between 2 routes: 5.19e-11 (absolute) 7.41e-11 (relative)
Printing average
            1          2          3          4          5          6
Ex      -0.00      -0.00       0.00      -0.00       0.37       0.00
Ey       0.00      -0.00      -0.00       0.37      -0.00      -0.00
Ez       0.35       0.35      -0.70      -0.00       0.00       0.00

==== Relaxed-ion dielectric tensor ====
    8.82    -0.00    -0.00
   -0.00     8.82    -0.00
   -0.00    -0.00    10.01

==== Relaxed-ion elastic tensor [GPa] ====
     209      127      115       -0        0        0
     127      209      115        0        0        0
     115      115      216       -0        0        0
      -0        0       -0       39        0        0
       0        0        0        0       39       -0
       0        0        0        0       -0       41

==== Relaxed-ion piezoelectric tensor [C/m²] ====
            1          2          3          4          5          6
Ex       0.00      -0.00       0.00       0.00      -0.49       0.00
Ey       0.00      -0.00      -0.00      -0.49       0.00       0.00
Ez      -0.70      -0.70       1.38       0.00       0.00      -0.00
