┌ Info: Threading setup: 
│   Threads.nthreads() = 8
│   n_DFTK = 8
│   n_fft = 1
└   n_blas = 8
┌ Warning: Negative ρcore detected: -4.878474089304274e-8
└ @ DFTK ~/DFTK-mgga/src/terms/xc.jl:39
n     Energy            log10(ΔE)   log10(Δρ)   Diag   Δtime 
---   ---------------   ---------   ---------   ----   ------
  1   -450.7022864021                   -0.41   12.2     371s
  2   -450.9030063005       -0.70       -0.87    7.9     204s
  3   -450.9150594714       -1.92       -1.23    7.9     232s
  4   -450.9190272216       -2.40       -1.81    7.2     205s
  5   -450.9191921005       -3.78       -2.33    5.8     166s
  6   -450.9192089320       -4.77       -3.00    6.3     185s
  7   -450.9192095643       -6.20       -3.64    6.3     192s
  8   -450.9192095721       -8.11       -3.79    6.5     192s
  9   -450.9192095740       -8.73       -3.85    6.3     186s
 10   -450.9192095970       -7.64       -4.50    6.3     186s
 11   -450.9192095980       -9.01       -4.97    5.8     176s
 12   -450.9192095981      -10.00       -5.24    6.4     197s
 13   -450.9192095981      -10.94       -5.36    5.2     160s
 14   -450.9192095981      -10.66       -6.07    5.8     179s
 15   -450.9192095981      -12.07       -6.83    6.2     194s
 16   -450.9192095981   +    -Inf       -7.31    5.9     194s
 17   -450.9192095981   +  -12.29       -8.46    6.1     188s
All finished!
