┌ Info: Threading setup: 
│   Threads.nthreads() = 1
│   n_DFTK = 1
│   n_fft = 1
└   n_blas = 1

==== Structural properties ====
Prop     Val
---- -------
a    3.184 Å
c    5.146 Å
u    0.379

==== Phonon modes (LO only) ====
Mode Freq [cm⁻¹] Freq [THz]
---- ----------- ----------
   1        -0.0      -0.00
   2        -0.0      -0.00
   3         0.0       0.00
   4        90.6       2.72
   5        90.6       2.72
   6       262.1       7.86
   7       393.7      11.80
   8       412.6      12.37
   9       412.6      12.37
  10       444.7      13.33
  11       444.7      13.33
  12       556.4      16.68

==== Clamped-ion dielectric tensor ====
    5.10     0.00    -0.00
    0.00     5.10     0.00
   -0.00     0.00     5.09

==== Clamped-ion elastic tensor [GPa] ====
     304      107       76       -0        0       -0
     107      304       76        0        0       -0
      76       76      333        0        0       -0
      -0        0        0       60        0        0
       0        0        0        0       60       -0
      -0       -0        0        0       -0       98

==== Born effective charges [e] ====
Mismatch between 2 routes: 1.93e-10 (absolute) 9.04e-11 (relative)
Printing average
Atom 1          x          y          z
    Ex      2.085      0.000     -0.000
    Ey      0.000      2.085      0.000
    Ez     -0.000     -0.000      2.140
Atom 2          x          y          z
    Ex      2.085      0.000      0.000
    Ey      0.000      2.085     -0.000
    Ez      0.000      0.000      2.140
Atom 3          x          y          z
    Ex     -2.085     -0.000      0.000
    Ey     -0.000     -2.085      0.000
    Ez      0.000      0.000     -2.140
Atom 4          x          y          z
    Ex     -2.085     -0.000      0.000
    Ey     -0.000     -2.085     -0.000
    Ez      0.000     -0.000     -2.140

==== Force-response internal strain [Ha/bohr] ====
Mismatch between 2 routes: 1.06e-06 (absolute) 5.52e-06 (relative)
Printing average
Atom 1          1          2          3          4          5          6
     x     -0.000      0.000      0.000     -0.000     -0.097     -0.152
     y     -0.152      0.152     -0.000     -0.097     -0.000     -0.000
     z     -0.098     -0.098      0.192      0.000      0.000      0.000
Atom 2          1          2          3          4          5          6
     x      0.000      0.000      0.000      0.000     -0.097      0.152
     y      0.152     -0.152      0.000     -0.097      0.000      0.000
     z     -0.098     -0.098      0.192     -0.000     -0.000     -0.000
Atom 3          1          2          3          4          5          6
     x      0.000     -0.000     -0.000      0.000      0.097     -0.171
     y     -0.171      0.171     -0.000      0.097     -0.000      0.000
     z      0.098      0.098     -0.192     -0.000     -0.000     -0.000
Atom 4          1          2          3          4          5          6
     x     -0.000     -0.000     -0.000      0.000      0.097      0.171
     y      0.171     -0.171      0.000      0.097      0.000     -0.000
     z      0.098      0.098     -0.192      0.000      0.000      0.000

==== Clamped-ion piezoelectric tensor [C/m²] ====
Mismatch between 2 routes: 3.27e-10 (absolute) 4.54e-10 (relative)
Printing average
            1          2          3          4          5          6
Ex       0.00       0.00       0.00       0.00       0.38       0.00
Ey       0.00      -0.00       0.00       0.38      -0.00       0.00
Ez       0.35       0.35      -0.72       0.00       0.00       0.00

==== Relaxed-ion dielectric tensor ====
    9.43    -0.00     0.00
   -0.00     9.43     0.00
    0.00     0.00    10.10

==== Relaxed-ion elastic tensor [GPa] ====
     222      140      124       -0       -0       -0
     140      222      124        0        0       -0
     124      124      239       -0        0        0
      -0        0       -0       38        0       -0
      -0        0        0        0       38       -0
      -0        0        0       -0       -0       41

==== Relaxed-ion piezoelectric tensor [C/m²] ====
            1          2          3          4          5          6
Ex      -0.00       0.00       0.00       0.00      -0.54       0.00
Ey       0.00      -0.00       0.00      -0.54       0.00      -0.00
Ez      -0.69      -0.69       1.32       0.00      -0.00       0.00
