┌ Info: Threading setup: 
│   Threads.nthreads() = 8
│   n_DFTK = 8
│   n_fft = 1
└   n_blas = 8
┌ Warning: Negative ρcore detected: -1.991029385379531e-8
└ @ DFTK ~/DFTK-mgga/src/terms/xc.jl:39
n     Energy            log10(ΔE)   log10(Δρ)   Diag   Δtime 
---   ---------------   ---------   ---------   ----   ------
  1   -136.8854901348                   -0.27   26.2     222s
  2   -126.0948117928   +    1.03        0.33   12.1     151s
┌ Warning: Eigensolver not converged
│   n_iter =
│    512-element Vector{Int64}:
│     12
│     16
│     17
│     24
│      ⋮
│     17
│     19
│     17
└ @ DFTK ~/DFTK-mgga/src/scf/self_consistent_field.jl:81
  3   -136.1968565421        1.00       -0.09   19.3     219s
  4   -136.7704443041       -0.24       -0.23   13.0     148s
  5   -137.2269421979       -0.34       -0.50   12.5     136s
  6   -137.3260246930       -1.00       -0.68   11.4     114s
  7   -137.3849605639       -1.23       -1.34   10.0     112s
  8   -137.3877431615       -2.56       -1.76    7.6    89.1s
  9   -137.3871833371   +   -3.25       -1.56    7.6    89.0s
 10   -137.3880781112       -3.05       -2.33    8.1    92.8s
 11   -137.3880945781       -4.78       -3.17    7.8    94.8s
 12   -137.3880935472   +   -5.99       -2.99    9.7     109s
 13   -137.3880896496   +   -5.41       -2.72    9.6     111s
 14   -137.3880945832       -5.31       -3.27    9.9     104s
 15   -137.3880942565   +   -6.49       -3.12    5.4    72.9s
 16   -137.3880939584   +   -6.53       -2.97    7.3    79.8s
 17   -137.3880945229       -6.25       -3.23    8.0    91.5s
 18   -137.3880947974       -6.56       -3.66    5.5    71.8s
 19   -137.3880948283       -7.51       -4.24    6.6    81.0s
 20   -137.3880948308       -8.59       -5.05    7.0    89.3s
 21   -137.3880948309      -10.19       -5.89    6.8    90.1s
 22   -137.3880948309      -11.77       -6.55    7.8    93.0s
 23   -137.3880948309      -13.07       -7.26    8.1    95.1s
 24   -137.3880948309      -12.94       -7.85    7.6    96.0s
 25   -137.3880948309   +  -13.25       -8.48    7.4    98.6s
All finished!
