Running with index 6
┌ Info: Threading setup: 
│   Threads.nthreads() = 8
│   n_DFTK = 8
│   n_fft = 1
└   n_blas = 8
Loading SCF results...
┌ Warning: Negative ρcore detected: -1.991029385379531e-8
└ @ DFTK ~/DFTK-mgga/src/terms/xc.jl:39
Loaded SCF results.
Loading δψ_dk...
Loaded δψ_dk.
Computing δHψ...
┌ Warning: Negative ρcore detected: Dual{ForwardDiff.Tag{var"#5#6", Float64}}(-1.9910293817641425e-8,6.795036584568402e-8)
└ @ DFTK ~/DFTK-mgga/src/terms/xc.jl:39
Running DFPT computation...
Iter  Restart  Krydim  log10(res)  avg(CG)  Δtime   Comment
----  -------  ------  ----------  -------  ------  ---------------
                                      37.4    447s  Non-interacting
   1        0       1        1.05     29.2    383s  
   2        0       2        0.62     28.1    359s  
   3        0       3       -0.02     26.9    335s  
   4        0       4       -0.67     24.3    314s  
   5        0       5       -1.42     22.2    292s  
   6        0       6       -2.16     20.0    286s  
   7        0       7       -2.85     17.7    234s  
   8        0       8       -3.82     15.0    191s  
   9        0       9       -4.59     12.0    156s  
  10        0      10       -5.22      9.2    123s  
  11        0      11       -5.57      8.1    112s  
  12        0      12       -6.34      7.0   94.9s  
  13        0      13       -6.56      4.0   61.2s  
  14        0      14       -7.43      4.0   60.5s  
  15        0      15       -8.45      1.0   34.3s  
  16        1       1       -7.93     33.4    421s  Restart
  17        1       2       -8.47      6.9   92.0s  
                                      32.4    398s  Final orbitals
Finished DFPT computation.
Computing polarization change
Computing forces and stress changes
┌ Warning: Negative ρcore detected: Dual{ForwardDiff.Tag{typeof(force_and_stress), Float64}}(-1.9910293817641425e-8,6.795036584568402e-8)
└ @ DFTK ~/DFTK-mgga/src/terms/xc.jl:39
┌ Warning: Negative ρcore detected: Dual{ForwardDiff.Tag{DFTK.var"#1369#1370"{StaticArraysCore.SMatrix{3, 3, ForwardDiff.Dual{ForwardDiff.Tag{typeof(force_and_stress), Float64}, Float64, 1}, 9}, DFTK.var"#HF_energy#1368"{Vector{Vector{Float64}}, Float64, Vector{Matrix{Complex{ForwardDiff.Dual{ForwardDiff.Tag{typeof(force_and_stress), Float64}, Float64, 1}}}}, Vector{Vector{Float64}}}}, ForwardDiff.Dual{ForwardDiff.Tag{typeof(force_and_stress), Float64}, Float64, 1}}}(Dual{ForwardDiff.Tag{typeof(force_and_stress), Float64}}(-1.9910293808920533e-8,4.2980509284119684e-8),Dual{ForwardDiff.Tag{typeof(force_and_stress), Float64}}(-1.1407940635387979e-7,-8.96708629194981e-6))
└ @ DFTK ~/DFTK-mgga/src/terms/xc.jl:39
┌ Warning: Negative ρcore detected: Dual{ForwardDiff.Tag{DFTK.var"#1369#1370"{StaticArraysCore.SMatrix{3, 3, ForwardDiff.Dual{ForwardDiff.Tag{typeof(force_and_stress), Float64}, Float64, 1}, 9}, DFTK.var"#HF_energy#1368"{Vector{Vector{Float64}}, Float64, Vector{Matrix{Complex{ForwardDiff.Dual{ForwardDiff.Tag{typeof(force_and_stress), Float64}, Float64, 1}}}}, Vector{Vector{Float64}}}}, ForwardDiff.Dual{ForwardDiff.Tag{typeof(force_and_stress), Float64}, Float64, 1}}}(Dual{ForwardDiff.Tag{typeof(force_and_stress), Float64}}(-1.9910293808920533e-8,4.2980509284119684e-8),Dual{ForwardDiff.Tag{typeof(force_and_stress), Float64}}(-6.7843275162450115e-9,-3.595097924907705e-6))
└ @ DFTK ~/DFTK-mgga/src/terms/xc.jl:39
┌ Warning: Negative ρcore detected: Dual{ForwardDiff.Tag{DFTK.var"#1369#1370"{StaticArraysCore.SMatrix{3, 3, ForwardDiff.Dual{ForwardDiff.Tag{typeof(force_and_stress), Float64}, Float64, 1}, 9}, DFTK.var"#HF_energy#1368"{Vector{Vector{Float64}}, Float64, Vector{Matrix{Complex{ForwardDiff.Dual{ForwardDiff.Tag{typeof(force_and_stress), Float64}, Float64, 1}}}}, Vector{Vector{Float64}}}}, ForwardDiff.Dual{ForwardDiff.Tag{typeof(force_and_stress), Float64}, Float64, 1}}}(Dual{ForwardDiff.Tag{typeof(force_and_stress), Float64}}(-1.9910293808920533e-8,4.2980509284119684e-8),Dual{ForwardDiff.Tag{typeof(force_and_stress), Float64}}(5.315006102470287e-9,-5.649926485394857e-6))
└ @ DFTK ~/DFTK-mgga/src/terms/xc.jl:39
┌ Warning: Negative ρcore detected: Dual{ForwardDiff.Tag{DFTK.var"#1369#1370"{StaticArraysCore.SMatrix{3, 3, ForwardDiff.Dual{ForwardDiff.Tag{typeof(force_and_stress), Float64}, Float64, 1}, 9}, DFTK.var"#HF_energy#1368"{Vector{Vector{Float64}}, Float64, Vector{Matrix{Complex{ForwardDiff.Dual{ForwardDiff.Tag{typeof(force_and_stress), Float64}, Float64, 1}}}}, Vector{Vector{Float64}}}}, ForwardDiff.Dual{ForwardDiff.Tag{typeof(force_and_stress), Float64}, Float64, 1}}}(Dual{ForwardDiff.Tag{typeof(force_and_stress), Float64}}(-1.9910293808920533e-8,4.2980509284119684e-8),Dual{ForwardDiff.Tag{typeof(force_and_stress), Float64}}(-6.860965468082535e-10,-4.630747871122501e-6))
└ @ DFTK ~/DFTK-mgga/src/terms/xc.jl:39
┌ Warning: Negative ρcore detected: Dual{ForwardDiff.Tag{DFTK.var"#1369#1370"{StaticArraysCore.SMatrix{3, 3, ForwardDiff.Dual{ForwardDiff.Tag{typeof(force_and_stress), Float64}, Float64, 1}, 9}, DFTK.var"#HF_energy#1368"{Vector{Vector{Float64}}, Float64, Vector{Matrix{Complex{ForwardDiff.Dual{ForwardDiff.Tag{typeof(force_and_stress), Float64}, Float64, 1}}}}, Vector{Vector{Float64}}}}, ForwardDiff.Dual{ForwardDiff.Tag{typeof(force_and_stress), Float64}, Float64, 1}}}(Dual{ForwardDiff.Tag{typeof(force_and_stress), Float64}}(-1.9910293808920533e-8,4.2980509284119684e-8),Dual{ForwardDiff.Tag{typeof(force_and_stress), Float64}}(4.8876685719391716e-8,3.7522965006742633e-6))
└ @ DFTK ~/DFTK-mgga/src/terms/xc.jl:39
┌ Warning: Negative ρcore detected: Dual{ForwardDiff.Tag{DFTK.var"#1369#1370"{StaticArraysCore.SMatrix{3, 3, ForwardDiff.Dual{ForwardDiff.Tag{typeof(force_and_stress), Float64}, Float64, 1}, 9}, DFTK.var"#HF_energy#1368"{Vector{Vector{Float64}}, Float64, Vector{Matrix{Complex{ForwardDiff.Dual{ForwardDiff.Tag{typeof(force_and_stress), Float64}, Float64, 1}}}}, Vector{Vector{Float64}}}}, ForwardDiff.Dual{ForwardDiff.Tag{typeof(force_and_stress), Float64}, Float64, 1}}}(Dual{ForwardDiff.Tag{typeof(force_and_stress), Float64}}(-1.9910293808920533e-8,4.2980509284119684e-8),Dual{ForwardDiff.Tag{typeof(force_and_stress), Float64}}(4.298050929745028e-8,3.2864880361385746e-6))
└ @ DFTK ~/DFTK-mgga/src/terms/xc.jl:39
All finished!
