┌ Info: Threading setup: 
│   Threads.nthreads() = 1
│   n_DFTK = 1
│   n_fft = 1
└   n_blas = 1

==== Structural properties ====
Prop     Val
---- -------
a    4.063 Å
α    89.69°
Absolute displacements:
TiΔz 0.104 Å
O Δy 0.037 Å
O Δz -0.141 Å
Relative displacements:
TiΔx 0.015
O Δx -0.016
O Δz -0.027

==== Phonon modes (LO only) ====
Mode Freq [cm⁻¹] Freq [THz]
---- ----------- ----------
   1        -0.0      -0.00
   2         0.0       0.00
   3         0.0       0.00
   4       155.0       4.65
   5       155.0       4.65
   6       158.0       4.74
   7       268.0       8.03
   8       268.0       8.03
   9       268.9       8.06
  10       293.2       8.79
  11       293.2       8.79
  12       314.9       9.44
  13       462.0      13.85
  14       462.0      13.85
  15       541.5      16.23

==== Clamped-ion dielectric tensor ====
    5.68    -0.00    -0.00
   -0.00     5.68     0.00
   -0.00     0.00     5.03

==== Clamped-ion elastic tensor [GPa] ====
     302       95       79       -9       -0        0
      95      302       79        9       -0        0
      79       79      270       -0       -0       -0
      -9        9        0       88       -0       -0
      -0       -0       -0       -0       88       -9
       0        0       -0       -0       -9      104

==== Born effective charges [e] ====
Mismatch between 2 routes: 2.48e-09 (absolute) 4.02e-10 (relative)
Printing average
Atom 1          x          y          z
    Ex      2.806     -0.000     -0.000
    Ey     -0.000      2.806     -0.000
    Ez     -0.000     -0.000      2.719
Atom 2          x          y          z
    Ex      6.163     -0.000      0.000
    Ey     -0.000      6.163      0.000
    Ez     -0.000      0.000      4.805
Atom 3          x          y          z
    Ex     -1.878      0.000     -0.000
    Ey      0.000     -4.101      1.316
    Ez     -0.000      1.044     -2.508
Atom 4          x          y          z
    Ex     -3.546     -0.963     -1.139
    Ey     -0.963     -2.434     -0.658
    Ez     -0.904     -0.522     -2.508
Atom 5          x          y          z
    Ex     -3.546      0.963      1.139
    Ey      0.963     -2.434     -0.658
    Ez      0.904     -0.522     -2.508

==== Force-response internal strain [Ha/bohr] ====
Mismatch between 2 routes: 1.87e-06 (absolute) 6.38e-06 (relative)
Printing average
Atom 1          1          2          3          4          5          6
     x      0.000      0.000      0.000      0.000      0.014      0.002
     y      0.002     -0.002     -0.000      0.014      0.000      0.000
     z      0.014      0.014      0.036     -0.000      0.000      0.000
Atom 2          1          2          3          4          5          6
     x     -0.000     -0.000     -0.000     -0.000      0.206      0.102
     y      0.102     -0.102     -0.000      0.206     -0.000     -0.000
     z      0.210      0.210      0.292      0.000     -0.000     -0.000
Atom 3          1          2          3          4          5          6
     x     -0.000      0.000      0.000     -0.000     -0.009      0.038
     y      0.068      0.283      0.098     -0.138      0.000     -0.000
     z     -0.032     -0.118     -0.109      0.054     -0.000     -0.000
Atom 4          1          2          3          4          5          6
     x     -0.215     -0.089     -0.085     -0.056     -0.106     -0.071
     y     -0.086     -0.089     -0.049     -0.041     -0.056     -0.063
     z     -0.096     -0.053     -0.109     -0.027     -0.047     -0.037
Atom 5          1          2          3          4          5          6
     x      0.215      0.089      0.085      0.056     -0.106     -0.071
     y     -0.086     -0.089     -0.049     -0.041      0.056      0.063
     z     -0.096     -0.053     -0.109     -0.027      0.047      0.037

==== Clamped-ion piezoelectric tensor [C/m²] ====
Mismatch between 2 routes: 1.62e-10 (absolute) 5.06e-10 (relative)
Printing average
            1          2          3          4          5          6
Ex       0.00      -0.00      -0.00      -0.00      -0.21      -0.32
Ey      -0.32       0.32       0.00      -0.21      -0.00       0.00
Ez      -0.06      -0.06       0.26       0.00       0.00      -0.00

==== Relaxed-ion dielectric tensor ====
   39.03    -0.00    -0.00
   -0.00    39.03     0.00
   -0.00     0.00    21.07

==== Relaxed-ion elastic tensor [GPa] ====
     224       61       23      -42        0        0
      61      224       23       42        0       -0
      23       23      197       -0        0        0
     -42       42       -0       31        0        0
       0        0        0        0       31      -42
       0       -0        0        0      -42       82

==== Relaxed-ion piezoelectric tensor [C/m²] ====
            1          2          3          4          5          6
Ex      -0.00       0.00       0.00      -0.00       3.62       1.64
Ey       1.64      -1.64       0.00       3.62      -0.00      -0.00
Ez       1.90       1.90       3.19       0.00      -0.00       0.00
