┌ Info: Threading setup: 
│   Threads.nthreads() = 8
│   n_DFTK = 8
│   n_fft = 1
└   n_blas = 8
Relaxing with tol_forces = 1.9446903811416696e-6 and tol_virial = 0.0001463857047258688 (in a.u.)...
┌ Warning: Negative ρcore detected: -1.794885235417952e-8
└ @ DFTK ~/DFTK-mgga/src/terms/xc.jl:39
n     Energy            log10(ΔE)   log10(Δρ)   α      Diag   Δtime 
---   ---------------   ---------   ---------   ----   ----   ------
  1   -136.9236318047                   -0.28   0.80   25.2    50.4s
  2   -127.4821863197   +    0.98        0.30   0.80   13.2    37.2s
  3   -136.1125443025        0.94       -0.08   0.80   18.6    46.8s
  4   -136.8503561336       -0.13       -0.25   0.80   14.1    37.6s
  5   -137.2407688115       -0.41       -0.50   0.80   13.3    33.1s
  6   -137.3378261656       -1.01       -0.69   0.80   12.3    27.7s
  7   -137.3967077972       -1.23       -1.60   0.80   12.1    31.0s
  8   -137.3975716818       -3.06       -1.82   0.80    9.1    25.2s
  9   -137.3969428388   +   -3.20       -1.59   0.80   10.2    27.3s
 10   -137.3977774918       -3.08       -2.42   0.80    9.7    23.7s
 11   -137.3977907361       -4.88       -2.92   0.80    7.5    22.2s
 12   -137.3977896762   +   -5.97       -2.84   0.80    9.2    22.9s
 13   -137.3976812995   +   -3.97       -2.05   0.80   12.3    28.1s
 14   -137.3977837951       -3.99       -2.59   0.80   12.6    30.5s
 15   -137.3977798676   +   -5.41       -2.51   0.80    7.0    18.5s
 16   -137.3977914422       -4.94       -3.58   0.80   10.0    24.3s
 17   -137.3977915432       -7.00       -3.83   0.80   10.6    27.4s
 18   -137.3977915453       -8.68       -3.93   0.80    8.7    23.1s
 19   -137.3977915493       -8.39       -4.09   0.80    9.6    22.2s
 20   -137.3977915568       -8.13       -4.91   0.80    7.5    21.1s
 21   -137.3977915568      -10.04       -6.14   0.80    8.6    23.4s
 22   -137.3977915568      -12.27       -6.87   0.80    8.2    24.5s
┌ Warning: Negative ρcore detected: -1.794885235417952e-8
└ @ DFTK ~/DFTK-mgga/src/terms/xc.jl:39
n     Energy            log10(ΔE)   log10(Δρ)   α      Diag   Δtime 
---   ---------------   ---------   ---------   ----   ----   ------
  1   -137.3977915568                   -6.41   0.80    1.0    7.47s
  2   -137.3977915568      -12.59       -7.11   0.80    1.0    6.57s
┌ Warning: Negative ρcore detected: -1.794885235417952e-8
└ @ DFTK ~/DFTK-mgga/src/terms/xc.jl:39
n     Energy            log10(ΔE)   log10(Δρ)   α      Diag   Δtime 
---   ---------------   ---------   ---------   ----   ----   ------
  1   -137.3977915568                   -6.95   0.80    1.0    5.82s
  2   -137.3977915568      -13.55       -7.56   0.80    1.0    6.58s
┌ Warning: Negative ρcore detected: Dual{ForwardDiff.Tag{DFTK.var"#1369#1370"{StaticArraysCore.SMatrix{3, 3, Float64, 9}, DFTK.var"#HF_energy#1368"{Vector{Vector{Float64}}, Float64, Vector{Matrix{ComplexF64}}, Vector{Vector{Float64}}}}, Float64}}(-1.7948852518890137e-8,-1.7740907893647576e-9)
└ @ DFTK ~/DFTK-mgga/src/terms/xc.jl:39
┌ Warning: Negative ρcore detected: Dual{ForwardDiff.Tag{DFTK.var"#1369#1370"{StaticArraysCore.SMatrix{3, 3, Float64, 9}, DFTK.var"#HF_energy#1368"{Vector{Vector{Float64}}, Float64, Vector{Matrix{ComplexF64}}, Vector{Vector{Float64}}}}, Float64}}(-1.7948852518890137e-8,-8.487738971138605e-8)
└ @ DFTK ~/DFTK-mgga/src/terms/xc.jl:39
┌ Warning: Negative ρcore detected: Dual{ForwardDiff.Tag{DFTK.var"#1369#1370"{StaticArraysCore.SMatrix{3, 3, Float64, 9}, DFTK.var"#HF_energy#1368"{Vector{Vector{Float64}}, Float64, Vector{Matrix{ComplexF64}}, Vector{Vector{Float64}}}}, Float64}}(-1.7948852518890137e-8,-8.157541420468024e-9)
└ @ DFTK ~/DFTK-mgga/src/terms/xc.jl:39
┌ Warning: Negative ρcore detected: Dual{ForwardDiff.Tag{DFTK.var"#1369#1370"{StaticArraysCore.SMatrix{3, 3, Float64, 9}, DFTK.var"#HF_energy#1368"{Vector{Vector{Float64}}, Float64, Vector{Matrix{ComplexF64}}, Vector{Vector{Float64}}}}, Float64}}(-1.7948852518890137e-8,2.5222926265614454e-8)
└ @ DFTK ~/DFTK-mgga/src/terms/xc.jl:39
┌ Warning: Negative ρcore detected: Dual{ForwardDiff.Tag{DFTK.var"#1369#1370"{StaticArraysCore.SMatrix{3, 3, Float64, 9}, DFTK.var"#HF_energy#1368"{Vector{Vector{Float64}}, Float64, Vector{Matrix{ComplexF64}}, Vector{Vector{Float64}}}}, Float64}}(-1.7948852518890137e-8,1.023962905479675e-8)
└ @ DFTK ~/DFTK-mgga/src/terms/xc.jl:39
┌ Warning: Negative ρcore detected: Dual{ForwardDiff.Tag{DFTK.var"#1369#1370"{StaticArraysCore.SMatrix{3, 3, Float64, 9}, DFTK.var"#HF_energy#1368"{Vector{Vector{Float64}}, Float64, Vector{Matrix{ComplexF64}}, Vector{Vector{Float64}}}}, Float64}}(-1.7948852518890137e-8,-1.658053600744623e-8)
└ @ DFTK ~/DFTK-mgga/src/terms/xc.jl:39

                 Geometry optimisation convergence (in atomic units)
┌─────┬─────────────────┬───────────┬─────────────┬─────────────┬──────────┬────────┐
│   n │          Energy │ log10(ΔE) │  max(Force) │ max(Virial) │ Pressure │  Δtime │
├─────┼─────────────────┼───────────┼─────────────┼─────────────┼──────────┼────────┤
│   0 │ -137.3977915568 │           │  0.00126339 │   0.0738626 │    0.073 │  1084s │
└─────┴─────────────────┴───────────┴─────────────┴─────────────┴──────────┴────────┘

┌ Warning: Negative ρcore detected: -1.7102587857621284e-8
└ @ DFTK ~/DFTK-mgga/src/terms/xc.jl:39
n     Energy            log10(ΔE)   log10(Δρ)   α      Diag   Δtime 
---   ---------------   ---------   ---------   ----   ----   ------
  1   -137.2401656624                   -0.58   0.80   16.7    37.5s
  2   -137.3879909430       -0.83       -1.07   0.80   12.7    27.2s
  3   -137.3984100897       -1.98       -1.59   0.80   14.6    31.4s
  4   -137.3983248013   +   -4.07       -2.08   0.80    9.8    22.1s
  5   -137.3984682180       -3.84       -2.95   0.80   12.0    27.2s
  6   -137.3984687565       -6.27       -3.15   0.80   12.7    27.7s
  7   -137.3984689948       -6.62       -3.81   0.80   11.0    24.0s
  8   -137.3984688764   +   -6.93       -3.56   0.80   14.5    27.5s
  9   -137.3984690266       -6.82       -4.47   0.80   13.5    25.3s
 10   -137.3984690284       -8.74       -5.17   0.80   12.2    24.7s
 11   -137.3984690285      -10.22       -5.62   0.80   13.0    25.5s
 12   -137.3984690285      -11.27       -6.45   0.80   10.9    23.5s
 13   -137.3984690285      -13.07       -6.99   0.80   12.3    26.3s
┌ Warning: Negative ρcore detected: -1.748624062964346e-8
└ @ DFTK ~/DFTK-mgga/src/terms/xc.jl:39
n     Energy            log10(ΔE)   log10(Δρ)   α      Diag   Δtime 
---   ---------------   ---------   ---------   ----   ----   ------
  1   -137.3834446147                   -1.05   0.80   21.9    43.1s
  2   -137.3980920198       -1.83       -1.56   0.80   12.4    27.6s
  3   -137.3988214465       -3.14       -2.17   0.80   11.1    25.9s
  4   -137.3988289718       -5.12       -2.64   0.80   11.8    24.4s
  5   -137.3988297547       -6.11       -2.74   0.80   12.0    26.0s
  6   -137.3988343926       -5.33       -3.08   0.80   12.6    26.1s
  7   -137.3988356698       -5.89       -3.65   0.80   12.7    24.9s
  8   -137.3988357771       -6.97       -4.39   0.80   12.6    25.5s
  9   -137.3988357777       -9.20       -4.65   0.80    8.1    20.8s
 10   -137.3988357787       -9.02       -5.44   0.80   12.2    23.2s
 11   -137.3988357787      -10.54       -6.46   0.80   12.8    26.9s
 12   -137.3988357787      -13.07       -6.64   0.80   13.7    29.6s
 13   -137.3988357787      -12.94       -7.39   0.80   11.3    25.6s
┌ Warning: Negative ρcore detected: -1.748624062964346e-8
└ @ DFTK ~/DFTK-mgga/src/terms/xc.jl:39
n     Energy            log10(ΔE)   log10(Δρ)   α      Diag   Δtime 
---   ---------------   ---------   ---------   ----   ----   ------
  1   -137.3988357787                   -7.26   0.80    1.0    4.61s
  2   -137.3988357787      -13.25       -7.85   0.80    1.0    5.19s
┌ Warning: Negative ρcore detected: -1.748624062964346e-8
└ @ DFTK ~/DFTK-mgga/src/terms/xc.jl:39
n     Energy            log10(ΔE)   log10(Δρ)   α      Diag   Δtime 
---   ---------------   ---------   ---------   ----   ----   ------
  1   -137.3988357787                   -7.90   0.80    1.0    4.51s
  2   -137.3988357787      -13.25       -8.29   0.80    1.0    5.26s
┌ Warning: Negative ρcore detected: -1.748624062964346e-8
└ @ DFTK ~/DFTK-mgga/src/terms/xc.jl:39
n     Energy            log10(ΔE)   log10(Δρ)   α      Diag   Δtime 
---   ---------------   ---------   ---------   ----   ----   ------
  1   -137.3988357787                   -8.33   0.80    1.0    4.51s
  2   -137.3988357787   +  -13.55       -8.70   0.80    1.0    5.22s
┌ Warning: Negative ρcore detected: Dual{ForwardDiff.Tag{DFTK.var"#1369#1370"{StaticArraysCore.SMatrix{3, 3, Float64, 9}, DFTK.var"#HF_energy#1368"{Vector{Vector{Float64}}, Float64, Vector{Matrix{ComplexF64}}, Vector{Vector{Float64}}}}, Float64}}(-1.7486240551142345e-8,-2.543402778704916e-7)
└ @ DFTK ~/DFTK-mgga/src/terms/xc.jl:39
┌ Warning: Negative ρcore detected: Dual{ForwardDiff.Tag{DFTK.var"#1369#1370"{StaticArraysCore.SMatrix{3, 3, Float64, 9}, DFTK.var"#HF_energy#1368"{Vector{Vector{Float64}}, Float64, Vector{Matrix{ComplexF64}}, Vector{Vector{Float64}}}}, Float64}}(-1.7486240551142345e-8,2.6537437973283567e-9)
└ @ DFTK ~/DFTK-mgga/src/terms/xc.jl:39
┌ Warning: Negative ρcore detected: Dual{ForwardDiff.Tag{DFTK.var"#1369#1370"{StaticArraysCore.SMatrix{3, 3, Float64, 9}, DFTK.var"#HF_energy#1368"{Vector{Vector{Float64}}, Float64, Vector{Matrix{ComplexF64}}, Vector{Vector{Float64}}}}, Float64}}(-1.7486240551142345e-8,1.5376332908163338e-7)
└ @ DFTK ~/DFTK-mgga/src/terms/xc.jl:39
┌ Warning: Negative ρcore detected: Dual{ForwardDiff.Tag{DFTK.var"#1369#1370"{StaticArraysCore.SMatrix{3, 3, Float64, 9}, DFTK.var"#HF_energy#1368"{Vector{Vector{Float64}}, Float64, Vector{Matrix{ComplexF64}}, Vector{Vector{Float64}}}}, Float64}}(-1.7486240551142345e-8,7.02515798115194e-8)
└ @ DFTK ~/DFTK-mgga/src/terms/xc.jl:39
┌ Warning: Negative ρcore detected: Dual{ForwardDiff.Tag{DFTK.var"#1369#1370"{StaticArraysCore.SMatrix{3, 3, Float64, 9}, DFTK.var"#HF_energy#1368"{Vector{Vector{Float64}}, Float64, Vector{Matrix{ComplexF64}}, Vector{Vector{Float64}}}}, Float64}}(-1.7486240551142345e-8,-2.5363374612799208e-9)
└ @ DFTK ~/DFTK-mgga/src/terms/xc.jl:39
┌ Warning: Negative ρcore detected: Dual{ForwardDiff.Tag{DFTK.var"#1369#1370"{StaticArraysCore.SMatrix{3, 3, Float64, 9}, DFTK.var"#HF_energy#1368"{Vector{Vector{Float64}}, Float64, Vector{Matrix{ComplexF64}}, Vector{Vector{Float64}}}}, Float64}}(-1.7486240551142345e-8,-8.134585780675557e-8)
└ @ DFTK ~/DFTK-mgga/src/terms/xc.jl:39

┌─────┬─────────────────┬───────────┬─────────────┬─────────────┬──────────┬────────┐
│   n │          Energy │ log10(ΔE) │  max(Force) │ max(Virial) │ Pressure │  Δtime │
├─────┼─────────────────┼───────────┼─────────────┼─────────────┼──────────┼────────┤
│   1 │ -137.3988357787 │           │    0.004478 │  0.00300437 │  0.00045 │  1165s │
└─────┴─────────────────┴───────────┴─────────────┴─────────────┴──────────┴────────┘

┌ Warning: Negative ρcore detected: -1.7484889662516526e-8
└ @ DFTK ~/DFTK-mgga/src/terms/xc.jl:39
n     Energy            log10(ΔE)   log10(Δρ)   α      Diag   Δtime 
---   ---------------   ---------   ---------   ----   ----   ------
  1   -137.3988281834                   -3.48   0.80   19.5    40.8s
  2   -137.3988360554       -5.10       -3.90   0.80    2.0    7.55s
  3   -137.3988362938       -6.62       -4.08   0.80   18.5    37.7s
  4   -137.3988362984       -8.34       -4.67   0.80   12.5    25.4s
  5   -137.3988362955   +   -8.54       -4.38   0.80   15.6    31.1s
  6   -137.3988362989       -8.47       -5.32   0.80   13.9    27.4s
  7   -137.3988362989      -10.43       -6.03   0.80   10.8    26.7s
  8   -137.3988362989      -11.83       -6.68   0.80   11.6    26.6s
  9   -137.3988362989   +    -Inf       -7.00   0.80   11.3    26.7s
┌ Warning: Negative ρcore detected: -1.6558312995045386e-8
└ @ DFTK ~/DFTK-mgga/src/terms/xc.jl:39
n     Energy            log10(ΔE)   log10(Δρ)   α      Diag   Δtime 
---   ---------------   ---------   ---------   ----   ----   ------
  1   -137.3680970652                   -0.77   0.80   19.4    41.0s
  2   -137.3971036955       -1.54       -1.24   0.80   10.7    23.7s
  3   -137.3988812320       -2.75       -1.74   0.80   11.9    27.5s
  4   -137.3989424381       -4.21       -2.25   0.80    9.4    21.9s
  5   -137.3989694762       -4.57       -3.23   0.80    9.3    23.6s
  6   -137.3989693290   +   -6.83       -3.31   0.80   10.6    24.7s
  7   -137.3989694649       -6.87       -3.56   0.80   11.3    24.2s
  8   -137.3989695558       -7.04       -3.84   0.80   12.8    26.6s
  9   -137.3989695931       -7.43       -4.91   0.80   11.9    24.8s
 10   -137.3989695933       -9.77       -5.71   0.80   12.2    26.4s
 11   -137.3989695933      -11.41       -6.31   0.80   11.5    26.3s
 12   -137.3989695933      -12.25       -6.83   0.80   12.0    26.4s
┌ Warning: Negative ρcore detected: -1.6558312995045386e-8
└ @ DFTK ~/DFTK-mgga/src/terms/xc.jl:39
n     Energy            log10(ΔE)   log10(Δρ)   α      Diag   Δtime 
---   ---------------   ---------   ---------   ----   ----   ------
  1   -137.3989695933                   -6.71   0.80    1.0    4.74s
  2   -137.3989695933      -13.25       -7.19   0.80    1.0    5.49s
┌ Warning: Negative ρcore detected: -1.6558312995045386e-8
└ @ DFTK ~/DFTK-mgga/src/terms/xc.jl:39
n     Energy            log10(ΔE)   log10(Δρ)   α      Diag   Δtime 
---   ---------------   ---------   ---------   ----   ----   ------
  1   -137.3989695933                   -7.18   0.80    1.0    4.53s
  2   -137.3989695933      -13.55       -7.59   0.80    1.0    4.98s
┌ Warning: Negative ρcore detected: -1.6558312995045386e-8
└ @ DFTK ~/DFTK-mgga/src/terms/xc.jl:39
n     Energy            log10(ΔE)   log10(Δρ)   α      Diag   Δtime 
---   ---------------   ---------   ---------   ----   ----   ------
  1   -137.3989695933                   -7.57   0.80    1.0    4.58s
  2   -137.3989695933   +    -Inf       -7.98   0.80    1.0    5.22s
┌ Warning: Negative ρcore detected: Dual{ForwardDiff.Tag{DFTK.var"#1369#1370"{StaticArraysCore.SMatrix{3, 3, Float64, 9}, DFTK.var"#HF_energy#1368"{Vector{Vector{Float64}}, Float64, Vector{Matrix{ComplexF64}}, Vector{Vector{Float64}}}}, Float64}}(-1.6558313203035368e-8,-1.87945782118417e-7)
└ @ DFTK ~/DFTK-mgga/src/terms/xc.jl:39
┌ Warning: Negative ρcore detected: Dual{ForwardDiff.Tag{DFTK.var"#1369#1370"{StaticArraysCore.SMatrix{3, 3, Float64, 9}, DFTK.var"#HF_energy#1368"{Vector{Vector{Float64}}, Float64, Vector{Matrix{ComplexF64}}, Vector{Vector{Float64}}}}, Float64}}(-1.6558313203035368e-8,2.9928900553223526e-8)
└ @ DFTK ~/DFTK-mgga/src/terms/xc.jl:39
┌ Warning: Negative ρcore detected: Dual{ForwardDiff.Tag{DFTK.var"#1369#1370"{StaticArraysCore.SMatrix{3, 3, Float64, 9}, DFTK.var"#HF_energy#1368"{Vector{Vector{Float64}}, Float64, Vector{Matrix{ComplexF64}}, Vector{Vector{Float64}}}}, Float64}}(-1.6558313203035368e-8,2.404007255944414e-7)
└ @ DFTK ~/DFTK-mgga/src/terms/xc.jl:39
┌ Warning: Negative ρcore detected: Dual{ForwardDiff.Tag{DFTK.var"#1369#1370"{StaticArraysCore.SMatrix{3, 3, Float64, 9}, DFTK.var"#HF_energy#1368"{Vector{Vector{Float64}}, Float64, Vector{Matrix{ComplexF64}}, Vector{Vector{Float64}}}}, Float64}}(-1.6558313203035368e-8,1.285222503907128e-7)
└ @ DFTK ~/DFTK-mgga/src/terms/xc.jl:39
┌ Warning: Negative ρcore detected: Dual{ForwardDiff.Tag{DFTK.var"#1369#1370"{StaticArraysCore.SMatrix{3, 3, Float64, 9}, DFTK.var"#HF_energy#1368"{Vector{Vector{Float64}}, Float64, Vector{Matrix{ComplexF64}}, Vector{Vector{Float64}}}}, Float64}}(-1.6558313203035368e-8,-4.964564206534877e-8)
└ @ DFTK ~/DFTK-mgga/src/terms/xc.jl:39
┌ Warning: Negative ρcore detected: Dual{ForwardDiff.Tag{DFTK.var"#1369#1370"{StaticArraysCore.SMatrix{3, 3, Float64, 9}, DFTK.var"#HF_energy#1368"{Vector{Vector{Float64}}, Float64, Vector{Matrix{ComplexF64}}, Vector{Vector{Float64}}}}, Float64}}(-1.6558313203035368e-8,4.892925067353038e-8)
└ @ DFTK ~/DFTK-mgga/src/terms/xc.jl:39

┌─────┬─────────────────┬───────────┬─────────────┬─────────────┬──────────┬────────┐
│   n │          Energy │ log10(ΔE) │  max(Force) │ max(Virial) │ Pressure │  Δtime │
├─────┼─────────────────┼───────────┼─────────────┼─────────────┼──────────┼────────┤
│   2 │ -137.3989695933 │     -3.87 │  0.00262243 │   0.0158015 │  -0.0039 │  1031s │
└─────┴─────────────────┴───────────┴─────────────┴─────────────┴──────────┴────────┘

n     Energy            log10(ΔE)   log10(Δρ)   α      Diag   Δtime 
---   ---------------   ---------   ---------   ----   ----   ------
  1   -137.2820831458                   -0.47   0.80   18.9    42.8s
  2   -137.3932110993       -0.95       -0.97   0.80   12.4    26.9s
  3   -137.3984809467       -2.28       -1.47   0.80   13.9    30.1s
  4   -137.3987089582       -3.64       -2.13   0.80   10.4    20.7s
  5   -137.3987538368       -4.35       -2.85   0.80    8.9    22.4s
  6   -137.3987539315       -7.02       -3.44   0.80   10.0    22.9s
  7   -137.3987539181   +   -7.87       -3.60   0.80   12.4    26.1s
  8   -137.3987539834       -7.19       -3.84   0.80   12.7    24.9s
  9   -137.3987540179       -7.46       -4.48   0.80   10.8    23.8s
 10   -137.3987540187       -9.07       -5.03   0.80   10.6    25.4s
 11   -137.3987540188      -10.10       -5.60   0.80    9.1    23.0s
 12   -137.3987540188      -11.03       -6.32   0.80   11.5    24.9s
 13   -137.3987540188      -12.70       -6.82   0.80   10.2    24.8s
┌ Warning: Negative ρcore detected: -1.5559465084421884e-8
└ @ DFTK ~/DFTK-mgga/src/terms/xc.jl:39
n     Energy            log10(ΔE)   log10(Δρ)   α      Diag   Δtime 
---   ---------------   ---------   ---------   ----   ----   ------
  1   -137.3456864472                   -0.64   0.80   20.4    43.0s
  2   -137.3965458775       -1.29       -1.14   0.80   10.9    24.7s
  3   -137.3988989760       -2.63       -1.66   0.80   13.5    28.7s
  4   -137.3989877127       -4.05       -2.16   0.80    9.6    21.5s
  5   -137.3990359280       -4.32       -3.09   0.80   10.0    23.8s
  6   -137.3990338292   +   -5.68       -2.93   0.80   12.9    28.5s
  7   -137.3990359600       -5.67       -3.46   0.80   12.2    25.3s
  8   -137.3990361326       -6.76       -3.83   0.80   12.3    25.6s
  9   -137.3990361598       -7.56       -5.09   0.80   11.3    24.3s
 10   -137.3990361599      -10.71       -5.62   0.80    9.7    23.0s
 11   -137.3990361599      -11.04       -6.33   0.80   12.7    25.2s
 12   -137.3990361599      -12.70       -6.75   0.80   11.3    25.7s
┌ Warning: Negative ρcore detected: -1.5559465084421884e-8
└ @ DFTK ~/DFTK-mgga/src/terms/xc.jl:39
n     Energy            log10(ΔE)   log10(Δρ)   α      Diag   Δtime 
---   ---------------   ---------   ---------   ----   ----   ------
  1   -137.3990361599                   -6.42   0.80    1.0    4.62s
  2   -137.3990361599      -12.59       -7.00   0.80    1.0    5.15s
┌ Warning: Negative ρcore detected: -1.5559465084421884e-8
└ @ DFTK ~/DFTK-mgga/src/terms/xc.jl:39
n     Energy            log10(ΔE)   log10(Δρ)   α      Diag   Δtime 
---   ---------------   ---------   ---------   ----   ----   ------
  1   -137.3990361599                   -6.91   0.80    1.0    4.51s
  2   -137.3990361599   +    -Inf       -7.38   0.80    1.0    5.18s
┌ Warning: Negative ρcore detected: -1.5559465084421884e-8
└ @ DFTK ~/DFTK-mgga/src/terms/xc.jl:39
n     Energy            log10(ΔE)   log10(Δρ)   α      Diag   Δtime 
---   ---------------   ---------   ---------   ----   ----   ------
  1   -137.3990361599                   -7.26   0.80    1.0    4.43s
  2   -137.3990361599      -13.55       -7.75   0.80    1.0    5.18s
┌ Warning: Negative ρcore detected: Dual{ForwardDiff.Tag{DFTK.var"#1369#1370"{StaticArraysCore.SMatrix{3, 3, Float64, 9}, DFTK.var"#HF_energy#1368"{Vector{Vector{Float64}}, Float64, Vector{Matrix{ComplexF64}}, Vector{Vector{Float64}}}}, Float64}}(-1.555946511647717e-8,1.2697178255497253e-7)
└ @ DFTK ~/DFTK-mgga/src/terms/xc.jl:39
┌ Warning: Negative ρcore detected: Dual{ForwardDiff.Tag{DFTK.var"#1369#1370"{StaticArraysCore.SMatrix{3, 3, Float64, 9}, DFTK.var"#HF_energy#1368"{Vector{Vector{Float64}}, Float64, Vector{Matrix{ComplexF64}}, Vector{Vector{Float64}}}}, Float64}}(-1.555946511647717e-8,1.1215257533213609e-8)
└ @ DFTK ~/DFTK-mgga/src/terms/xc.jl:39
┌ Warning: Negative ρcore detected: Dual{ForwardDiff.Tag{DFTK.var"#1369#1370"{StaticArraysCore.SMatrix{3, 3, Float64, 9}, DFTK.var"#HF_energy#1368"{Vector{Vector{Float64}}, Float64, Vector{Matrix{ComplexF64}}, Vector{Vector{Float64}}}}, Float64}}(-1.555946511647717e-8,-1.7398915387130346e-8)
└ @ DFTK ~/DFTK-mgga/src/terms/xc.jl:39
┌ Warning: Negative ρcore detected: Dual{ForwardDiff.Tag{DFTK.var"#1369#1370"{StaticArraysCore.SMatrix{3, 3, Float64, 9}, DFTK.var"#HF_energy#1368"{Vector{Vector{Float64}}, Float64, Vector{Matrix{ComplexF64}}, Vector{Vector{Float64}}}}, Float64}}(-1.555946511647717e-8,-1.3043472020803066e-8)
└ @ DFTK ~/DFTK-mgga/src/terms/xc.jl:39
┌ Warning: Negative ρcore detected: Dual{ForwardDiff.Tag{DFTK.var"#1369#1370"{StaticArraysCore.SMatrix{3, 3, Float64, 9}, DFTK.var"#HF_energy#1368"{Vector{Vector{Float64}}, Float64, Vector{Matrix{ComplexF64}}, Vector{Vector{Float64}}}}, Float64}}(-1.555946511647717e-8,2.264582198849998e-9)
└ @ DFTK ~/DFTK-mgga/src/terms/xc.jl:39
┌ Warning: Negative ρcore detected: Dual{ForwardDiff.Tag{DFTK.var"#1369#1370"{StaticArraysCore.SMatrix{3, 3, Float64, 9}, DFTK.var"#HF_energy#1368"{Vector{Vector{Float64}}, Float64, Vector{Matrix{ComplexF64}}, Vector{Vector{Float64}}}}, Float64}}(-1.555946511647717e-8,-3.729078882068887e-8)
└ @ DFTK ~/DFTK-mgga/src/terms/xc.jl:39

┌─────┬─────────────────┬───────────┬─────────────┬─────────────┬──────────┬────────┐
│   n │          Energy │ log10(ΔE) │  max(Force) │ max(Virial) │ Pressure │  Δtime │
├─────┼─────────────────┼───────────┼─────────────┼─────────────┼──────────┼────────┤
│   3 │ -137.3990361599 │     -4.18 │  0.00113092 │  0.00453217 │  -0.0032 │  1123s │
└─────┴─────────────────┴───────────┴─────────────┴─────────────┴──────────┴────────┘

┌ Warning: Negative ρcore detected: -1.5533031535468525e-8
└ @ DFTK ~/DFTK-mgga/src/terms/xc.jl:39
n     Energy            log10(ΔE)   log10(Δρ)   α      Diag   Δtime 
---   ---------------   ---------   ---------   ----   ----   ------
  1   -137.3990193402                   -2.41   0.80   19.1    41.4s
  2   -137.3990366353       -4.76       -2.90   0.80    4.8    12.0s
  3   -137.3990379269       -5.89       -3.03   0.80   14.7    33.1s
  4   -137.3990383813       -6.34       -3.64   0.80   11.6    24.5s
  5   -137.3990381695   +   -6.67       -3.44   0.80   14.4    30.6s
  6   -137.3990384401       -6.57       -4.36   0.80   12.6    25.8s
  7   -137.3990384436       -8.46       -5.00   0.80   10.2    27.3s
  8   -137.3990384437       -9.98       -5.41   0.80   10.1    25.5s
  9   -137.3990384438      -11.18       -5.96   0.80   11.6    25.2s
 10   -137.3990384438      -11.72       -6.80   0.80   12.5    27.2s
┌ Warning: Negative ρcore detected: -1.518553319690141e-8
└ @ DFTK ~/DFTK-mgga/src/terms/xc.jl:39
n     Energy            log10(ΔE)   log10(Δρ)   α      Diag   Δtime 
---   ---------------   ---------   ---------   ----   ----   ------
  1   -137.3973108799                   -1.34   0.80   20.1    42.0s
  2   -137.3989551503       -2.78       -1.85   0.80    9.9    20.8s
  3   -137.3990495544       -4.03       -2.39   0.80   11.5    26.0s
  4   -137.3990509763       -5.85       -3.19   0.80   10.0    24.8s
  5   -137.3990495660   +   -5.85       -2.98   0.80   13.2    29.9s
  6   -137.3990514548       -5.72       -3.68   0.80   13.0    27.5s
  7   -137.3990515370       -7.09       -4.11   0.80   13.3    29.2s
  8   -137.3990515478       -7.97       -4.77   0.80   12.8    26.7s
  9   -137.3990515482       -9.32       -5.35   0.80   12.4    28.5s
 10   -137.3990515483      -10.88       -6.06   0.80   12.8    27.5s
 11   -137.3990515483      -12.05       -6.78   0.80   12.2    26.4s
┌ Warning: Negative ρcore detected: -1.518553319690141e-8
└ @ DFTK ~/DFTK-mgga/src/terms/xc.jl:39
n     Energy            log10(ΔE)   log10(Δρ)   α      Diag   Δtime 
---   ---------------   ---------   ---------   ----   ----   ------
  1   -137.3990515483                   -6.48   0.80    1.0    4.76s
  2   -137.3990515483      -12.70       -7.07   0.80    1.0    5.39s
┌ Warning: Negative ρcore detected: -1.518553319690141e-8
└ @ DFTK ~/DFTK-mgga/src/terms/xc.jl:39
n     Energy            log10(ΔE)   log10(Δρ)   α      Diag   Δtime 
---   ---------------   ---------   ---------   ----   ----   ------
  1   -137.3990515483                   -6.96   0.80    1.0    4.64s
  2   -137.3990515483   +  -13.55       -7.42   0.80    1.0    5.22s
┌ Warning: Negative ρcore detected: -1.518553319690141e-8
└ @ DFTK ~/DFTK-mgga/src/terms/xc.jl:39
n     Energy            log10(ΔE)   log10(Δρ)   α      Diag   Δtime 
---   ---------------   ---------   ---------   ----   ----   ------
  1   -137.3990515483                   -7.24   0.80    1.0    4.52s
  2   -137.3990515483      -13.55       -7.74   0.80    1.0    5.19s
┌ Warning: Negative ρcore detected: Dual{ForwardDiff.Tag{DFTK.var"#1369#1370"{StaticArraysCore.SMatrix{3, 3, Float64, 9}, DFTK.var"#HF_energy#1368"{Vector{Vector{Float64}}, Float64, Vector{Matrix{ComplexF64}}, Vector{Vector{Float64}}}}, Float64}}(-1.5185533236028822e-8,7.882300069727963e-8)
└ @ DFTK ~/DFTK-mgga/src/terms/xc.jl:39
┌ Warning: Negative ρcore detected: Dual{ForwardDiff.Tag{DFTK.var"#1369#1370"{StaticArraysCore.SMatrix{3, 3, Float64, 9}, DFTK.var"#HF_energy#1368"{Vector{Vector{Float64}}, Float64, Vector{Matrix{ComplexF64}}, Vector{Vector{Float64}}}}, Float64}}(-1.5185533236028822e-8,7.573231395938994e-8)
└ @ DFTK ~/DFTK-mgga/src/terms/xc.jl:39
┌ Warning: Negative ρcore detected: Dual{ForwardDiff.Tag{DFTK.var"#1369#1370"{StaticArraysCore.SMatrix{3, 3, Float64, 9}, DFTK.var"#HF_energy#1368"{Vector{Vector{Float64}}, Float64, Vector{Matrix{ComplexF64}}, Vector{Vector{Float64}}}}, Float64}}(-1.5185533236028822e-8,-3.221688535497024e-8)
└ @ DFTK ~/DFTK-mgga/src/terms/xc.jl:39
┌ Warning: Negative ρcore detected: Dual{ForwardDiff.Tag{DFTK.var"#1369#1370"{StaticArraysCore.SMatrix{3, 3, Float64, 9}, DFTK.var"#HF_energy#1368"{Vector{Vector{Float64}}, Float64, Vector{Matrix{ComplexF64}}, Vector{Vector{Float64}}}}, Float64}}(-1.5185533236028822e-8,4.42129609750439e-9)
└ @ DFTK ~/DFTK-mgga/src/terms/xc.jl:39
┌ Warning: Negative ρcore detected: Dual{ForwardDiff.Tag{DFTK.var"#1369#1370"{StaticArraysCore.SMatrix{3, 3, Float64, 9}, DFTK.var"#HF_energy#1368"{Vector{Vector{Float64}}, Float64, Vector{Matrix{ComplexF64}}, Vector{Vector{Float64}}}}, Float64}}(-1.5185533236028822e-8,2.0520144451360634e-8)
└ @ DFTK ~/DFTK-mgga/src/terms/xc.jl:39
┌ Warning: Negative ρcore detected: Dual{ForwardDiff.Tag{DFTK.var"#1369#1370"{StaticArraysCore.SMatrix{3, 3, Float64, 9}, DFTK.var"#HF_energy#1368"{Vector{Vector{Float64}}, Float64, Vector{Matrix{ComplexF64}}, Vector{Vector{Float64}}}}, Float64}}(-1.5185533236028822e-8,-7.847611642668069e-8)
└ @ DFTK ~/DFTK-mgga/src/terms/xc.jl:39

┌─────┬─────────────────┬───────────┬─────────────┬─────────────┬──────────┬────────┐
│   n │          Energy │ log10(ΔE) │  max(Force) │ max(Virial) │ Pressure │  Δtime │
├─────┼─────────────────┼───────────┼─────────────┼─────────────┼──────────┼────────┤
│   4 │ -137.3990515483 │     -4.81 │  0.00104667 │  0.00445301 │   0.0039 │  1047s │
└─────┴─────────────────┴───────────┴─────────────┴─────────────┴──────────┴────────┘

┌ Warning: Negative ρcore detected: -1.5124819091218166e-8
└ @ DFTK ~/DFTK-mgga/src/terms/xc.jl:39
n     Energy            log10(ΔE)   log10(Δρ)   α      Diag   Δtime 
---   ---------------   ---------   ---------   ----   ----   ------
  1   -137.3989712686                   -1.98   0.80   19.6    43.0s
  2   -137.3990488113       -4.11       -2.46   0.80    5.5    14.3s
  3   -137.3990549931       -5.21       -3.01   0.80   13.3    30.0s
  4   -137.3990544811   +   -6.29       -3.10   0.80   12.5    27.6s
  5   -137.3990542195   +   -6.58       -3.12   0.80   13.1    26.6s
  6   -137.3990553343       -5.95       -3.95   0.80   12.0    24.5s
  7   -137.3990553469       -7.90       -4.81   0.80   12.2    27.1s
  8   -137.3990553473       -9.41       -5.17   0.80   13.4    27.2s
  9   -137.3990553474      -10.00       -5.80   0.80   11.9    25.8s
 10   -137.3990553474      -11.57       -6.84   0.80   11.6    25.9s
n     Energy            log10(ΔE)   log10(Δρ)   α      Diag   Δtime 
---   ---------------   ---------   ---------   ----   ----   ------
  1   -137.3923091256                   -1.00   0.80   19.5    43.4s
  2   -137.3985095265       -2.21       -1.47   0.80   10.5    21.8s
  3   -137.3990540766       -3.26       -2.00   0.80   12.1    27.5s
  4   -137.3990681016       -4.85       -2.61   0.80   10.7    24.0s
  5   -137.3990728180       -5.33       -3.31   0.80   10.3    25.4s
  6   -137.3990723045   +   -6.29       -3.18   0.80   13.0    29.3s
  7   -137.3990729358       -6.20       -3.68   0.80   12.4    25.2s
  8   -137.3990730111       -7.12       -4.15   0.80   12.7    27.4s
  9   -137.3990730182       -8.15       -4.74   0.80   12.9    26.1s
 10   -137.3990730184       -9.73       -5.23   0.80   10.8    24.2s
 11   -137.3990730184      -10.85       -6.02   0.80   10.9    24.1s
 12   -137.3990730184      -12.27       -6.97   0.80    9.4    22.9s
n     Energy            log10(ΔE)   log10(Δρ)   α      Diag   Δtime 
---   ---------------   ---------   ---------   ----   ----   ------
  1   -137.3990730184                   -6.97   0.80    1.0    4.70s
  2   -137.3990730184   +    -Inf       -7.37   0.80    1.0    5.24s
n     Energy            log10(ΔE)   log10(Δρ)   α      Diag   Δtime 
---   ---------------   ---------   ---------   ----   ----   ------
  1   -137.3990730184                   -7.43   0.80    1.0    4.48s
  2   -137.3990730184      -13.55       -7.78   0.80    1.0    5.12s
n     Energy            log10(ΔE)   log10(Δρ)   α      Diag   Δtime 
---   ---------------   ---------   ---------   ----   ----   ------
  1   -137.3990730184                   -7.80   0.80    1.0    4.50s
  2   -137.3990730184   +    -Inf       -8.16   0.80    1.0    5.17s

┌─────┬─────────────────┬───────────┬─────────────┬─────────────┬──────────┬────────┐
│   n │          Energy │ log10(ΔE) │  max(Force) │ max(Virial) │ Pressure │  Δtime │
├─────┼─────────────────┼───────────┼─────────────┼─────────────┼──────────┼────────┤
│   5 │ -137.3990730184 │     -4.67 │ 0.000797095 │  0.00246823 │ -0.00093 │  1056s │
└─────┴─────────────────┴───────────┴─────────────┴─────────────┴──────────┴────────┘

n     Energy            log10(ΔE)   log10(Δρ)   α      Diag   Δtime 
---   ---------------   ---------   ---------   ----   ----   ------
  1   -137.3987377164                   -1.83   0.80   19.4    41.3s
  2   -137.3990552416       -3.50       -2.22   0.80    7.0    16.6s
  3   -137.3990753014       -4.70       -2.62   0.80   10.4    27.2s
  4   -137.3990769831       -5.77       -3.39   0.80   10.9    27.2s
  5   -137.3990769948       -7.93       -3.36   0.80   12.9    29.5s
  6   -137.3990772455       -6.60       -3.80   0.80   12.0    24.8s
  7   -137.3990772734       -7.55       -3.93   0.80   13.0    26.8s
  8   -137.3990772947       -7.67       -4.72   0.80   11.4    24.3s
  9   -137.3990772952       -9.31       -5.29   0.80    9.9    24.6s
 10   -137.3990772952      -10.27       -5.85   0.80   11.2    26.5s
 11   -137.3990772952      -11.75       -6.55   0.80   11.3    26.8s
 12   -137.3990772952      -13.25       -7.27   0.80   11.0    26.0s
n     Energy            log10(ΔE)   log10(Δρ)   α      Diag   Δtime 
---   ---------------   ---------   ---------   ----   ----   ------
  1   -137.3989324445                   -2.02   0.80   19.3    41.5s
  2   -137.3990681619       -3.87       -2.41   0.80    5.9    14.4s
  3   -137.3990775825       -5.03       -2.87   0.80   11.4    27.1s
  4   -137.3990776423       -7.22       -3.34   0.80   10.6    25.8s
  5   -137.3990770689   +   -6.24       -3.16   0.80   14.5    30.9s
  6   -137.3990780445       -6.01       -3.89   0.80   12.7    25.5s
  7   -137.3990780650       -7.69       -4.19   0.80   11.1    25.9s
  8   -137.3990780695       -8.35       -5.05   0.80   10.3    23.0s
  9   -137.3990780696       -9.89       -5.52   0.80   10.3    26.7s
 10   -137.3990780696      -10.80       -6.57   0.80   11.8    25.0s
 11   -137.3990780696      -13.25       -7.24   0.80   11.7    26.6s
n     Energy            log10(ΔE)   log10(Δρ)   α      Diag   Δtime 
---   ---------------   ---------   ---------   ----   ----   ------
  1   -137.3990780696                   -6.84   0.80    1.0    4.51s
  2   -137.3990780696      -13.25       -7.47   0.80    1.0    5.15s
n     Energy            log10(ΔE)   log10(Δρ)   α      Diag   Δtime 
---   ---------------   ---------   ---------   ----   ----   ------
  1   -137.3990780696                   -7.31   0.80    1.0    4.49s
  2   -137.3990780696      -13.55       -7.84   0.80    1.0    5.02s
n     Energy            log10(ΔE)   log10(Δρ)   α      Diag   Δtime 
---   ---------------   ---------   ---------   ----   ----   ------
  1   -137.3990780696                   -7.64   0.80    1.0    4.45s
  2   -137.3990780696   +    -Inf       -8.18   0.80    1.0    5.16s

┌─────┬─────────────────┬───────────┬─────────────┬─────────────┬──────────┬────────┐
│   n │          Energy │ log10(ΔE) │  max(Force) │ max(Virial) │ Pressure │  Δtime │
├─────┼─────────────────┼───────────┼─────────────┼─────────────┼──────────┼────────┤
│   6 │ -137.3990780696 │     -5.30 │ 0.000373674 │ 0.000852264 │  0.00041 │  1078s │
└─────┴─────────────────┴───────────┴─────────────┴─────────────┴──────────┴────────┘

n     Energy            log10(ΔE)   log10(Δρ)   α      Diag   Δtime 
---   ---------------   ---------   ---------   ----   ----   ------
  1   -137.3990674477                   -2.66   0.80   19.2    42.5s
  2   -137.3990777463       -4.99       -3.15   0.80    3.3    10.6s
  3   -137.3990782187       -6.33       -3.33   0.80   14.2    31.4s
  4   -137.3990783190       -7.00       -3.94   0.80   10.6    25.2s
  5   -137.3990783092   +   -8.01       -4.01   0.80   12.4    28.3s
  6   -137.3990783260       -7.78       -4.56   0.80   12.4    26.3s
  7   -137.3990783275       -8.82       -5.20   0.80   12.5    27.5s
  8   -137.3990783275      -10.74       -5.67   0.80   10.2    23.8s
  9   -137.3990783275      -11.59       -6.38   0.80   12.7    27.7s
 10   -137.3990783275      -12.64       -7.12   0.80   11.8    28.5s
n     Energy            log10(ΔE)   log10(Δρ)   α      Diag   Δtime 
---   ---------------   ---------   ---------   ----   ----   ------
  1   -137.3988405198                   -1.79   0.80   18.9    38.9s
  2   -137.3990652512       -3.65       -2.29   0.80    5.7    15.3s
  3   -137.3990785331       -4.88       -2.79   0.80   10.9    26.5s
  4   -137.3990787278       -6.71       -3.25   0.80   10.4    24.7s
  5   -137.3990789680       -6.62       -3.35   0.80   12.0    27.8s
  6   -137.3990791537       -6.73       -3.70   0.80   12.0    26.0s
  7   -137.3990792307       -7.11       -4.39   0.80   12.2    26.2s
  8   -137.3990792316       -9.06       -4.96   0.80   11.1    26.2s
  9   -137.3990792317      -10.22       -5.69   0.80   12.3    26.4s
 10   -137.3990792317      -11.57       -6.33   0.80   12.3    27.1s
 11   -137.3990792317      -12.29       -7.20   0.80   11.6    25.9s
n     Energy            log10(ΔE)   log10(Δρ)   α      Diag   Δtime 
---   ---------------   ---------   ---------   ----   ----   ------
  1   -137.3990792317                   -7.26   0.80    1.0    4.53s
  2   -137.3990792317   +    -Inf       -7.65   0.80    1.0    5.25s
n     Energy            log10(ΔE)   log10(Δρ)   α      Diag   Δtime 
---   ---------------   ---------   ---------   ----   ----   ------
  1   -137.3990792317                   -7.66   0.80    1.0    4.50s
  2   -137.3990792317   +  -13.25       -8.01   0.80    1.0    5.16s
n     Energy            log10(ΔE)   log10(Δρ)   α      Diag   Δtime 
---   ---------------   ---------   ---------   ----   ----   ------
  1   -137.3990792317                   -7.97   0.80    1.0    4.77s
  2   -137.3990792317   +    -Inf       -8.35   0.80    1.0    5.48s

┌─────┬─────────────────┬───────────┬─────────────┬─────────────┬──────────┬────────┐
│   n │          Energy │ log10(ΔE) │  max(Force) │ max(Virial) │ Pressure │  Δtime │
├─────┼─────────────────┼───────────┼─────────────┼─────────────┼──────────┼────────┤
│   7 │ -137.3990792317 │     -5.93 │  0.00010665 │ 0.000760252 │  -0.0004 │  1029s │
└─────┴─────────────────┴───────────┴─────────────┴─────────────┴──────────┴────────┘

n     Energy            log10(ΔE)   log10(Δρ)   α      Diag   Δtime 
---   ---------------   ---------   ---------   ----   ----   ------
  1   -137.3990713905                   -2.63   0.80   19.2    41.8s
  2   -137.3990783906       -5.15       -3.08   0.80    3.4    9.62s
  3   -137.3990790845       -6.16       -3.23   0.80   14.6    32.6s
  4   -137.3990792956       -6.68       -3.71   0.80   11.2    24.1s
  5   -137.3990792097   +   -7.07       -3.56   0.80   14.1    28.3s
  6   -137.3990793511       -6.85       -4.39   0.80   12.8    26.7s
  7   -137.3990793547       -8.44       -5.22   0.80   12.7    28.6s
  8   -137.3990793548      -10.06       -5.69   0.80   12.7    28.5s
  9   -137.3990793548      -11.34       -6.17   0.80   11.8    27.0s
 10   -137.3990793548      -12.47       -7.05   0.80   11.1    25.2s
n     Energy            log10(ΔE)   log10(Δρ)   α      Diag   Δtime 
---   ---------------   ---------   ---------   ----   ----   ------
  1   -137.3990518550                   -2.31   0.80   20.2    43.6s
  2   -137.3990771293       -4.60       -2.78   0.80    4.9    13.7s
  3   -137.3990787218       -5.80       -3.01   0.80   13.2    33.3s
  4   -137.3990792342       -6.29       -3.39   0.80   12.1    28.3s
  5   -137.3990789803   +   -6.60       -3.30   0.80   14.0    30.0s
  6   -137.3990794520       -6.33       -4.21   0.80   12.9    26.6s
  7   -137.3990794604       -8.08       -4.94   0.80   13.2    30.3s
  8   -137.3990794607       -9.49       -5.51   0.80   13.2    29.7s
  9   -137.3990794608      -10.88       -6.16   0.80   12.6    29.0s
 10   -137.3990794608      -12.27       -6.55   0.80   12.7    30.2s
 11   -137.3990794608      -12.85       -7.69   0.80   12.8    28.0s
n     Energy            log10(ΔE)   log10(Δρ)   α      Diag   Δtime 
---   ---------------   ---------   ---------   ----   ----   ------
  1   -137.3990794608                   -7.26   0.80    1.0    4.79s
  2   -137.3990794608   +  -13.55       -7.90   0.80    1.0    5.31s
n     Energy            log10(ΔE)   log10(Δρ)   α      Diag   Δtime 
---   ---------------   ---------   ---------   ----   ----   ------
  1   -137.3990794608                   -7.76   0.80    1.0    4.62s
  2   -137.3990794608   +  -13.25       -8.30   0.80    1.0    5.27s
n     Energy            log10(ΔE)   log10(Δρ)   α      Diag   Δtime 
---   ---------------   ---------   ---------   ----   ----   ------
  1   -137.3990794608                   -8.13   0.80    1.0    4.49s
  2   -137.3990794608      -13.07       -8.69   0.80    1.0    5.27s

┌─────┬─────────────────┬───────────┬─────────────┬─────────────┬──────────┬────────┐
│   n │          Energy │ log10(ΔE) │  max(Force) │ max(Virial) │ Pressure │  Δtime │
├─────┼─────────────────┼───────────┼─────────────┼─────────────┼──────────┼────────┤
│   8 │ -137.3990794608 │     -6.64 │  4.26426e-6 │  2.61934e-5 │  -1.1e-5 │  1052s │
└─────┴─────────────────┴───────────┴─────────────┴─────────────┴──────────┴────────┘

n     Energy            log10(ΔE)   log10(Δρ)   α      Diag   Δtime 
---   ---------------   ---------   ---------   ----   ----   ------
  1   -137.3990757991                   -3.86   0.80   20.3    43.7s
  2   -137.3990791795       -5.47       -4.23   0.80    1.8    6.65s
  3   -137.3990794605       -6.55       -4.54   0.80   20.7    41.4s
  4   -137.3990794593   +   -8.93       -4.50   0.80   13.6    29.1s
  5   -137.3990794608       -8.84       -4.84   0.80   13.4    26.3s
  6   -137.3990794611       -9.47       -5.59   0.80   13.0    26.8s
  7   -137.3990794611      -10.95       -6.12   0.80   12.8    26.9s
  8   -137.3990794611      -12.17       -6.80   0.80   12.3    27.1s
n     Energy            log10(ΔE)   log10(Δρ)   α      Diag   Δtime 
---   ---------------   ---------   ---------   ----   ----   ------
  1   -137.3990764203                   -3.52   0.80   19.9    43.5s
  2   -137.3990791111       -5.57       -3.92   0.80    1.9    7.10s
  3   -137.3990794593       -6.46       -4.18   0.80   18.8    40.2s
  4   -137.3990794602       -9.04       -4.55   0.80   13.2    27.0s
  5   -137.3990794578   +   -8.63       -4.37   0.80   14.4    28.0s
  6   -137.3990794614       -8.45       -5.27   0.80   12.8    26.0s
  7   -137.3990794614      -10.35       -6.07   0.80   11.6    26.4s
  8   -137.3990794614      -11.90       -6.73   0.80   11.5    27.0s
n     Energy            log10(ΔE)   log10(Δρ)   α      Diag   Δtime 
---   ---------------   ---------   ---------   ----   ----   ------
  1   -137.3990794614                   -6.60   0.80    1.0    4.74s
  2   -137.3990794614      -12.94       -7.07   0.80    1.0    5.25s
n     Energy            log10(ΔE)   log10(Δρ)   α      Diag   Δtime 
---   ---------------   ---------   ---------   ----   ----   ------
  1   -137.3990794614                   -7.07   0.80    1.0    4.45s
  2   -137.3990794614      -13.25       -7.47   0.80    1.0    5.17s
n     Energy            log10(ΔE)   log10(Δρ)   α      Diag   Δtime 
---   ---------------   ---------   ---------   ----   ----   ------
  1   -137.3990794614                   -7.49   0.80    1.0    4.61s
  2   -137.3990794614   +  -13.55       -7.88   0.80    1.0    5.37s

┌─────┬─────────────────┬───────────┬─────────────┬─────────────┬──────────┬────────┐
│   n │          Energy │ log10(ΔE) │  max(Force) │ max(Virial) │ Pressure │  Δtime │
├─────┼─────────────────┼───────────┼─────────────┼─────────────┼──────────┼────────┤
│   9 │ -137.3990794614 │     -9.18 │   7.1701e-8 │  2.06147e-7 │  -1.4e-7 │   927s │
└─────┴─────────────────┴───────────┴─────────────┴─────────────┴──────────┴────────┘

