┌ Info: Threading setup: 
│   Threads.nthreads() = 8
│   n_DFTK = 8
│   n_fft = 1
└   n_blas = 8
n     Energy            log10(ΔE)   log10(Δρ)   Diag   Δtime 
---   ---------------   ---------   ---------   ----   ------
  1   -136.9310291939                   -0.28   24.5     200s
  2   -128.0085823917   +    0.95        0.30   13.3     150s
  3   -136.0523854204        0.91       -0.07   18.9     201s
  4   -136.8885830858       -0.08       -0.26   14.7     155s
  5   -137.2497864368       -0.44       -0.50   13.8     136s
  6   -137.3312611724       -1.09       -0.67   11.8     118s
  7   -137.3986082043       -1.17       -1.50   12.8     124s
  8   -137.3987819540       -3.76       -1.75    8.7    84.0s
  9   -137.3982348747   +   -3.26       -1.58    9.9     105s
 10   -137.3990715346       -3.08       -2.50    9.5    99.5s
 11   -137.3990792886       -5.11       -3.47    8.1     100s
 12   -137.3990770287   +   -5.65       -2.86   13.6     135s
 13   -137.3990785211       -5.83       -3.11   12.8     122s
 14   -137.3990787667       -6.61       -3.13    7.8    81.2s
 15   -137.3990792851       -6.29       -3.43    9.1    88.8s
 16   -137.3990793717       -7.06       -3.59    9.9     101s
 17   -137.3990794612       -7.05       -4.72    9.4    92.7s
 18   -137.3990794603   +   -9.08       -4.57   10.7     113s
 19   -137.3990794614       -8.97       -5.72    9.8    98.0s
 20   -137.3990794614      -11.31       -6.19    9.5     102s
 21   -137.3990794614      -12.17       -7.14   10.8     105s
 22   -137.3990794614   +  -13.55       -7.83    8.3     105s
 23   -137.3990794614      -13.55       -8.55    8.3     106s
All finished!
