Running with index 3
┌ Info: Threading setup: 
│   Threads.nthreads() = 8
│   n_DFTK = 8
│   n_fft = 1
└   n_blas = 8
Loading SCF results...
Loaded SCF results.
Loading δψ_dk...
Loaded δψ_dk.
Running DFPT computation...
Iter  Restart  Krydim  log10(res)  avg(CG)  Δtime   Comment
----  -------  ------  ----------  -------  ------  ---------------
                                      34.2    378s  Non-interacting
   1        0       1        1.44     28.7    340s  
   2        0       2        0.95     28.2    307s  
   3        0       3        0.64     26.9    298s  
   4        0       4       -0.07     26.3    288s  
   5        0       5       -0.60     23.7    263s  
   6        0       6       -1.16     22.2    245s  
   7        0       7       -2.02     20.8    233s  
   8        0       8       -2.52     18.3    204s  
   9        0       9       -3.51     16.3    188s  
  10        0      10       -4.44     12.9    152s  
  11        0      11       -5.03     10.2    126s  
  12        0      12       -5.62      8.1    103s  
  13        0      13       -6.47      6.2   84.8s  
  14        0      14       -6.76      4.6   65.0s  
  15        0      15       -7.57      3.6   54.0s  
  16        0      16       -8.59      1.0   32.2s  
  17        1       1       -8.14     32.5    362s  Restart
                                      32.6    362s  Final orbitals
Finished DFPT computation.
Computing polarization change
Computing forces change
Computing stress change
All finished!
