Running with index 2
┌ Info: Threading setup: 
│   Threads.nthreads() = 8
│   n_DFTK = 8
│   n_fft = 1
└   n_blas = 8
Loading SCF results...
Loaded SCF results.
Loading δψ_dk...
Loaded δψ_dk.
Running DFPT computation...
Iter  Restart  Krydim  log10(res)  avg(CG)  Δtime   Comment
----  -------  ------  ----------  -------  ------  ---------------
                                      34.2    375s  Non-interacting
   1        0       1        1.44     28.7    343s  
   2        0       2        0.95     28.2    306s  
   3        0       3        0.64     26.9    298s  
   4        0       4       -0.07     26.3    286s  
   5        0       5       -0.60     23.7    254s  
   6        0       6       -1.16     22.2    248s  
   7        0       7       -2.02     20.8    229s  
   8        0       8       -2.52     18.3    199s  
   9        0       9       -3.51     16.3    183s  
  10        0      10       -4.44     12.9    152s  
  11        0      11       -5.03     10.2    130s  
  12        0      12       -5.62      8.1    102s  
  13        0      13       -6.52      6.2   81.3s  
  14        0      14       -6.78      4.1   58.6s  
  15        0      15       -7.56      3.5   51.5s  
  16        0      16       -8.57      1.0   31.8s  
  17        1       1       -8.12     32.6    361s  Restart
                                      32.6    359s  Final orbitals
Finished DFPT computation.
Computing polarization change
Computing forces change
Computing stress change
All finished!
