Running with index 3
┌ Info: Threading setup: 
│   Threads.nthreads() = 8
│   n_DFTK = 8
│   n_fft = 1
└   n_blas = 8
Loading SCF results...
Loaded SCF results.
Loading δψ_dk...
Loaded δψ_dk.
Computing δHψ...
Running DFPT computation...
Iter  Restart  Krydim  log10(res)  avg(CG)  Δtime   Comment
----  -------  ------  ----------  -------  ------  ---------------
                                      37.5    398s  Non-interacting
   1        0       1        1.35     29.1    332s  
   2        0       2        0.77     27.5    296s  
   3        0       3        0.49     25.0    280s  
   4        0       4       -0.25     25.3    277s  
   5        0       5       -0.96     22.8    250s  
   6        0       6       -1.71     20.6    227s  
   7        0       7       -2.47     18.7    209s  
   8        0       8       -3.18     16.4    183s  
   9        0       9       -4.27     13.7    161s  
  10        0      10       -4.97     10.6    127s  
  11        0      11       -5.25      9.2    112s  
  12        0      12       -6.22      8.4    101s  
  13        0      13       -7.17      4.3   62.2s  
  14        0      14       -8.33      1.0   31.7s  
  15        1       1       -8.05     33.0    375s  Restart
                                      32.5    360s  Final orbitals
Finished DFPT computation.
Computing polarization change
Computing forces and stress changes
All finished!
