Running with atom index 2 and direction index 3
┌ Info: Threading setup: 
│   Threads.nthreads() = 8
│   n_DFTK = 8
│   n_fft = 1
└   n_blas = 8
Loading SCF results...
Loaded SCF results.
Loading δψ_dk...
Loaded δψ_dk.
Computing δHψ...
Running DFPT computation...
Iter  Restart  Krydim  log10(res)  avg(CG)  Δtime   Comment
----  -------  ------  ----------  -------  ------  ---------------
                                      35.6    372s  Non-interacting
   1        0       1        2.25     30.5    349s  
   2        0       2        1.98     29.7    323s  
   3        0       3        1.30     29.4    311s  
   4        0       4        0.88     27.4    302s  
   5        0       5        0.35     26.8    294s  
   6        0       6       -0.33     24.6    279s  
   7        0       7       -0.88     22.8    260s  
   8        0       8       -1.73     21.3    239s  
   9        0       9       -2.58     19.2    217s  
  10        0      10       -3.10     16.2    183s  
  11        0      11       -4.15     14.5    161s  
  12        0      12       -4.86     11.1    138s  
  13        0      13       -5.79      9.2    111s  
  14        0      14       -6.18      5.9   81.1s  
  15        0      15       -6.60      5.4   73.8s  
  16        0      16       -7.60      3.9   55.3s  
  17        0      17       -8.68      1.0   33.4s  
  18        1       1       -7.65     33.4    384s  Restart
  19        1       2       -8.33      7.2   90.5s  
                                      35.2    378s  Final orbitals
Finished DFPT computation.
Computing polarization change
Computing forces and stress changes
All finished!
