Running with atom index 4 and direction index 1
┌ Info: Threading setup: 
│   Threads.nthreads() = 8
│   n_DFTK = 8
│   n_fft = 1
└   n_blas = 8
Loading SCF results...
Loaded SCF results.
Loading δψ_dk...
Loaded δψ_dk.
Computing δHψ...
Running DFPT computation...
Iter  Restart  Krydim  log10(res)  avg(CG)  Δtime   Comment
----  -------  ------  ----------  -------  ------  ---------------
                                      36.9    379s  Non-interacting
   1        0       1        2.07     30.2    335s  
   2        0       2        1.75     29.2    311s  
   3        0       3        1.32     28.7    311s  
   4        0       4        0.94     27.9    296s  
   5        0       5        0.05     27.2    287s  
   6        0       6       -0.50     24.1    268s  
   7        0       7       -1.12     22.6    249s  
   8        0       8       -1.84     20.5    228s  
   9        0       9       -2.59     18.5    213s  
  10        0      10       -3.40     16.4    187s  
  11        0      11       -4.04     13.0    152s  
  12        0      12       -4.94     11.3    136s  
  13        0      13       -6.04      8.4    105s  
  14        0      14       -6.75      5.0   68.7s  
  15        0      15       -7.05      3.2   49.5s  
  16        0      16       -7.66      2.6   43.8s  
  17        0      17       -8.63      1.0   32.3s  
  18        1       1       -7.84     32.9    371s  Restart
  19        1       2       -8.25      6.4   85.0s  
                                      35.0    381s  Final orbitals
Finished DFPT computation.
Computing polarization change
Computing forces and stress changes
All finished!
