Running with atom index 5 and direction index 3
┌ Info: Threading setup: 
│   Threads.nthreads() = 8
│   n_DFTK = 8
│   n_fft = 1
└   n_blas = 8
Loading SCF results...
Loaded SCF results.
Loading δψ_dk...
Loaded δψ_dk.
Computing δHψ...
Running DFPT computation...
Iter  Restart  Krydim  log10(res)  avg(CG)  Δtime   Comment
----  -------  ------  ----------  -------  ------  ---------------
                                      37.2    382s  Non-interacting
   1        0       1        1.85     30.5    349s  
   2        0       2        1.60     28.5    313s  
   3        0       3        1.27     28.3    315s  
   4        0       4        0.34     27.4    294s  
   5        0       5       -0.00     25.5    286s  
   6        0       6       -0.59     24.8    270s  
   7        0       7       -1.15     22.6    247s  
   8        0       8       -1.90     20.7    231s  
   9        0       9       -2.71     18.7    213s  
  10        0      10       -3.50     16.2    182s  
  11        0      11       -4.06     12.6    149s  
  12        0      12       -5.04     10.9    134s  
  13        0      13       -6.11      8.0    101s  
  14        0      14       -6.76      4.5   66.7s  
  15        0      15       -7.29      2.9   45.7s  
  16        0      16       -7.77      1.3   32.2s  
  17        0      17       -8.76      1.0   31.8s  
  18        1       1       -7.60     34.3    391s  Restart
  19        1       2       -8.30      7.3   90.3s  
                                      35.4    391s  Final orbitals
Finished DFPT computation.
Computing polarization change
Computing forces and stress changes
All finished!
