Running with atom index 1 and direction index 1
┌ Info: Threading setup: 
│   Threads.nthreads() = 8
│   n_DFTK = 8
│   n_fft = 1
└   n_blas = 8
Loading SCF results...
Loaded SCF results.
Loading δψ_dk...
Loaded δψ_dk.
Computing δHψ...
Running DFPT computation...
Iter  Restart  Krydim  log10(res)  avg(CG)  Δtime   Comment
----  -------  ------  ----------  -------  ------  ---------------
                                      34.9    365s  Non-interacting
   1        0       1        1.69     28.9    326s  
   2        0       2        1.42     28.2    309s  
   3        0       3        0.95     27.9    305s  
   4        0       4        0.34     26.8    289s  
   5        0       5       -0.08     25.8    281s  
   6        0       6       -0.79     24.5    268s  
   7        0       7       -1.30     21.6    241s  
   8        0       8       -2.15     20.1    221s  
   9        0       9       -3.09     18.1    208s  
  10        0      10       -3.63     14.3    167s  
  11        0      11       -4.50     12.4    146s  
  12        0      12       -5.28     10.1    124s  
  13        0      13       -6.13      7.3   97.1s  
  14        0      14       -6.72      4.2   64.9s  
  15        0      15       -7.35      3.0   45.7s  
  16        0      16       -7.96      1.0   32.9s  
  17        0      17       -9.22      1.0   31.1s  
  18        1       1       -7.60     33.5    378s  Restart
  19        1       2       -8.31      7.3   91.3s  
                                      34.1    378s  Final orbitals
Finished DFPT computation.
Computing polarization change
Computing forces and stress changes
All finished!
