Running with atom index 4 and direction index 3
┌ Info: Threading setup: 
│   Threads.nthreads() = 8
│   n_DFTK = 8
│   n_fft = 1
└   n_blas = 8
Loading SCF results...
Loaded SCF results.
Loading δψ_dk...
Loaded δψ_dk.
Computing δHψ...
Running DFPT computation...
Iter  Restart  Krydim  log10(res)  avg(CG)  Δtime   Comment
----  -------  ------  ----------  -------  ------  ---------------
                                      37.2    375s  Non-interacting
   1        0       1        1.85     30.5    347s  
   2        0       2        1.60     28.5    303s  
   3        0       3        1.27     28.3    304s  
   4        0       4        0.34     27.4    287s  
   5        0       5       -0.00     25.5    273s  
   6        0       6       -0.59     24.8    268s  
   7        0       7       -1.15     22.6    249s  
   8        0       8       -1.90     20.7    228s  
   9        0       9       -2.71     18.7    215s  
  10        0      10       -3.50     16.2    185s  
  11        0      11       -4.06     12.6    153s  
  12        0      12       -5.04     10.9    132s  
  13        0      13       -6.11      8.0    101s  
  14        0      14       -6.77      4.5   66.2s  
  15        0      15       -7.52      2.9   46.0s  
  16        0      16       -8.52      1.0   31.6s  
  17        1       1       -7.75     34.0    378s  Restart
  18        1       2       -8.29      7.0   89.5s  
                                      35.4    380s  Final orbitals
Finished DFPT computation.
Computing polarization change
Computing forces and stress changes
All finished!
