Running with atom index 5 and direction index 2
┌ Info: Threading setup: 
│   Threads.nthreads() = 8
│   n_DFTK = 8
│   n_fft = 1
└   n_blas = 8
Loading SCF results...
Loaded SCF results.
Loading δψ_dk...
Loaded δψ_dk.
Computing δHψ...
Running DFPT computation...
Iter  Restart  Krydim  log10(res)  avg(CG)  Δtime   Comment
----  -------  ------  ----------  -------  ------  ---------------
                                      36.9    376s  Non-interacting
   1        0       1        2.07     30.2    333s  
   2        0       2        1.75     29.2    320s  
   3        0       3        1.32     28.6    316s  
   4        0       4        0.94     27.9    305s  
   5        0       5        0.05     27.2    303s  
   6        0       6       -0.50     24.1    267s  
   7        0       7       -1.12     22.6    253s  
   8        0       8       -1.84     20.5    227s  
   9        0       9       -2.59     18.5    205s  
  10        0      10       -3.40     16.4    187s  
  11        0      11       -4.04     13.0    156s  
  12        0      12       -4.94     11.3    136s  
  13        0      13       -6.03      8.4    106s  
  14        0      14       -6.59      5.0   70.5s  
  15        0      15       -7.02      4.2   56.6s  
  16        0      16       -7.66      2.0   40.3s  
  17        0      17       -8.64      1.0   31.5s  
  18        1       1       -7.59     34.0    383s  Restart
  19        1       2       -8.27      7.3   93.4s  
                                      35.0    381s  Final orbitals
Finished DFPT computation.
Computing polarization change
Computing forces and stress changes
All finished!
