Running with atom index 3 and direction index 3
┌ Info: Threading setup: 
│   Threads.nthreads() = 8
│   n_DFTK = 8
│   n_fft = 1
└   n_blas = 8
Loading SCF results...
Loaded SCF results.
Loading δψ_dk...
Loaded δψ_dk.
Computing δHψ...
Running DFPT computation...
Iter  Restart  Krydim  log10(res)  avg(CG)  Δtime   Comment
----  -------  ------  ----------  -------  ------  ---------------
                                      36.9    379s  Non-interacting
   1        0       1        2.07     30.2    329s  
   2        0       2        1.75     29.2    321s  
   3        0       3        1.32     28.7    306s  
   4        0       4        0.94     27.9    299s  
   5        0       5        0.05     27.2    290s  
   6        0       6       -0.50     24.1    266s  
   7        0       7       -1.12     22.6    248s  
   8        0       8       -1.84     20.5    225s  
   9        0       9       -2.59     18.5    207s  
  10        0      10       -3.40     16.4    183s  
  11        0      11       -4.04     13.0    153s  
  12        0      12       -4.94     11.3    135s  
  13        0      13       -6.03      8.4    105s  
  14        0      14       -6.48      5.1   68.9s  
  15        0      15       -7.01      4.9   60.8s  
  16        0      16       -7.66      2.0   39.2s  
  17        0      17       -8.65      1.0   32.4s  
  18        1       1       -7.50     34.7    386s  Restart
  19        1       2       -8.15      7.8   95.7s  
                                      35.0    384s  Final orbitals
Finished DFPT computation.
Computing polarization change
Computing forces and stress changes
All finished!
