Running with atom index 5 and direction index 1
┌ Info: Threading setup: 
│   Threads.nthreads() = 8
│   n_DFTK = 8
│   n_fft = 1
└   n_blas = 8
Loading SCF results...
Loaded SCF results.
Loading δψ_dk...
Loaded δψ_dk.
Computing δHψ...
Running DFPT computation...
Iter  Restart  Krydim  log10(res)  avg(CG)  Δtime   Comment
----  -------  ------  ----------  -------  ------  ---------------
                                      37.2    375s  Non-interacting
   1        0       1        1.85     30.5    343s  
   2        0       2        1.60     28.5    312s  
   3        0       3        1.27     28.3    317s  
   4        0       4        0.34     27.4    299s  
   5        0       5       -0.00     25.5    285s  
   6        0       6       -0.59     24.8    265s  
   7        0       7       -1.15     22.6    243s  
   8        0       8       -1.90     20.7    232s  
   9        0       9       -2.71     18.7    214s  
  10        0      10       -3.50     16.2    182s  
  11        0      11       -4.06     12.6    151s  
  12        0      12       -5.04     10.9    136s  
  13        0      13       -6.11      8.0    105s  
  14        0      14       -6.76      4.5   69.5s  
  15        0      15       -7.31      2.9   47.1s  
  16        0      16       -7.77      1.0   34.3s  
  17        0      17       -8.82      1.0   33.1s  
  18        1       1       -7.58     34.2    388s  Restart
  19        1       2       -8.31      7.4   94.8s  
                                      35.4    389s  Final orbitals
Finished DFPT computation.
Computing polarization change
Computing forces and stress changes
All finished!
