┌ Info: Threading setup: 
│   Threads.nthreads() = 1
│   n_DFTK = 1
│   n_fft = 1
└   n_blas = 1

==== Structural properties ====
Prop     Val
---- -------
a    3.948 Å
α    89.93°
Absolute displacements:
TiΔz 0.060 Å
O Δy 0.014 Å
O Δz -0.071 Å
Relative displacements:
TiΔx 0.009
O Δx -0.009
O Δz -0.013

==== Phonon modes (LO only) ====
Mode Freq [cm⁻¹] Freq [THz]
---- ----------- ----------
   1        -0.0      -0.00
   2        -0.0      -0.00
   3        -0.0      -0.00
   4       160.4       4.81
   5       160.4       4.81
   6       180.7       5.42
   7       184.6       5.53
   8       184.6       5.53
   9       219.8       6.59
  10       286.1       8.58
  11       298.7       8.96
  12       298.7       8.96
  13       484.0      14.51
  14       484.0      14.51
  15       510.4      15.30

==== Clamped-ion dielectric tensor ====
    6.28     0.00     0.00
    0.00     6.28    -0.00
    0.00    -0.00     5.99

==== Clamped-ion elastic tensor [GPa] ====
     364      113      105       -7        0        0
     113      364      105        7        0        0
     105      105      355        0        0        0
      -7        7        0      117        0        0
       0        0        0        0      117       -7
       0       -0        0        0       -7      126

==== Born effective charges [e] ====
Mismatch between 2 routes: 2.48e-09 (absolute) 3.64e-10 (relative)
Printing average
Atom 1          x          y          z
    Ex      2.785      0.000     -0.000
    Ey      0.000      2.785      0.000
    Ez      0.000      0.000      2.759
Atom 2          x          y          z
    Ex      6.831      0.000      0.000
    Ey      0.000      6.831     -0.000
    Ez      0.000     -0.000      6.241
Atom 3          x          y          z
    Ex     -2.056     -0.000     -0.000
    Ey     -0.000     -4.355      1.528
    Ez     -0.000      1.414     -3.000
Atom 4          x          y          z
    Ex     -3.780     -0.996     -1.323
    Ey     -0.996     -2.631     -0.764
    Ez     -1.224     -0.707     -3.000
Atom 5          x          y          z
    Ex     -3.780      0.996      1.323
    Ey      0.996     -2.631     -0.764
    Ez      1.224     -0.707     -3.000

==== Force-response internal strain [Ha/bohr] ====
Mismatch between 2 routes: 3.71e-08 (absolute) 2.16e-07 (relative)
Printing average
Atom 1          1          2          3          4          5          6
     x      0.000      0.000      0.000      0.000      0.010      0.003
     y      0.003     -0.003      0.000      0.010      0.000      0.000
     z      0.010      0.010      0.021      0.000      0.000      0.000
Atom 2          1          2          3          4          5          6
     x     -0.000      0.000     -0.000     -0.000      0.127      0.069
     y      0.069     -0.069      0.000      0.127     -0.000     -0.000
     z      0.119      0.119      0.169      0.000     -0.000     -0.000
Atom 3          1          2          3          4          5          6
     x     -0.000     -0.000      0.000      0.000     -0.000      0.020
     y      0.035      0.172      0.063     -0.091     -0.000     -0.000
     z     -0.014     -0.072     -0.064      0.028      0.000      0.000
Atom 4          1          2          3          4          5          6
     x     -0.128     -0.052     -0.054     -0.039     -0.069     -0.046
     y     -0.054     -0.050     -0.031     -0.023     -0.039     -0.038
     z     -0.058     -0.028     -0.064     -0.014     -0.024     -0.025
Atom 5          1          2          3          4          5          6
     x      0.128      0.052      0.054      0.039     -0.069     -0.046
     y     -0.054     -0.050     -0.031     -0.023      0.039      0.038
     z     -0.058     -0.028     -0.064     -0.014      0.024      0.025

==== Clamped-ion piezoelectric tensor [C/m²] ====
Mismatch between 2 routes: 1.05e-10 (absolute) 5.36e-10 (relative)
Printing average
            1          2          3          4          5          6
Ex       0.00       0.00       0.00      -0.00      -0.16      -0.20
Ey      -0.20       0.20      -0.00      -0.16      -0.00       0.00
Ez      -0.05      -0.05       0.15      -0.00       0.00       0.00

==== Relaxed-ion dielectric tensor ====
  104.11     0.00     0.00
    0.00   104.11    -0.00
    0.00    -0.00    53.07

==== Relaxed-ion elastic tensor [GPa] ====
     300       94       57      -44       -0       -0
      94      300       57       44       -0       -0
      57       57      293        0       -0       -0
     -44       44        0       54       -0       -0
      -0       -0       -0       -0       54      -44
      -0       -0       -0       -0      -44      103

==== Relaxed-ion piezoelectric tensor [C/m²] ====
            1          2          3          4          5          6
Ex       0.00       0.00       0.00       0.00       7.01       3.89
Ey       3.89      -3.89      -0.00       7.01       0.00       0.00
Ez       3.58       3.58       5.07      -0.00       0.00       0.00
