Running ddk
Running electric field perturbation #1
Running electric field perturbation #2
Running electric field perturbation #3
Running strain perturbation #1
Running strain perturbation #2
Running strain perturbation #3
Running strain perturbation #4
Running strain perturbation #5
Running strain perturbation #6
Running atom perturbation: atom #1 in direction 1
Running atom perturbation: atom #1 in direction 2
Running atom perturbation: atom #1 in direction 3
Running atom perturbation: atom #2 in direction 1
Running atom perturbation: atom #2 in direction 2
Running atom perturbation: atom #2 in direction 3
Running atom perturbation: atom #3 in direction 1
Running atom perturbation: atom #3 in direction 2
Running atom perturbation: atom #3 in direction 3
Running atom perturbation: atom #4 in direction 1
Running atom perturbation: atom #4 in direction 2
Running atom perturbation: atom #4 in direction 3
Running atom perturbation: atom #5 in direction 1
Running atom perturbation: atom #5 in direction 2
Running atom perturbation: atom #5 in direction 3
All finished!
