┌ Info: Threading setup: 
│   Threads.nthreads() = 1
│   n_DFTK = 1
│   n_fft = 1
└   n_blas = 1
┌ Info: 2026-10-05T11:00:54.924
│   length(model0.symmetries) = 48
│   length(symmetries_strain) = 8
│   strain_pattern =
│    6-element Vector{Float64}:
│     1.0
└     ⋮
┌ Warning: Negative ρcore detected: Dual{ForwardDiff.Tag{typeof(f), Float64}}(-2.996104051308846e-5,-0.00025539625720679603)
└ @ DFTK ~/supporting-mgga-addfpt/DFTK-mgga/src/terms/xc.jl:39
┌ Warning: Negative ρcore detected: Dual{ForwardDiff.Tag{typeof(f), Float64}}(-2.996104051308846e-5,-0.00025539625720679603)
└ @ DFTK ~/supporting-mgga-addfpt/DFTK-mgga/src/terms/xc.jl:39
┌ Warning: Negative ρcore detected: Dual{ForwardDiff.Tag{typeof(f), Float64}}(-2.996104051308846e-5,-0.00025539625720679603)
└ @ DFTK ~/supporting-mgga-addfpt/DFTK-mgga/src/terms/xc.jl:39
┌ Warning: Negative ρcore detected: Dual{ForwardDiff.Tag{typeof(f), Float64}}(-2.996104051308846e-5,-0.00025539625720679603)
└ @ DFTK ~/supporting-mgga-addfpt/DFTK-mgga/src/terms/xc.jl:39
┌ Warning: Negative τcore detected: Dual{ForwardDiff.Tag{typeof(f), Float64}}(-0.00023899957284917708,-0.000286196508038664)
└ @ DFTK ~/supporting-mgga-addfpt/DFTK-mgga/src/terms/xc.jl:45
┌ Warning: Negative τcore detected: Dual{ForwardDiff.Tag{typeof(f), Float64}}(-0.00023899957284917708,-0.000286196508038664)
└ @ DFTK ~/supporting-mgga-addfpt/DFTK-mgga/src/terms/xc.jl:45
┌ Warning: Negative τcore detected: Dual{ForwardDiff.Tag{typeof(f), Float64}}(-0.00023899957284917708,-0.000286196508038664)
└ @ DFTK ~/supporting-mgga-addfpt/DFTK-mgga/src/terms/xc.jl:45
┌ Warning: Negative τcore detected: Dual{ForwardDiff.Tag{typeof(f), Float64}}(-0.00023899957284917708,-0.000286196508038664)
└ @ DFTK ~/supporting-mgga-addfpt/DFTK-mgga/src/terms/xc.jl:45
┌ Warning: Negative ρcore detected: -2.9961040513113924e-5
└ @ DFTK ~/supporting-mgga-addfpt/DFTK-mgga/src/terms/xc.jl:39
┌ Warning: Negative ρcore detected: -2.9961040513113924e-5
└ @ DFTK ~/supporting-mgga-addfpt/DFTK-mgga/src/terms/xc.jl:39
┌ Warning: Negative ρcore detected: -2.9961040513113924e-5
└ @ DFTK ~/supporting-mgga-addfpt/DFTK-mgga/src/terms/xc.jl:39
┌ Warning: Negative ρcore detected: -2.9961040513113924e-5
└ @ DFTK ~/supporting-mgga-addfpt/DFTK-mgga/src/terms/xc.jl:39
┌ Warning: Negative τcore detected: -0.00023899957284961314
└ @ DFTK ~/supporting-mgga-addfpt/DFTK-mgga/src/terms/xc.jl:45
┌ Warning: Negative τcore detected: -0.00023899957284961314
└ @ DFTK ~/supporting-mgga-addfpt/DFTK-mgga/src/terms/xc.jl:45
┌ Warning: Negative τcore detected: -0.00023899957284961314
└ @ DFTK ~/supporting-mgga-addfpt/DFTK-mgga/src/terms/xc.jl:45
┌ Warning: Negative τcore detected: -0.00023899957284911422
└ @ DFTK ~/supporting-mgga-addfpt/DFTK-mgga/src/terms/xc.jl:45
┌ Warning: Exchange-correlation term: the kinetic energy density τ is smaller than the von Weizsäcker kinetic energy density τ_W somewhere. This can lead to unphysical results. This can be caused by pseudopotentials without a non-linear core correction for τ, or by an unphysical initial guess for τ. This message is only logged once.
└ @ DFTK ~/supporting-mgga-addfpt/DFTK-mgga/src/terms/xc.jl:405
┌ Warning: Exchange-correlation term: the kinetic energy density τ is smaller than the von Weizsäcker kinetic energy density τ_W somewhere. This can lead to unphysical results. This can be caused by pseudopotentials without a non-linear core correction for τ, or by an unphysical initial guess for τ. This message is only logged once.
└ @ DFTK ~/supporting-mgga-addfpt/DFTK-mgga/src/terms/xc.jl:405
┌ Warning: Exchange-correlation term: the kinetic energy density τ is smaller than the von Weizsäcker kinetic energy density τ_W somewhere. This can lead to unphysical results. This can be caused by pseudopotentials without a non-linear core correction for τ, or by an unphysical initial guess for τ. This message is only logged once.
└ @ DFTK ~/supporting-mgga-addfpt/DFTK-mgga/src/terms/xc.jl:405
┌ Warning: Exchange-correlation term: the kinetic energy density τ is smaller than the von Weizsäcker kinetic energy density τ_W somewhere. This can lead to unphysical results. This can be caused by pseudopotentials without a non-linear core correction for τ, or by an unphysical initial guess for τ. This message is only logged once.
└ @ DFTK ~/supporting-mgga-addfpt/DFTK-mgga/src/terms/xc.jl:405
n     Energy            log10(ΔE)   log10(Δρ)   Diag   Δtime 
---   ---------------   ---------   ---------   ----   ------
  1   -11.73641362615                   -0.73    8.4    10.0s
  2   -11.74241111397       -2.22       -1.58    2.8    4.00s
  3   -11.74258475305       -3.76       -2.24    3.0    1.93s
  4   -11.74258728034       -5.60       -3.88    2.8    1.49s
  5   -11.74258733055       -7.30       -4.47    5.1    2.35s
  6   -11.74258733067       -9.90       -5.18    3.4    2.08s
  7   -11.74258733068      -11.30       -6.84    3.4    1.64s
  8   -11.74258733068      -13.06       -7.44    5.0    2.58s
  9   -11.74258733068   +  -14.75       -8.35    2.8    1.71s
 10   -11.74258733068   +  -14.75       -9.04    3.9    1.77s
 11   -11.74258733068   +    -Inf       -9.99    3.6    2.51s
 12   -11.74258733068   +    -Inf      -10.99    3.4    1.92s
 13   -11.74258733068      -14.75      -12.11    3.7    1.91s
Solving response problem
Iter  Restart  Krydim  log10(res)  avg(CG)  Δtime   Comment
----  -------  ------  ----------  -------  ------  ---------------
                                      23.7   8.36s  Non-interacting
   1        0       1        0.78     21.1   18.3s  
   2        0       2       -0.49     19.6   5.20s  
   3        0       3       -1.43     17.8   4.96s  
   4        0       4       -2.51     16.5   4.64s  
   5        0       5       -3.87     14.8   4.28s  
   6        0       6       -5.66     12.9   3.77s  
   7        0       7       -7.15     10.2   3.68s  
   8        0       8       -8.64      7.4   2.78s  
   9        0       9      -10.06      4.1   2.23s  
  10        0      10      -11.82      1.4   2.09s  
  11        0      11      -13.72      1.0   1.65s  
  12        1       1      -11.86     24.7   7.35s  Restart
  13        1       2      -13.23      2.5   2.28s  
                                      22.1   5.77s  Final orbitals
┌ Warning: Negative ρcore detected: Dual{ForwardDiff.Tag{DFTK.var"#1369#1370"{StaticArraysCore.SMatrix{3, 3, ForwardDiff.Dual{ForwardDiff.Tag{typeof(f), Float64}, Float64, 1}, 9}, DFTK.var"#HF_energy#1368"{Vector{Vector{ForwardDiff.Dual{ForwardDiff.Tag{typeof(f), Float64}, Float64, 1}}}, ForwardDiff.Dual{ForwardDiff.Tag{typeof(f), Float64}, Float64, 1}, Vector{Matrix{Complex{ForwardDiff.Dual{ForwardDiff.Tag{typeof(f), Float64}, Float64, 1}}}}, Vector{Vector{ForwardDiff.Dual{ForwardDiff.Tag{typeof(f), Float64}, Float64, 1}}}}}, ForwardDiff.Dual{ForwardDiff.Tag{typeof(f), Float64}, Float64, 1}}}(Dual{ForwardDiff.Tag{typeof(f), Float64}}(-2.9961040513113924e-5,-0.00025539625720680877),Dual{ForwardDiff.Tag{typeof(f), Float64}}(-0.00024990422117360554,0.0016132509474289243))
└ @ DFTK ~/supporting-mgga-addfpt/DFTK-mgga/src/terms/xc.jl:39
┌ Warning: Negative ρcore detected: Dual{ForwardDiff.Tag{DFTK.var"#1369#1370"{StaticArraysCore.SMatrix{3, 3, ForwardDiff.Dual{ForwardDiff.Tag{typeof(f), Float64}, Float64, 1}, 9}, DFTK.var"#HF_energy#1368"{Vector{Vector{ForwardDiff.Dual{ForwardDiff.Tag{typeof(f), Float64}, Float64, 1}}}, ForwardDiff.Dual{ForwardDiff.Tag{typeof(f), Float64}, Float64, 1}, Vector{Matrix{Complex{ForwardDiff.Dual{ForwardDiff.Tag{typeof(f), Float64}, Float64, 1}}}}, Vector{Vector{ForwardDiff.Dual{ForwardDiff.Tag{typeof(f), Float64}, Float64, 1}}}}}, ForwardDiff.Dual{ForwardDiff.Tag{typeof(f), Float64}, Float64, 1}}}(Dual{ForwardDiff.Tag{typeof(f), Float64}}(-2.9961040513113924e-5,-0.0002553962572067833),Dual{ForwardDiff.Tag{typeof(f), Float64}}(-0.00024990422117360554,0.0016132509474289117))
└ @ DFTK ~/supporting-mgga-addfpt/DFTK-mgga/src/terms/xc.jl:39
┌ Warning: Negative ρcore detected: Dual{ForwardDiff.Tag{DFTK.var"#1369#1370"{StaticArraysCore.SMatrix{3, 3, ForwardDiff.Dual{ForwardDiff.Tag{typeof(f), Float64}, Float64, 1}, 9}, DFTK.var"#HF_energy#1368"{Vector{Vector{ForwardDiff.Dual{ForwardDiff.Tag{typeof(f), Float64}, Float64, 1}}}, ForwardDiff.Dual{ForwardDiff.Tag{typeof(f), Float64}, Float64, 1}, Vector{Matrix{Complex{ForwardDiff.Dual{ForwardDiff.Tag{typeof(f), Float64}, Float64, 1}}}}, Vector{Vector{ForwardDiff.Dual{ForwardDiff.Tag{typeof(f), Float64}, Float64, 1}}}}}, ForwardDiff.Dual{ForwardDiff.Tag{typeof(f), Float64}, Float64, 1}}}(Dual{ForwardDiff.Tag{typeof(f), Float64}}(-2.9961040513113924e-5,-0.0002553962572067833),Dual{ForwardDiff.Tag{typeof(f), Float64}}(-0.00024990422117360554,0.0016132509474289117))
└ @ DFTK ~/supporting-mgga-addfpt/DFTK-mgga/src/terms/xc.jl:39
┌ Warning: Negative ρcore detected: Dual{ForwardDiff.Tag{DFTK.var"#1369#1370"{StaticArraysCore.SMatrix{3, 3, ForwardDiff.Dual{ForwardDiff.Tag{typeof(f), Float64}, Float64, 1}, 9}, DFTK.var"#HF_energy#1368"{Vector{Vector{ForwardDiff.Dual{ForwardDiff.Tag{typeof(f), Float64}, Float64, 1}}}, ForwardDiff.Dual{ForwardDiff.Tag{typeof(f), Float64}, Float64, 1}, Vector{Matrix{Complex{ForwardDiff.Dual{ForwardDiff.Tag{typeof(f), Float64}, Float64, 1}}}}, Vector{Vector{ForwardDiff.Dual{ForwardDiff.Tag{typeof(f), Float64}, Float64, 1}}}}}, ForwardDiff.Dual{ForwardDiff.Tag{typeof(f), Float64}, Float64, 1}}}(Dual{ForwardDiff.Tag{typeof(f), Float64}}(-2.9961040513113924e-5,-0.0002553962572067833),Dual{ForwardDiff.Tag{typeof(f), Float64}}(-0.00024990422117360554,0.0016132509474289117))
└ @ DFTK ~/supporting-mgga-addfpt/DFTK-mgga/src/terms/xc.jl:39
┌ Warning: Negative τcore detected: Dual{ForwardDiff.Tag{DFTK.var"#1369#1370"{StaticArraysCore.SMatrix{3, 3, ForwardDiff.Dual{ForwardDiff.Tag{typeof(f), Float64}, Float64, 1}, 9}, DFTK.var"#HF_energy#1368"{Vector{Vector{ForwardDiff.Dual{ForwardDiff.Tag{typeof(f), Float64}, Float64, 1}}}, ForwardDiff.Dual{ForwardDiff.Tag{typeof(f), Float64}, Float64, 1}, Vector{Matrix{Complex{ForwardDiff.Dual{ForwardDiff.Tag{typeof(f), Float64}, Float64, 1}}}}, Vector{Vector{ForwardDiff.Dual{ForwardDiff.Tag{typeof(f), Float64}, Float64, 1}}}}}, ForwardDiff.Dual{ForwardDiff.Tag{typeof(f), Float64}, Float64, 1}}}(Dual{ForwardDiff.Tag{typeof(f), Float64}}(-0.00023899957284920573,-0.00024531936630088397),Dual{ForwardDiff.Tag{typeof(f), Float64}}(-8.862212979945919e-5,0.032804828726220536))
└ @ DFTK ~/supporting-mgga-addfpt/DFTK-mgga/src/terms/xc.jl:45
┌ Warning: Negative τcore detected: Dual{ForwardDiff.Tag{DFTK.var"#1369#1370"{StaticArraysCore.SMatrix{3, 3, ForwardDiff.Dual{ForwardDiff.Tag{typeof(f), Float64}, Float64, 1}, 9}, DFTK.var"#HF_energy#1368"{Vector{Vector{ForwardDiff.Dual{ForwardDiff.Tag{typeof(f), Float64}, Float64, 1}}}, ForwardDiff.Dual{ForwardDiff.Tag{typeof(f), Float64}, Float64, 1}, Vector{Matrix{Complex{ForwardDiff.Dual{ForwardDiff.Tag{typeof(f), Float64}, Float64, 1}}}}, Vector{Vector{ForwardDiff.Dual{ForwardDiff.Tag{typeof(f), Float64}, Float64, 1}}}}}, ForwardDiff.Dual{ForwardDiff.Tag{typeof(f), Float64}, Float64, 1}}}(Dual{ForwardDiff.Tag{typeof(f), Float64}}(-0.00023899957284904022,-0.0002453193663002028),Dual{ForwardDiff.Tag{typeof(f), Float64}}(-8.86221297993637e-5,0.032804828726217455))
└ @ DFTK ~/supporting-mgga-addfpt/DFTK-mgga/src/terms/xc.jl:45
┌ Warning: Negative τcore detected: Dual{ForwardDiff.Tag{DFTK.var"#1369#1370"{StaticArraysCore.SMatrix{3, 3, ForwardDiff.Dual{ForwardDiff.Tag{typeof(f), Float64}, Float64, 1}, 9}, DFTK.var"#HF_energy#1368"{Vector{Vector{ForwardDiff.Dual{ForwardDiff.Tag{typeof(f), Float64}, Float64, 1}}}, ForwardDiff.Dual{ForwardDiff.Tag{typeof(f), Float64}, Float64, 1}, Vector{Matrix{Complex{ForwardDiff.Dual{ForwardDiff.Tag{typeof(f), Float64}, Float64, 1}}}}, Vector{Vector{ForwardDiff.Dual{ForwardDiff.Tag{typeof(f), Float64}, Float64, 1}}}}}, ForwardDiff.Dual{ForwardDiff.Tag{typeof(f), Float64}, Float64, 1}}}(Dual{ForwardDiff.Tag{typeof(f), Float64}}(-0.00023899957284904022,-0.0002453193663002028),Dual{ForwardDiff.Tag{typeof(f), Float64}}(-8.86221297993637e-5,0.032804828726217455))
└ @ DFTK ~/supporting-mgga-addfpt/DFTK-mgga/src/terms/xc.jl:45
┌ Warning: Negative τcore detected: Dual{ForwardDiff.Tag{DFTK.var"#1369#1370"{StaticArraysCore.SMatrix{3, 3, ForwardDiff.Dual{ForwardDiff.Tag{typeof(f), Float64}, Float64, 1}, 9}, DFTK.var"#HF_energy#1368"{Vector{Vector{ForwardDiff.Dual{ForwardDiff.Tag{typeof(f), Float64}, Float64, 1}}}, ForwardDiff.Dual{ForwardDiff.Tag{typeof(f), Float64}, Float64, 1}, Vector{Matrix{Complex{ForwardDiff.Dual{ForwardDiff.Tag{typeof(f), Float64}, Float64, 1}}}}, Vector{Vector{ForwardDiff.Dual{ForwardDiff.Tag{typeof(f), Float64}, Float64, 1}}}}}, ForwardDiff.Dual{ForwardDiff.Tag{typeof(f), Float64}, Float64, 1}}}(Dual{ForwardDiff.Tag{typeof(f), Float64}}(-0.00023899957284904022,-0.0002453193663002028),Dual{ForwardDiff.Tag{typeof(f), Float64}}(-8.86221297993637e-5,0.032804828726217455))
└ @ DFTK ~/supporting-mgga-addfpt/DFTK-mgga/src/terms/xc.jl:45
┌ Warning: Negative ρcore detected: Dual{ForwardDiff.Tag{DFTK.var"#1369#1370"{StaticArraysCore.SMatrix{3, 3, ForwardDiff.Dual{ForwardDiff.Tag{typeof(f), Float64}, Float64, 1}, 9}, DFTK.var"#HF_energy#1368"{Vector{Vector{ForwardDiff.Dual{ForwardDiff.Tag{typeof(f), Float64}, Float64, 1}}}, ForwardDiff.Dual{ForwardDiff.Tag{typeof(f), Float64}, Float64, 1}, Vector{Matrix{Complex{ForwardDiff.Dual{ForwardDiff.Tag{typeof(f), Float64}, Float64, 1}}}}, Vector{Vector{ForwardDiff.Dual{ForwardDiff.Tag{typeof(f), Float64}, Float64, 1}}}}}, ForwardDiff.Dual{ForwardDiff.Tag{typeof(f), Float64}, Float64, 1}}}(Dual{ForwardDiff.Tag{typeof(f), Float64}}(-2.9961040513113924e-5,-0.0002553962572067833),Dual{ForwardDiff.Tag{typeof(f), Float64}}(-0.00019709381130241828,0.0020244966699929185))
└ @ DFTK ~/supporting-mgga-addfpt/DFTK-mgga/src/terms/xc.jl:39
┌ Warning: Negative ρcore detected: Dual{ForwardDiff.Tag{DFTK.var"#1369#1370"{StaticArraysCore.SMatrix{3, 3, ForwardDiff.Dual{ForwardDiff.Tag{typeof(f), Float64}, Float64, 1}, 9}, DFTK.var"#HF_energy#1368"{Vector{Vector{ForwardDiff.Dual{ForwardDiff.Tag{typeof(f), Float64}, Float64, 1}}}, ForwardDiff.Dual{ForwardDiff.Tag{typeof(f), Float64}, Float64, 1}, Vector{Matrix{Complex{ForwardDiff.Dual{ForwardDiff.Tag{typeof(f), Float64}, Float64, 1}}}}, Vector{Vector{ForwardDiff.Dual{ForwardDiff.Tag{typeof(f), Float64}, Float64, 1}}}}}, ForwardDiff.Dual{ForwardDiff.Tag{typeof(f), Float64}, Float64, 1}}}(Dual{ForwardDiff.Tag{typeof(f), Float64}}(-2.9961040513113924e-5,-0.00025539625720680877),Dual{ForwardDiff.Tag{typeof(f), Float64}}(-0.00019709381130240554,0.002024496669992949))
└ @ DFTK ~/supporting-mgga-addfpt/DFTK-mgga/src/terms/xc.jl:39
┌ Warning: Negative ρcore detected: Dual{ForwardDiff.Tag{DFTK.var"#1369#1370"{StaticArraysCore.SMatrix{3, 3, ForwardDiff.Dual{ForwardDiff.Tag{typeof(f), Float64}, Float64, 1}, 9}, DFTK.var"#HF_energy#1368"{Vector{Vector{ForwardDiff.Dual{ForwardDiff.Tag{typeof(f), Float64}, Float64, 1}}}, ForwardDiff.Dual{ForwardDiff.Tag{typeof(f), Float64}, Float64, 1}, Vector{Matrix{Complex{ForwardDiff.Dual{ForwardDiff.Tag{typeof(f), Float64}, Float64, 1}}}}, Vector{Vector{ForwardDiff.Dual{ForwardDiff.Tag{typeof(f), Float64}, Float64, 1}}}}}, ForwardDiff.Dual{ForwardDiff.Tag{typeof(f), Float64}, Float64, 1}}}(Dual{ForwardDiff.Tag{typeof(f), Float64}}(-2.9961040513113924e-5,-0.0002553962572067833),Dual{ForwardDiff.Tag{typeof(f), Float64}}(-0.00019709381130241828,0.0020244966699929185))
└ @ DFTK ~/supporting-mgga-addfpt/DFTK-mgga/src/terms/xc.jl:39
┌ Warning: Negative ρcore detected: Dual{ForwardDiff.Tag{DFTK.var"#1369#1370"{StaticArraysCore.SMatrix{3, 3, ForwardDiff.Dual{ForwardDiff.Tag{typeof(f), Float64}, Float64, 1}, 9}, DFTK.var"#HF_energy#1368"{Vector{Vector{ForwardDiff.Dual{ForwardDiff.Tag{typeof(f), Float64}, Float64, 1}}}, ForwardDiff.Dual{ForwardDiff.Tag{typeof(f), Float64}, Float64, 1}, Vector{Matrix{Complex{ForwardDiff.Dual{ForwardDiff.Tag{typeof(f), Float64}, Float64, 1}}}}, Vector{Vector{ForwardDiff.Dual{ForwardDiff.Tag{typeof(f), Float64}, Float64, 1}}}}}, ForwardDiff.Dual{ForwardDiff.Tag{typeof(f), Float64}, Float64, 1}}}(Dual{ForwardDiff.Tag{typeof(f), Float64}}(-2.9961040513113924e-5,-0.0002553962572067833),Dual{ForwardDiff.Tag{typeof(f), Float64}}(-0.00019709381130241828,0.0020244966699929185))
└ @ DFTK ~/supporting-mgga-addfpt/DFTK-mgga/src/terms/xc.jl:39
┌ Warning: Negative τcore detected: Dual{ForwardDiff.Tag{DFTK.var"#1369#1370"{StaticArraysCore.SMatrix{3, 3, ForwardDiff.Dual{ForwardDiff.Tag{typeof(f), Float64}, Float64, 1}, 9}, DFTK.var"#HF_energy#1368"{Vector{Vector{ForwardDiff.Dual{ForwardDiff.Tag{typeof(f), Float64}, Float64, 1}}}, ForwardDiff.Dual{ForwardDiff.Tag{typeof(f), Float64}, Float64, 1}, Vector{Matrix{Complex{ForwardDiff.Dual{ForwardDiff.Tag{typeof(f), Float64}, Float64, 1}}}}, Vector{Vector{ForwardDiff.Dual{ForwardDiff.Tag{typeof(f), Float64}, Float64, 1}}}}}, ForwardDiff.Dual{ForwardDiff.Tag{typeof(f), Float64}, Float64, 1}}}(Dual{ForwardDiff.Tag{typeof(f), Float64}}(-0.00023899957284904022,-0.0002453193663002028),Dual{ForwardDiff.Tag{typeof(f), Float64}}(-0.00018041624770657696,0.002838225242855295))
└ @ DFTK ~/supporting-mgga-addfpt/DFTK-mgga/src/terms/xc.jl:45
┌ Warning: Negative τcore detected: Dual{ForwardDiff.Tag{DFTK.var"#1369#1370"{StaticArraysCore.SMatrix{3, 3, ForwardDiff.Dual{ForwardDiff.Tag{typeof(f), Float64}, Float64, 1}, 9}, DFTK.var"#HF_energy#1368"{Vector{Vector{ForwardDiff.Dual{ForwardDiff.Tag{typeof(f), Float64}, Float64, 1}}}, ForwardDiff.Dual{ForwardDiff.Tag{typeof(f), Float64}, Float64, 1}, Vector{Matrix{Complex{ForwardDiff.Dual{ForwardDiff.Tag{typeof(f), Float64}, Float64, 1}}}}, Vector{Vector{ForwardDiff.Dual{ForwardDiff.Tag{typeof(f), Float64}, Float64, 1}}}}}, ForwardDiff.Dual{ForwardDiff.Tag{typeof(f), Float64}, Float64, 1}}}(Dual{ForwardDiff.Tag{typeof(f), Float64}}(-0.00023899957284920573,-0.00024531936630088397),Dual{ForwardDiff.Tag{typeof(f), Float64}}(-8.862212979956105e-5,0.031919794243409225))
└ @ DFTK ~/supporting-mgga-addfpt/DFTK-mgga/src/terms/xc.jl:45
┌ Warning: Negative τcore detected: Dual{ForwardDiff.Tag{DFTK.var"#1369#1370"{StaticArraysCore.SMatrix{3, 3, ForwardDiff.Dual{ForwardDiff.Tag{typeof(f), Float64}, Float64, 1}, 9}, DFTK.var"#HF_energy#1368"{Vector{Vector{ForwardDiff.Dual{ForwardDiff.Tag{typeof(f), Float64}, Float64, 1}}}, ForwardDiff.Dual{ForwardDiff.Tag{typeof(f), Float64}, Float64, 1}, Vector{Matrix{Complex{ForwardDiff.Dual{ForwardDiff.Tag{typeof(f), Float64}, Float64, 1}}}}, Vector{Vector{ForwardDiff.Dual{ForwardDiff.Tag{typeof(f), Float64}, Float64, 1}}}}}, ForwardDiff.Dual{ForwardDiff.Tag{typeof(f), Float64}, Float64, 1}}}(Dual{ForwardDiff.Tag{typeof(f), Float64}}(-0.00023899957284904022,-0.0002453193663002028),Dual{ForwardDiff.Tag{typeof(f), Float64}}(-0.00018041624770657696,0.002838225242855295))
└ @ DFTK ~/supporting-mgga-addfpt/DFTK-mgga/src/terms/xc.jl:45
┌ Warning: Negative τcore detected: Dual{ForwardDiff.Tag{DFTK.var"#1369#1370"{StaticArraysCore.SMatrix{3, 3, ForwardDiff.Dual{ForwardDiff.Tag{typeof(f), Float64}, Float64, 1}, 9}, DFTK.var"#HF_energy#1368"{Vector{Vector{ForwardDiff.Dual{ForwardDiff.Tag{typeof(f), Float64}, Float64, 1}}}, ForwardDiff.Dual{ForwardDiff.Tag{typeof(f), Float64}, Float64, 1}, Vector{Matrix{Complex{ForwardDiff.Dual{ForwardDiff.Tag{typeof(f), Float64}, Float64, 1}}}}, Vector{Vector{ForwardDiff.Dual{ForwardDiff.Tag{typeof(f), Float64}, Float64, 1}}}}}, ForwardDiff.Dual{ForwardDiff.Tag{typeof(f), Float64}, Float64, 1}}}(Dual{ForwardDiff.Tag{typeof(f), Float64}}(-0.00023899957284904022,-0.0002453193663002028),Dual{ForwardDiff.Tag{typeof(f), Float64}}(-0.00018041624770657696,0.002838225242855295))
└ @ DFTK ~/supporting-mgga-addfpt/DFTK-mgga/src/terms/xc.jl:45
┌ Warning: Negative ρcore detected: Dual{ForwardDiff.Tag{DFTK.var"#1369#1370"{StaticArraysCore.SMatrix{3, 3, ForwardDiff.Dual{ForwardDiff.Tag{typeof(f), Float64}, Float64, 1}, 9}, DFTK.var"#HF_energy#1368"{Vector{Vector{ForwardDiff.Dual{ForwardDiff.Tag{typeof(f), Float64}, Float64, 1}}}, ForwardDiff.Dual{ForwardDiff.Tag{typeof(f), Float64}, Float64, 1}, Vector{Matrix{Complex{ForwardDiff.Dual{ForwardDiff.Tag{typeof(f), Float64}, Float64, 1}}}}, Vector{Vector{ForwardDiff.Dual{ForwardDiff.Tag{typeof(f), Float64}, Float64, 1}}}}}, ForwardDiff.Dual{ForwardDiff.Tag{typeof(f), Float64}, Float64, 1}}}(Dual{ForwardDiff.Tag{typeof(f), Float64}}(-2.9961040513113924e-5,-0.0002553962572067833),Dual{ForwardDiff.Tag{typeof(f), Float64}}(-3.150323860268043e-5,5.239658303816865e-5))
└ @ DFTK ~/supporting-mgga-addfpt/DFTK-mgga/src/terms/xc.jl:39
┌ Warning: Negative ρcore detected: Dual{ForwardDiff.Tag{DFTK.var"#1369#1370"{StaticArraysCore.SMatrix{3, 3, ForwardDiff.Dual{ForwardDiff.Tag{typeof(f), Float64}, Float64, 1}, 9}, DFTK.var"#HF_energy#1368"{Vector{Vector{ForwardDiff.Dual{ForwardDiff.Tag{typeof(f), Float64}, Float64, 1}}}, ForwardDiff.Dual{ForwardDiff.Tag{typeof(f), Float64}, Float64, 1}, Vector{Matrix{Complex{ForwardDiff.Dual{ForwardDiff.Tag{typeof(f), Float64}, Float64, 1}}}}, Vector{Vector{ForwardDiff.Dual{ForwardDiff.Tag{typeof(f), Float64}, Float64, 1}}}}}, ForwardDiff.Dual{ForwardDiff.Tag{typeof(f), Float64}, Float64, 1}}}(Dual{ForwardDiff.Tag{typeof(f), Float64}}(-2.9961040513113924e-5,-0.0002553962572067833),Dual{ForwardDiff.Tag{typeof(f), Float64}}(-3.150323860268043e-5,5.239658303816865e-5))
└ @ DFTK ~/supporting-mgga-addfpt/DFTK-mgga/src/terms/xc.jl:39
┌ Warning: Negative ρcore detected: Dual{ForwardDiff.Tag{DFTK.var"#1369#1370"{StaticArraysCore.SMatrix{3, 3, ForwardDiff.Dual{ForwardDiff.Tag{typeof(f), Float64}, Float64, 1}, 9}, DFTK.var"#HF_energy#1368"{Vector{Vector{ForwardDiff.Dual{ForwardDiff.Tag{typeof(f), Float64}, Float64, 1}}}, ForwardDiff.Dual{ForwardDiff.Tag{typeof(f), Float64}, Float64, 1}, Vector{Matrix{Complex{ForwardDiff.Dual{ForwardDiff.Tag{typeof(f), Float64}, Float64, 1}}}}, Vector{Vector{ForwardDiff.Dual{ForwardDiff.Tag{typeof(f), Float64}, Float64, 1}}}}}, ForwardDiff.Dual{ForwardDiff.Tag{typeof(f), Float64}, Float64, 1}}}(Dual{ForwardDiff.Tag{typeof(f), Float64}}(-2.9961040513113924e-5,-0.00025539625720680877),Dual{ForwardDiff.Tag{typeof(f), Float64}}(-3.15032386026868e-5,5.239658303817184e-5))
└ @ DFTK ~/supporting-mgga-addfpt/DFTK-mgga/src/terms/xc.jl:39
┌ Warning: Negative ρcore detected: Dual{ForwardDiff.Tag{DFTK.var"#1369#1370"{StaticArraysCore.SMatrix{3, 3, ForwardDiff.Dual{ForwardDiff.Tag{typeof(f), Float64}, Float64, 1}, 9}, DFTK.var"#HF_energy#1368"{Vector{Vector{ForwardDiff.Dual{ForwardDiff.Tag{typeof(f), Float64}, Float64, 1}}}, ForwardDiff.Dual{ForwardDiff.Tag{typeof(f), Float64}, Float64, 1}, Vector{Matrix{Complex{ForwardDiff.Dual{ForwardDiff.Tag{typeof(f), Float64}, Float64, 1}}}}, Vector{Vector{ForwardDiff.Dual{ForwardDiff.Tag{typeof(f), Float64}, Float64, 1}}}}}, ForwardDiff.Dual{ForwardDiff.Tag{typeof(f), Float64}, Float64, 1}}}(Dual{ForwardDiff.Tag{typeof(f), Float64}}(-2.9961040513113924e-5,-0.0002553962572067833),Dual{ForwardDiff.Tag{typeof(f), Float64}}(-3.150323860268043e-5,5.239658303816865e-5))
└ @ DFTK ~/supporting-mgga-addfpt/DFTK-mgga/src/terms/xc.jl:39
┌ Warning: Negative τcore detected: Dual{ForwardDiff.Tag{DFTK.var"#1369#1370"{StaticArraysCore.SMatrix{3, 3, ForwardDiff.Dual{ForwardDiff.Tag{typeof(f), Float64}, Float64, 1}, 9}, DFTK.var"#HF_energy#1368"{Vector{Vector{ForwardDiff.Dual{ForwardDiff.Tag{typeof(f), Float64}, Float64, 1}}}, ForwardDiff.Dual{ForwardDiff.Tag{typeof(f), Float64}, Float64, 1}, Vector{Matrix{Complex{ForwardDiff.Dual{ForwardDiff.Tag{typeof(f), Float64}, Float64, 1}}}}, Vector{Vector{ForwardDiff.Dual{ForwardDiff.Tag{typeof(f), Float64}, Float64, 1}}}}}, ForwardDiff.Dual{ForwardDiff.Tag{typeof(f), Float64}, Float64, 1}}}(Dual{ForwardDiff.Tag{typeof(f), Float64}}(-0.00023899957284904022,-0.0002453193663002028),Dual{ForwardDiff.Tag{typeof(f), Float64}}(-8.8622129799682e-5,0.031919794243408295))
└ @ DFTK ~/supporting-mgga-addfpt/DFTK-mgga/src/terms/xc.jl:45
┌ Warning: Negative τcore detected: Dual{ForwardDiff.Tag{DFTK.var"#1369#1370"{StaticArraysCore.SMatrix{3, 3, ForwardDiff.Dual{ForwardDiff.Tag{typeof(f), Float64}, Float64, 1}, 9}, DFTK.var"#HF_energy#1368"{Vector{Vector{ForwardDiff.Dual{ForwardDiff.Tag{typeof(f), Float64}, Float64, 1}}}, ForwardDiff.Dual{ForwardDiff.Tag{typeof(f), Float64}, Float64, 1}, Vector{Matrix{Complex{ForwardDiff.Dual{ForwardDiff.Tag{typeof(f), Float64}, Float64, 1}}}}, Vector{Vector{ForwardDiff.Dual{ForwardDiff.Tag{typeof(f), Float64}, Float64, 1}}}}}, ForwardDiff.Dual{ForwardDiff.Tag{typeof(f), Float64}, Float64, 1}}}(Dual{ForwardDiff.Tag{typeof(f), Float64}}(-0.00023899957284904022,-0.0002453193663002028),Dual{ForwardDiff.Tag{typeof(f), Float64}}(-8.8622129799682e-5,0.031919794243408295))
└ @ DFTK ~/supporting-mgga-addfpt/DFTK-mgga/src/terms/xc.jl:45
┌ Warning: Negative τcore detected: Dual{ForwardDiff.Tag{DFTK.var"#1369#1370"{StaticArraysCore.SMatrix{3, 3, ForwardDiff.Dual{ForwardDiff.Tag{typeof(f), Float64}, Float64, 1}, 9}, DFTK.var"#HF_energy#1368"{Vector{Vector{ForwardDiff.Dual{ForwardDiff.Tag{typeof(f), Float64}, Float64, 1}}}, ForwardDiff.Dual{ForwardDiff.Tag{typeof(f), Float64}, Float64, 1}, Vector{Matrix{Complex{ForwardDiff.Dual{ForwardDiff.Tag{typeof(f), Float64}, Float64, 1}}}}, Vector{Vector{ForwardDiff.Dual{ForwardDiff.Tag{typeof(f), Float64}, Float64, 1}}}}}, ForwardDiff.Dual{ForwardDiff.Tag{typeof(f), Float64}, Float64, 1}}}(Dual{ForwardDiff.Tag{typeof(f), Float64}}(-0.00023899957284904022,-0.0002453193663002028),Dual{ForwardDiff.Tag{typeof(f), Float64}}(-8.8622129799682e-5,0.031919794243408295))
└ @ DFTK ~/supporting-mgga-addfpt/DFTK-mgga/src/terms/xc.jl:45
┌ Warning: Negative τcore detected: Dual{ForwardDiff.Tag{DFTK.var"#1369#1370"{StaticArraysCore.SMatrix{3, 3, ForwardDiff.Dual{ForwardDiff.Tag{typeof(f), Float64}, Float64, 1}, 9}, DFTK.var"#HF_energy#1368"{Vector{Vector{ForwardDiff.Dual{ForwardDiff.Tag{typeof(f), Float64}, Float64, 1}}}, ForwardDiff.Dual{ForwardDiff.Tag{typeof(f), Float64}, Float64, 1}, Vector{Matrix{Complex{ForwardDiff.Dual{ForwardDiff.Tag{typeof(f), Float64}, Float64, 1}}}}, Vector{Vector{ForwardDiff.Dual{ForwardDiff.Tag{typeof(f), Float64}, Float64, 1}}}}}, ForwardDiff.Dual{ForwardDiff.Tag{typeof(f), Float64}, Float64, 1}}}(Dual{ForwardDiff.Tag{typeof(f), Float64}}(-0.00023899957284920573,-0.00024531936630088397),Dual{ForwardDiff.Tag{typeof(f), Float64}}(-0.0001804162477071308,0.002838225242857838))
└ @ DFTK ~/supporting-mgga-addfpt/DFTK-mgga/src/terms/xc.jl:45
┌ Warning: Negative ρcore detected: Dual{ForwardDiff.Tag{DFTK.var"#1369#1370"{StaticArraysCore.SMatrix{3, 3, ForwardDiff.Dual{ForwardDiff.Tag{typeof(f), Float64}, Float64, 1}, 9}, DFTK.var"#HF_energy#1368"{Vector{Vector{ForwardDiff.Dual{ForwardDiff.Tag{typeof(f), Float64}, Float64, 1}}}, ForwardDiff.Dual{ForwardDiff.Tag{typeof(f), Float64}, Float64, 1}, Vector{Matrix{Complex{ForwardDiff.Dual{ForwardDiff.Tag{typeof(f), Float64}, Float64, 1}}}}, Vector{Vector{ForwardDiff.Dual{ForwardDiff.Tag{typeof(f), Float64}, Float64, 1}}}}}, ForwardDiff.Dual{ForwardDiff.Tag{typeof(f), Float64}, Float64, 1}}}(Dual{ForwardDiff.Tag{typeof(f), Float64}}(-2.9961040513113924e-5,-0.0002553962572067833),Dual{ForwardDiff.Tag{typeof(f), Float64}}(-5.4920360332311475e-6,3.300963139921073e-5))
└ @ DFTK ~/supporting-mgga-addfpt/DFTK-mgga/src/terms/xc.jl:39
┌ Warning: Negative ρcore detected: Dual{ForwardDiff.Tag{DFTK.var"#1369#1370"{StaticArraysCore.SMatrix{3, 3, ForwardDiff.Dual{ForwardDiff.Tag{typeof(f), Float64}, Float64, 1}, 9}, DFTK.var"#HF_energy#1368"{Vector{Vector{ForwardDiff.Dual{ForwardDiff.Tag{typeof(f), Float64}, Float64, 1}}}, ForwardDiff.Dual{ForwardDiff.Tag{typeof(f), Float64}, Float64, 1}, Vector{Matrix{Complex{ForwardDiff.Dual{ForwardDiff.Tag{typeof(f), Float64}, Float64, 1}}}}, Vector{Vector{ForwardDiff.Dual{ForwardDiff.Tag{typeof(f), Float64}, Float64, 1}}}}}, ForwardDiff.Dual{ForwardDiff.Tag{typeof(f), Float64}, Float64, 1}}}(Dual{ForwardDiff.Tag{typeof(f), Float64}}(-2.9961040513113924e-5,-0.0002553962572067833),Dual{ForwardDiff.Tag{typeof(f), Float64}}(-5.4920360332311475e-6,3.300963139921073e-5))
└ @ DFTK ~/supporting-mgga-addfpt/DFTK-mgga/src/terms/xc.jl:39
┌ Warning: Negative ρcore detected: Dual{ForwardDiff.Tag{DFTK.var"#1369#1370"{StaticArraysCore.SMatrix{3, 3, ForwardDiff.Dual{ForwardDiff.Tag{typeof(f), Float64}, Float64, 1}, 9}, DFTK.var"#HF_energy#1368"{Vector{Vector{ForwardDiff.Dual{ForwardDiff.Tag{typeof(f), Float64}, Float64, 1}}}, ForwardDiff.Dual{ForwardDiff.Tag{typeof(f), Float64}, Float64, 1}, Vector{Matrix{Complex{ForwardDiff.Dual{ForwardDiff.Tag{typeof(f), Float64}, Float64, 1}}}}, Vector{Vector{ForwardDiff.Dual{ForwardDiff.Tag{typeof(f), Float64}, Float64, 1}}}}}, ForwardDiff.Dual{ForwardDiff.Tag{typeof(f), Float64}, Float64, 1}}}(Dual{ForwardDiff.Tag{typeof(f), Float64}}(-2.9961040513113924e-5,-0.0002553962572067833),Dual{ForwardDiff.Tag{typeof(f), Float64}}(-5.4920360332311475e-6,3.300963139921073e-5))
└ @ DFTK ~/supporting-mgga-addfpt/DFTK-mgga/src/terms/xc.jl:39
┌ Warning: Negative ρcore detected: Dual{ForwardDiff.Tag{DFTK.var"#1369#1370"{StaticArraysCore.SMatrix{3, 3, ForwardDiff.Dual{ForwardDiff.Tag{typeof(f), Float64}, Float64, 1}, 9}, DFTK.var"#HF_energy#1368"{Vector{Vector{ForwardDiff.Dual{ForwardDiff.Tag{typeof(f), Float64}, Float64, 1}}}, ForwardDiff.Dual{ForwardDiff.Tag{typeof(f), Float64}, Float64, 1}, Vector{Matrix{Complex{ForwardDiff.Dual{ForwardDiff.Tag{typeof(f), Float64}, Float64, 1}}}}, Vector{Vector{ForwardDiff.Dual{ForwardDiff.Tag{typeof(f), Float64}, Float64, 1}}}}}, ForwardDiff.Dual{ForwardDiff.Tag{typeof(f), Float64}, Float64, 1}}}(Dual{ForwardDiff.Tag{typeof(f), Float64}}(-2.9961040513113924e-5,-0.00025539625720680877),Dual{ForwardDiff.Tag{typeof(f), Float64}}(-5.4920360332311475e-6,3.300963139921073e-5))
└ @ DFTK ~/supporting-mgga-addfpt/DFTK-mgga/src/terms/xc.jl:39
┌ Warning: Negative τcore detected: Dual{ForwardDiff.Tag{DFTK.var"#1369#1370"{StaticArraysCore.SMatrix{3, 3, ForwardDiff.Dual{ForwardDiff.Tag{typeof(f), Float64}, Float64, 1}, 9}, DFTK.var"#HF_energy#1368"{Vector{Vector{ForwardDiff.Dual{ForwardDiff.Tag{typeof(f), Float64}, Float64, 1}}}, ForwardDiff.Dual{ForwardDiff.Tag{typeof(f), Float64}, Float64, 1}, Vector{Matrix{Complex{ForwardDiff.Dual{ForwardDiff.Tag{typeof(f), Float64}, Float64, 1}}}}, Vector{Vector{ForwardDiff.Dual{ForwardDiff.Tag{typeof(f), Float64}, Float64, 1}}}}}, ForwardDiff.Dual{ForwardDiff.Tag{typeof(f), Float64}, Float64, 1}}}(Dual{ForwardDiff.Tag{typeof(f), Float64}}(-0.00023899957284904022,-0.0002453193663002028),Dual{ForwardDiff.Tag{typeof(f), Float64}}(-0.00015669723650073726,0.0026510472413160194))
└ @ DFTK ~/supporting-mgga-addfpt/DFTK-mgga/src/terms/xc.jl:45
┌ Warning: Negative τcore detected: Dual{ForwardDiff.Tag{DFTK.var"#1369#1370"{StaticArraysCore.SMatrix{3, 3, ForwardDiff.Dual{ForwardDiff.Tag{typeof(f), Float64}, Float64, 1}, 9}, DFTK.var"#HF_energy#1368"{Vector{Vector{ForwardDiff.Dual{ForwardDiff.Tag{typeof(f), Float64}, Float64, 1}}}, ForwardDiff.Dual{ForwardDiff.Tag{typeof(f), Float64}, Float64, 1}, Vector{Matrix{Complex{ForwardDiff.Dual{ForwardDiff.Tag{typeof(f), Float64}, Float64, 1}}}}, Vector{Vector{ForwardDiff.Dual{ForwardDiff.Tag{typeof(f), Float64}, Float64, 1}}}}}, ForwardDiff.Dual{ForwardDiff.Tag{typeof(f), Float64}, Float64, 1}}}(Dual{ForwardDiff.Tag{typeof(f), Float64}}(-0.00023899957284904022,-0.0002453193663002028),Dual{ForwardDiff.Tag{typeof(f), Float64}}(-0.00015669723650073726,0.0026510472413160194))
└ @ DFTK ~/supporting-mgga-addfpt/DFTK-mgga/src/terms/xc.jl:45
┌ Warning: Negative τcore detected: Dual{ForwardDiff.Tag{DFTK.var"#1369#1370"{StaticArraysCore.SMatrix{3, 3, ForwardDiff.Dual{ForwardDiff.Tag{typeof(f), Float64}, Float64, 1}, 9}, DFTK.var"#HF_energy#1368"{Vector{Vector{ForwardDiff.Dual{ForwardDiff.Tag{typeof(f), Float64}, Float64, 1}}}, ForwardDiff.Dual{ForwardDiff.Tag{typeof(f), Float64}, Float64, 1}, Vector{Matrix{Complex{ForwardDiff.Dual{ForwardDiff.Tag{typeof(f), Float64}, Float64, 1}}}}, Vector{Vector{ForwardDiff.Dual{ForwardDiff.Tag{typeof(f), Float64}, Float64, 1}}}}}, ForwardDiff.Dual{ForwardDiff.Tag{typeof(f), Float64}, Float64, 1}}}(Dual{ForwardDiff.Tag{typeof(f), Float64}}(-0.00023899957284904022,-0.0002453193663002028),Dual{ForwardDiff.Tag{typeof(f), Float64}}(-0.00015669723650073726,0.0026510472413160194))
└ @ DFTK ~/supporting-mgga-addfpt/DFTK-mgga/src/terms/xc.jl:45
┌ Warning: Negative τcore detected: Dual{ForwardDiff.Tag{DFTK.var"#1369#1370"{StaticArraysCore.SMatrix{3, 3, ForwardDiff.Dual{ForwardDiff.Tag{typeof(f), Float64}, Float64, 1}, 9}, DFTK.var"#HF_energy#1368"{Vector{Vector{ForwardDiff.Dual{ForwardDiff.Tag{typeof(f), Float64}, Float64, 1}}}, ForwardDiff.Dual{ForwardDiff.Tag{typeof(f), Float64}, Float64, 1}, Vector{Matrix{Complex{ForwardDiff.Dual{ForwardDiff.Tag{typeof(f), Float64}, Float64, 1}}}}, Vector{Vector{ForwardDiff.Dual{ForwardDiff.Tag{typeof(f), Float64}, Float64, 1}}}}}, ForwardDiff.Dual{ForwardDiff.Tag{typeof(f), Float64}, Float64, 1}}}(Dual{ForwardDiff.Tag{typeof(f), Float64}}(-0.00023899957284920573,-0.00024531936630088397),Dual{ForwardDiff.Tag{typeof(f), Float64}}(-0.00015669723650134126,0.0026510472413154044))
└ @ DFTK ~/supporting-mgga-addfpt/DFTK-mgga/src/terms/xc.jl:45
┌ Warning: Negative ρcore detected: Dual{ForwardDiff.Tag{DFTK.var"#1369#1370"{StaticArraysCore.SMatrix{3, 3, ForwardDiff.Dual{ForwardDiff.Tag{typeof(f), Float64}, Float64, 1}, 9}, DFTK.var"#HF_energy#1368"{Vector{Vector{ForwardDiff.Dual{ForwardDiff.Tag{typeof(f), Float64}, Float64, 1}}}, ForwardDiff.Dual{ForwardDiff.Tag{typeof(f), Float64}, Float64, 1}, Vector{Matrix{Complex{ForwardDiff.Dual{ForwardDiff.Tag{typeof(f), Float64}, Float64, 1}}}}, Vector{Vector{ForwardDiff.Dual{ForwardDiff.Tag{typeof(f), Float64}, Float64, 1}}}}}, ForwardDiff.Dual{ForwardDiff.Tag{typeof(f), Float64}, Float64, 1}}}(Dual{ForwardDiff.Tag{typeof(f), Float64}}(-2.9961040513113924e-5,-0.0002553962572067833),Dual{ForwardDiff.Tag{typeof(f), Float64}}(-9.75686897609316e-6,3.680044381389641e-5))
└ @ DFTK ~/supporting-mgga-addfpt/DFTK-mgga/src/terms/xc.jl:39
┌ Warning: Negative ρcore detected: Dual{ForwardDiff.Tag{DFTK.var"#1369#1370"{StaticArraysCore.SMatrix{3, 3, ForwardDiff.Dual{ForwardDiff.Tag{typeof(f), Float64}, Float64, 1}, 9}, DFTK.var"#HF_energy#1368"{Vector{Vector{ForwardDiff.Dual{ForwardDiff.Tag{typeof(f), Float64}, Float64, 1}}}, ForwardDiff.Dual{ForwardDiff.Tag{typeof(f), Float64}, Float64, 1}, Vector{Matrix{Complex{ForwardDiff.Dual{ForwardDiff.Tag{typeof(f), Float64}, Float64, 1}}}}, Vector{Vector{ForwardDiff.Dual{ForwardDiff.Tag{typeof(f), Float64}, Float64, 1}}}}}, ForwardDiff.Dual{ForwardDiff.Tag{typeof(f), Float64}, Float64, 1}}}(Dual{ForwardDiff.Tag{typeof(f), Float64}}(-2.9961040513113924e-5,-0.0002553962572067833),Dual{ForwardDiff.Tag{typeof(f), Float64}}(-9.75686897609316e-6,3.680044381389641e-5))
└ @ DFTK ~/supporting-mgga-addfpt/DFTK-mgga/src/terms/xc.jl:39
┌ Warning: Negative ρcore detected: Dual{ForwardDiff.Tag{DFTK.var"#1369#1370"{StaticArraysCore.SMatrix{3, 3, ForwardDiff.Dual{ForwardDiff.Tag{typeof(f), Float64}, Float64, 1}, 9}, DFTK.var"#HF_energy#1368"{Vector{Vector{ForwardDiff.Dual{ForwardDiff.Tag{typeof(f), Float64}, Float64, 1}}}, ForwardDiff.Dual{ForwardDiff.Tag{typeof(f), Float64}, Float64, 1}, Vector{Matrix{Complex{ForwardDiff.Dual{ForwardDiff.Tag{typeof(f), Float64}, Float64, 1}}}}, Vector{Vector{ForwardDiff.Dual{ForwardDiff.Tag{typeof(f), Float64}, Float64, 1}}}}}, ForwardDiff.Dual{ForwardDiff.Tag{typeof(f), Float64}, Float64, 1}}}(Dual{ForwardDiff.Tag{typeof(f), Float64}}(-2.9961040513113924e-5,-0.00025539625720680877),Dual{ForwardDiff.Tag{typeof(f), Float64}}(-9.756868976093142e-6,3.680044381389003e-5))
└ @ DFTK ~/supporting-mgga-addfpt/DFTK-mgga/src/terms/xc.jl:39
┌ Warning: Negative ρcore detected: Dual{ForwardDiff.Tag{DFTK.var"#1369#1370"{StaticArraysCore.SMatrix{3, 3, ForwardDiff.Dual{ForwardDiff.Tag{typeof(f), Float64}, Float64, 1}, 9}, DFTK.var"#HF_energy#1368"{Vector{Vector{ForwardDiff.Dual{ForwardDiff.Tag{typeof(f), Float64}, Float64, 1}}}, ForwardDiff.Dual{ForwardDiff.Tag{typeof(f), Float64}, Float64, 1}, Vector{Matrix{Complex{ForwardDiff.Dual{ForwardDiff.Tag{typeof(f), Float64}, Float64, 1}}}}, Vector{Vector{ForwardDiff.Dual{ForwardDiff.Tag{typeof(f), Float64}, Float64, 1}}}}}, ForwardDiff.Dual{ForwardDiff.Tag{typeof(f), Float64}, Float64, 1}}}(Dual{ForwardDiff.Tag{typeof(f), Float64}}(-2.9961040513113924e-5,-0.0002553962572067833),Dual{ForwardDiff.Tag{typeof(f), Float64}}(-9.75686897609316e-6,3.680044381389641e-5))
└ @ DFTK ~/supporting-mgga-addfpt/DFTK-mgga/src/terms/xc.jl:39
┌ Warning: Negative τcore detected: Dual{ForwardDiff.Tag{DFTK.var"#1369#1370"{StaticArraysCore.SMatrix{3, 3, ForwardDiff.Dual{ForwardDiff.Tag{typeof(f), Float64}, Float64, 1}, 9}, DFTK.var"#HF_energy#1368"{Vector{Vector{ForwardDiff.Dual{ForwardDiff.Tag{typeof(f), Float64}, Float64, 1}}}, ForwardDiff.Dual{ForwardDiff.Tag{typeof(f), Float64}, Float64, 1}, Vector{Matrix{Complex{ForwardDiff.Dual{ForwardDiff.Tag{typeof(f), Float64}, Float64, 1}}}}, Vector{Vector{ForwardDiff.Dual{ForwardDiff.Tag{typeof(f), Float64}, Float64, 1}}}}}, ForwardDiff.Dual{ForwardDiff.Tag{typeof(f), Float64}, Float64, 1}}}(Dual{ForwardDiff.Tag{typeof(f), Float64}}(-0.00023899957284904022,-0.0002453193663002028),Dual{ForwardDiff.Tag{typeof(f), Float64}}(-0.00010578026033228835,0.031963020454560356))
└ @ DFTK ~/supporting-mgga-addfpt/DFTK-mgga/src/terms/xc.jl:45
┌ Warning: Negative τcore detected: Dual{ForwardDiff.Tag{DFTK.var"#1369#1370"{StaticArraysCore.SMatrix{3, 3, ForwardDiff.Dual{ForwardDiff.Tag{typeof(f), Float64}, Float64, 1}, 9}, DFTK.var"#HF_energy#1368"{Vector{Vector{ForwardDiff.Dual{ForwardDiff.Tag{typeof(f), Float64}, Float64, 1}}}, ForwardDiff.Dual{ForwardDiff.Tag{typeof(f), Float64}, Float64, 1}, Vector{Matrix{Complex{ForwardDiff.Dual{ForwardDiff.Tag{typeof(f), Float64}, Float64, 1}}}}, Vector{Vector{ForwardDiff.Dual{ForwardDiff.Tag{typeof(f), Float64}, Float64, 1}}}}}, ForwardDiff.Dual{ForwardDiff.Tag{typeof(f), Float64}, Float64, 1}}}(Dual{ForwardDiff.Tag{typeof(f), Float64}}(-0.00023899957284904022,-0.0002453193663002028),Dual{ForwardDiff.Tag{typeof(f), Float64}}(-0.00010578026033228835,0.031963020454560356))
└ @ DFTK ~/supporting-mgga-addfpt/DFTK-mgga/src/terms/xc.jl:45
┌ Warning: Negative τcore detected: Dual{ForwardDiff.Tag{DFTK.var"#1369#1370"{StaticArraysCore.SMatrix{3, 3, ForwardDiff.Dual{ForwardDiff.Tag{typeof(f), Float64}, Float64, 1}, 9}, DFTK.var"#HF_energy#1368"{Vector{Vector{ForwardDiff.Dual{ForwardDiff.Tag{typeof(f), Float64}, Float64, 1}}}, ForwardDiff.Dual{ForwardDiff.Tag{typeof(f), Float64}, Float64, 1}, Vector{Matrix{Complex{ForwardDiff.Dual{ForwardDiff.Tag{typeof(f), Float64}, Float64, 1}}}}, Vector{Vector{ForwardDiff.Dual{ForwardDiff.Tag{typeof(f), Float64}, Float64, 1}}}}}, ForwardDiff.Dual{ForwardDiff.Tag{typeof(f), Float64}, Float64, 1}}}(Dual{ForwardDiff.Tag{typeof(f), Float64}}(-0.00023899957284920573,-0.00024531936630088397),Dual{ForwardDiff.Tag{typeof(f), Float64}}(-0.00015669723650126916,0.0028872085169873198))
└ @ DFTK ~/supporting-mgga-addfpt/DFTK-mgga/src/terms/xc.jl:45
┌ Warning: Negative τcore detected: Dual{ForwardDiff.Tag{DFTK.var"#1369#1370"{StaticArraysCore.SMatrix{3, 3, ForwardDiff.Dual{ForwardDiff.Tag{typeof(f), Float64}, Float64, 1}, 9}, DFTK.var"#HF_energy#1368"{Vector{Vector{ForwardDiff.Dual{ForwardDiff.Tag{typeof(f), Float64}, Float64, 1}}}, ForwardDiff.Dual{ForwardDiff.Tag{typeof(f), Float64}, Float64, 1}, Vector{Matrix{Complex{ForwardDiff.Dual{ForwardDiff.Tag{typeof(f), Float64}, Float64, 1}}}}, Vector{Vector{ForwardDiff.Dual{ForwardDiff.Tag{typeof(f), Float64}, Float64, 1}}}}}, ForwardDiff.Dual{ForwardDiff.Tag{typeof(f), Float64}, Float64, 1}}}(Dual{ForwardDiff.Tag{typeof(f), Float64}}(-0.00023899957284904022,-0.0002453193663002028),Dual{ForwardDiff.Tag{typeof(f), Float64}}(-0.00010578026033228835,0.031963020454560356))
└ @ DFTK ~/supporting-mgga-addfpt/DFTK-mgga/src/terms/xc.jl:45
┌ Warning: Negative ρcore detected: Dual{ForwardDiff.Tag{DFTK.var"#1369#1370"{StaticArraysCore.SMatrix{3, 3, ForwardDiff.Dual{ForwardDiff.Tag{typeof(f), Float64}, Float64, 1}, 9}, DFTK.var"#HF_energy#1368"{Vector{Vector{ForwardDiff.Dual{ForwardDiff.Tag{typeof(f), Float64}, Float64, 1}}}, ForwardDiff.Dual{ForwardDiff.Tag{typeof(f), Float64}, Float64, 1}, Vector{Matrix{Complex{ForwardDiff.Dual{ForwardDiff.Tag{typeof(f), Float64}, Float64, 1}}}}, Vector{Vector{ForwardDiff.Dual{ForwardDiff.Tag{typeof(f), Float64}, Float64, 1}}}}}, ForwardDiff.Dual{ForwardDiff.Tag{typeof(f), Float64}, Float64, 1}}}(Dual{ForwardDiff.Tag{typeof(f), Float64}}(-2.9961040513113924e-5,-0.0002553962572067833),Dual{ForwardDiff.Tag{typeof(f), Float64}}(-0.00021618909101699173,0.0015967196935376578))
└ @ DFTK ~/supporting-mgga-addfpt/DFTK-mgga/src/terms/xc.jl:39
┌ Warning: Negative ρcore detected: Dual{ForwardDiff.Tag{DFTK.var"#1369#1370"{StaticArraysCore.SMatrix{3, 3, ForwardDiff.Dual{ForwardDiff.Tag{typeof(f), Float64}, Float64, 1}, 9}, DFTK.var"#HF_energy#1368"{Vector{Vector{ForwardDiff.Dual{ForwardDiff.Tag{typeof(f), Float64}, Float64, 1}}}, ForwardDiff.Dual{ForwardDiff.Tag{typeof(f), Float64}, Float64, 1}, Vector{Matrix{Complex{ForwardDiff.Dual{ForwardDiff.Tag{typeof(f), Float64}, Float64, 1}}}}, Vector{Vector{ForwardDiff.Dual{ForwardDiff.Tag{typeof(f), Float64}, Float64, 1}}}}}, ForwardDiff.Dual{ForwardDiff.Tag{typeof(f), Float64}, Float64, 1}}}(Dual{ForwardDiff.Tag{typeof(f), Float64}}(-2.9961040513113924e-5,-0.00025539625720680877),Dual{ForwardDiff.Tag{typeof(f), Float64}}(-0.00021618909101702355,0.0015967196935376675))
└ @ DFTK ~/supporting-mgga-addfpt/DFTK-mgga/src/terms/xc.jl:39
┌ Warning: Negative ρcore detected: Dual{ForwardDiff.Tag{DFTK.var"#1369#1370"{StaticArraysCore.SMatrix{3, 3, ForwardDiff.Dual{ForwardDiff.Tag{typeof(f), Float64}, Float64, 1}, 9}, DFTK.var"#HF_energy#1368"{Vector{Vector{ForwardDiff.Dual{ForwardDiff.Tag{typeof(f), Float64}, Float64, 1}}}, ForwardDiff.Dual{ForwardDiff.Tag{typeof(f), Float64}, Float64, 1}, Vector{Matrix{Complex{ForwardDiff.Dual{ForwardDiff.Tag{typeof(f), Float64}, Float64, 1}}}}, Vector{Vector{ForwardDiff.Dual{ForwardDiff.Tag{typeof(f), Float64}, Float64, 1}}}}}, ForwardDiff.Dual{ForwardDiff.Tag{typeof(f), Float64}, Float64, 1}}}(Dual{ForwardDiff.Tag{typeof(f), Float64}}(-2.9961040513113924e-5,-0.0002553962572067833),Dual{ForwardDiff.Tag{typeof(f), Float64}}(-0.00021618909101699173,0.0015967196935376578))
└ @ DFTK ~/supporting-mgga-addfpt/DFTK-mgga/src/terms/xc.jl:39
┌ Warning: Negative ρcore detected: Dual{ForwardDiff.Tag{DFTK.var"#1369#1370"{StaticArraysCore.SMatrix{3, 3, ForwardDiff.Dual{ForwardDiff.Tag{typeof(f), Float64}, Float64, 1}, 9}, DFTK.var"#HF_energy#1368"{Vector{Vector{ForwardDiff.Dual{ForwardDiff.Tag{typeof(f), Float64}, Float64, 1}}}, ForwardDiff.Dual{ForwardDiff.Tag{typeof(f), Float64}, Float64, 1}, Vector{Matrix{Complex{ForwardDiff.Dual{ForwardDiff.Tag{typeof(f), Float64}, Float64, 1}}}}, Vector{Vector{ForwardDiff.Dual{ForwardDiff.Tag{typeof(f), Float64}, Float64, 1}}}}}, ForwardDiff.Dual{ForwardDiff.Tag{typeof(f), Float64}, Float64, 1}}}(Dual{ForwardDiff.Tag{typeof(f), Float64}}(-2.9961040513113924e-5,-0.0002553962572067833),Dual{ForwardDiff.Tag{typeof(f), Float64}}(-0.00021618909101699173,0.0015967196935376578))
└ @ DFTK ~/supporting-mgga-addfpt/DFTK-mgga/src/terms/xc.jl:39
┌ Warning: Negative τcore detected: Dual{ForwardDiff.Tag{DFTK.var"#1369#1370"{StaticArraysCore.SMatrix{3, 3, ForwardDiff.Dual{ForwardDiff.Tag{typeof(f), Float64}, Float64, 1}, 9}, DFTK.var"#HF_energy#1368"{Vector{Vector{ForwardDiff.Dual{ForwardDiff.Tag{typeof(f), Float64}, Float64, 1}}}, ForwardDiff.Dual{ForwardDiff.Tag{typeof(f), Float64}, Float64, 1}, Vector{Matrix{Complex{ForwardDiff.Dual{ForwardDiff.Tag{typeof(f), Float64}, Float64, 1}}}}, Vector{Vector{ForwardDiff.Dual{ForwardDiff.Tag{typeof(f), Float64}, Float64, 1}}}}}, ForwardDiff.Dual{ForwardDiff.Tag{typeof(f), Float64}, Float64, 1}}}(Dual{ForwardDiff.Tag{typeof(f), Float64}}(-0.00023899957284904022,-0.0002453193663002028),Dual{ForwardDiff.Tag{typeof(f), Float64}}(-0.00015669723650099188,0.002887208516989931))
└ @ DFTK ~/supporting-mgga-addfpt/DFTK-mgga/src/terms/xc.jl:45
┌ Warning: Negative τcore detected: Dual{ForwardDiff.Tag{DFTK.var"#1369#1370"{StaticArraysCore.SMatrix{3, 3, ForwardDiff.Dual{ForwardDiff.Tag{typeof(f), Float64}, Float64, 1}, 9}, DFTK.var"#HF_energy#1368"{Vector{Vector{ForwardDiff.Dual{ForwardDiff.Tag{typeof(f), Float64}, Float64, 1}}}, ForwardDiff.Dual{ForwardDiff.Tag{typeof(f), Float64}, Float64, 1}, Vector{Matrix{Complex{ForwardDiff.Dual{ForwardDiff.Tag{typeof(f), Float64}, Float64, 1}}}}, Vector{Vector{ForwardDiff.Dual{ForwardDiff.Tag{typeof(f), Float64}, Float64, 1}}}}}, ForwardDiff.Dual{ForwardDiff.Tag{typeof(f), Float64}, Float64, 1}}}(Dual{ForwardDiff.Tag{typeof(f), Float64}}(-0.00023899957284920573,-0.00024531936630088397),Dual{ForwardDiff.Tag{typeof(f), Float64}}(-0.00010578026033231379,0.03196302045455864))
└ @ DFTK ~/supporting-mgga-addfpt/DFTK-mgga/src/terms/xc.jl:45
┌ Warning: Negative τcore detected: Dual{ForwardDiff.Tag{DFTK.var"#1369#1370"{StaticArraysCore.SMatrix{3, 3, ForwardDiff.Dual{ForwardDiff.Tag{typeof(f), Float64}, Float64, 1}, 9}, DFTK.var"#HF_energy#1368"{Vector{Vector{ForwardDiff.Dual{ForwardDiff.Tag{typeof(f), Float64}, Float64, 1}}}, ForwardDiff.Dual{ForwardDiff.Tag{typeof(f), Float64}, Float64, 1}, Vector{Matrix{Complex{ForwardDiff.Dual{ForwardDiff.Tag{typeof(f), Float64}, Float64, 1}}}}, Vector{Vector{ForwardDiff.Dual{ForwardDiff.Tag{typeof(f), Float64}, Float64, 1}}}}}, ForwardDiff.Dual{ForwardDiff.Tag{typeof(f), Float64}, Float64, 1}}}(Dual{ForwardDiff.Tag{typeof(f), Float64}}(-0.00023899957284904022,-0.0002453193663002028),Dual{ForwardDiff.Tag{typeof(f), Float64}}(-0.00015669723650099188,0.002887208516989931))
└ @ DFTK ~/supporting-mgga-addfpt/DFTK-mgga/src/terms/xc.jl:45
┌ Warning: Negative τcore detected: Dual{ForwardDiff.Tag{DFTK.var"#1369#1370"{StaticArraysCore.SMatrix{3, 3, ForwardDiff.Dual{ForwardDiff.Tag{typeof(f), Float64}, Float64, 1}, 9}, DFTK.var"#HF_energy#1368"{Vector{Vector{ForwardDiff.Dual{ForwardDiff.Tag{typeof(f), Float64}, Float64, 1}}}, ForwardDiff.Dual{ForwardDiff.Tag{typeof(f), Float64}, Float64, 1}, Vector{Matrix{Complex{ForwardDiff.Dual{ForwardDiff.Tag{typeof(f), Float64}, Float64, 1}}}}, Vector{Vector{ForwardDiff.Dual{ForwardDiff.Tag{typeof(f), Float64}, Float64, 1}}}}}, ForwardDiff.Dual{ForwardDiff.Tag{typeof(f), Float64}, Float64, 1}}}(Dual{ForwardDiff.Tag{typeof(f), Float64}}(-0.00023899957284904022,-0.0002453193663002028),Dual{ForwardDiff.Tag{typeof(f), Float64}}(-0.00015669723650099188,0.002887208516989931))
└ @ DFTK ~/supporting-mgga-addfpt/DFTK-mgga/src/terms/xc.jl:45
scf_tol: 1.0e-12
Ecut: 55
C11: 1110.6091110617951
C12: 114.40446084149053
C44: 584.5543193083424
all three: [1110.6091110617951, 114.40446084149053, 584.5543193083424]
stress: [-4.375151363359742e-8, -4.355052856032669e-8, -4.355052856031314e-8, -2.0876096468720427e-8, 0.0, 0.0]
dstress: [0.03774883649543619, 0.0038885285953805452, 0.0038885285953805452, 0.01986859751328281, 0.0, 0.0]
