┌ Info: Threading setup: 
│   Threads.nthreads() = 1
│   n_DFTK = 1
│   n_fft = 1
└   n_blas = 1
┌ Warning: Negative ρcore detected: -0.4672263319203802
└ @ DFTK ~/DFTK-mgga/src/terms/xc.jl:39
┌ Warning: Negative τcore detected: -1.7965406064814808
└ @ DFTK ~/DFTK-mgga/src/terms/xc.jl:45
┌ Warning: Negative ρcore detected: -0.4672263319203802
└ @ DFTK ~/DFTK-mgga/src/terms/xc.jl:39
┌ Warning: Negative ρcore detected: -0.4672263319203803
└ @ DFTK ~/DFTK-mgga/src/terms/xc.jl:39
┌ Warning: Negative ρcore detected: -0.4672263319203802
└ @ DFTK ~/DFTK-mgga/src/terms/xc.jl:39
┌ Warning: Negative τcore detected: -1.7965406064814808
└ @ DFTK ~/DFTK-mgga/src/terms/xc.jl:45
┌ Warning: Negative τcore detected: -1.7965406064814808
└ @ DFTK ~/DFTK-mgga/src/terms/xc.jl:45
┌ Warning: Negative τcore detected: -1.7965406064814808
└ @ DFTK ~/DFTK-mgga/src/terms/xc.jl:45
┌ Warning: Negative ρcore detected: -0.4672263319203802
└ @ DFTK ~/DFTK-mgga/src/terms/xc.jl:39
┌ Warning: Negative ρcore detected: -0.4672263319203802
└ @ DFTK ~/DFTK-mgga/src/terms/xc.jl:39
┌ Warning: Negative ρcore detected: -0.4672263319203802
└ @ DFTK ~/DFTK-mgga/src/terms/xc.jl:39
┌ Warning: Negative τcore detected: -1.7965406064814808
└ @ DFTK ~/DFTK-mgga/src/terms/xc.jl:45
┌ Warning: Negative ρcore detected: -0.4672263319203802
└ @ DFTK ~/DFTK-mgga/src/terms/xc.jl:39
┌ Warning: Negative τcore detected: -1.7965406064814808
└ @ DFTK ~/DFTK-mgga/src/terms/xc.jl:45
┌ Warning: Negative τcore detected: -1.7965406064814808
└ @ DFTK ~/DFTK-mgga/src/terms/xc.jl:45
┌ Warning: Negative τcore detected: -1.7965406064814808
└ @ DFTK ~/DFTK-mgga/src/terms/xc.jl:45
┌ Warning: Exchange-correlation term: the kinetic energy density τ is smaller than the von Weizsäcker kinetic energy density τ_W somewhere. This can lead to unphysical results. This can be caused by pseudopotentials without a non-linear core correction for τ, or by an unphysical initial guess for τ. This message is only logged once.
└ @ DFTK ~/DFTK-mgga/src/terms/xc.jl:405
┌ Warning: Exchange-correlation term: the kinetic energy density τ is smaller than the von Weizsäcker kinetic energy density τ_W somewhere. This can lead to unphysical results. This can be caused by pseudopotentials without a non-linear core correction for τ, or by an unphysical initial guess for τ. This message is only logged once.
└ @ DFTK ~/DFTK-mgga/src/terms/xc.jl:405
┌ Warning: Exchange-correlation term: the kinetic energy density τ is smaller than the von Weizsäcker kinetic energy density τ_W somewhere. This can lead to unphysical results. This can be caused by pseudopotentials without a non-linear core correction for τ, or by an unphysical initial guess for τ. This message is only logged once.
└ @ DFTK ~/DFTK-mgga/src/terms/xc.jl:405
┌ Warning: Exchange-correlation term: the kinetic energy density τ is smaller than the von Weizsäcker kinetic energy density τ_W somewhere. This can lead to unphysical results. This can be caused by pseudopotentials without a non-linear core correction for τ, or by an unphysical initial guess for τ. This message is only logged once.
└ @ DFTK ~/DFTK-mgga/src/terms/xc.jl:405
┌ Warning: Exchange-correlation term: the kinetic energy density τ is smaller than the von Weizsäcker kinetic energy density τ_W somewhere. This can lead to unphysical results. This can be caused by pseudopotentials without a non-linear core correction for τ, or by an unphysical initial guess for τ. This message is only logged once.
└ @ DFTK ~/DFTK-mgga/src/terms/xc.jl:405
┌ Warning: Exchange-correlation term: the kinetic energy density τ is smaller than the von Weizsäcker kinetic energy density τ_W somewhere. This can lead to unphysical results. This can be caused by pseudopotentials without a non-linear core correction for τ, or by an unphysical initial guess for τ. This message is only logged once.
└ @ DFTK ~/DFTK-mgga/src/terms/xc.jl:405
┌ Warning: Exchange-correlation term: the kinetic energy density τ is smaller than the von Weizsäcker kinetic energy density τ_W somewhere. This can lead to unphysical results. This can be caused by pseudopotentials without a non-linear core correction for τ, or by an unphysical initial guess for τ. This message is only logged once.
└ @ DFTK ~/DFTK-mgga/src/terms/xc.jl:405
┌ Warning: Exchange-correlation term: the kinetic energy density τ is smaller than the von Weizsäcker kinetic energy density τ_W somewhere. This can lead to unphysical results. This can be caused by pseudopotentials without a non-linear core correction for τ, or by an unphysical initial guess for τ. This message is only logged once.
└ @ DFTK ~/DFTK-mgga/src/terms/xc.jl:405
n     Energy            log10(ΔE)   log10(Δρ)   Diag   Δtime 
---   ---------------   ---------   ---------   ----   ------
  1   -214.2148413986                   -1.01    8.6    59.3s
  2   -214.2206460261       -2.24       -0.84    4.5    25.4s
  3   -214.2277891951       -2.15       -1.29    4.8    19.1s
  4   -214.2283175846       -3.28       -1.75    3.0    15.0s
  5   -214.2283407390       -4.64       -1.99    2.7    15.0s
  6   -214.2283488630       -5.09       -3.00    1.9    13.7s
  7   -214.2283491492       -6.54       -3.32    3.8    19.6s
  8   -214.2283491664       -7.76       -3.80    3.3    17.1s
  9   -214.2283491504   +   -7.79       -3.50    4.6    18.4s
 10   -214.2283491726       -7.65       -5.29    3.9    14.3s
┌ Warning: Negative ρcore detected: -0.46737283931203527
└ @ DFTK ~/DFTK-mgga/src/terms/xc.jl:39
┌ Warning: Negative τcore detected: -1.796556723351539
└ @ DFTK ~/DFTK-mgga/src/terms/xc.jl:45
┌ Warning: Negative ρcore detected: -0.46737283931203527
└ @ DFTK ~/DFTK-mgga/src/terms/xc.jl:39
┌ Warning: Negative τcore detected: -1.796556723351539
└ @ DFTK ~/DFTK-mgga/src/terms/xc.jl:45
┌ Warning: Negative ρcore detected: -0.46737283931203527
└ @ DFTK ~/DFTK-mgga/src/terms/xc.jl:39
┌ Warning: Negative ρcore detected: -0.46737283931203527
└ @ DFTK ~/DFTK-mgga/src/terms/xc.jl:39
┌ Warning: Negative τcore detected: -1.796556723351539
└ @ DFTK ~/DFTK-mgga/src/terms/xc.jl:45
┌ Warning: Negative τcore detected: -1.796556723351539
└ @ DFTK ~/DFTK-mgga/src/terms/xc.jl:45
┌ Warning: Negative ρcore detected: -0.46737283931203527
└ @ DFTK ~/DFTK-mgga/src/terms/xc.jl:39
┌ Warning: Negative τcore detected: -1.7965567233515394
└ @ DFTK ~/DFTK-mgga/src/terms/xc.jl:45
┌ Warning: Negative ρcore detected: -0.4673728393120352
└ @ DFTK ~/DFTK-mgga/src/terms/xc.jl:39
┌ Warning: Negative τcore detected: -1.7965567233515394
└ @ DFTK ~/DFTK-mgga/src/terms/xc.jl:45
┌ Warning: Negative ρcore detected: -0.46737283931203527
└ @ DFTK ~/DFTK-mgga/src/terms/xc.jl:39
┌ Warning: Negative τcore detected: -1.796556723351539
└ @ DFTK ~/DFTK-mgga/src/terms/xc.jl:45
┌ Warning: Negative ρcore detected: -0.46737283931203527
└ @ DFTK ~/DFTK-mgga/src/terms/xc.jl:39
┌ Warning: Negative τcore detected: -1.796556723351539
└ @ DFTK ~/DFTK-mgga/src/terms/xc.jl:45
n     Energy            log10(ΔE)   log10(Δρ)   Diag   Δtime 
---   ---------------   ---------   ---------   ----   ------
  1   -214.2154489907                   -1.02    8.5    30.5s
  2   -214.2212088817       -2.24       -0.85    4.6    26.7s
  3   -214.2281144139       -2.16       -1.29    4.8    22.6s
  4   -214.2286234235       -3.29       -1.86    2.9    19.1s
  5   -214.2286579940       -4.46       -1.99    3.2    19.7s
  6   -214.2286659165       -5.10       -2.90    1.6    14.6s
  7   -214.2286663019       -6.41       -3.39    4.1    21.9s
  8   -214.2286663294       -7.56       -3.81    3.1    15.7s
  9   -214.2286663222   +   -8.14       -3.63    4.5    19.5s
 10   -214.2286663390       -7.78       -4.89    3.6    17.3s
 11   -214.2286663391      -10.07       -5.38    4.4    19.0s
┌ Warning: Negative ρcore detected: -0.46722690477153545
└ @ DFTK ~/DFTK-mgga/src/terms/xc.jl:39
┌ Warning: Negative ρcore detected: -0.46722690477153545
└ @ DFTK ~/DFTK-mgga/src/terms/xc.jl:39
┌ Warning: Negative τcore detected: -1.7963824002362323
└ @ DFTK ~/DFTK-mgga/src/terms/xc.jl:45
┌ Warning: Negative ρcore detected: -0.46722690477153556
└ @ DFTK ~/DFTK-mgga/src/terms/xc.jl:39
┌ Warning: Negative τcore detected: -1.7963824002362323
└ @ DFTK ~/DFTK-mgga/src/terms/xc.jl:45
┌ Warning: Negative ρcore detected: -0.46722690477153545
└ @ DFTK ~/DFTK-mgga/src/terms/xc.jl:39
┌ Warning: Negative ρcore detected: -0.46722690477153556
└ @ DFTK ~/DFTK-mgga/src/terms/xc.jl:39
┌ Warning: Negative τcore detected: -1.7963824002362327
└ @ DFTK ~/DFTK-mgga/src/terms/xc.jl:45
┌ Warning: Negative τcore detected: -1.7963824002362319
└ @ DFTK ~/DFTK-mgga/src/terms/xc.jl:45
┌ Warning: Negative τcore detected: -1.7963824002362327
└ @ DFTK ~/DFTK-mgga/src/terms/xc.jl:45
┌ Warning: Negative ρcore detected: -0.46722690477153545
└ @ DFTK ~/DFTK-mgga/src/terms/xc.jl:39
┌ Warning: Negative ρcore detected: -0.46722690477153545
└ @ DFTK ~/DFTK-mgga/src/terms/xc.jl:39
┌ Warning: Negative τcore detected: -1.7963824002362323
└ @ DFTK ~/DFTK-mgga/src/terms/xc.jl:45
┌ Warning: Negative τcore detected: -1.7963824002362323
└ @ DFTK ~/DFTK-mgga/src/terms/xc.jl:45
┌ Warning: Negative ρcore detected: -0.46722690477153545
└ @ DFTK ~/DFTK-mgga/src/terms/xc.jl:39
┌ Warning: Negative τcore detected: -1.7963824002362319
└ @ DFTK ~/DFTK-mgga/src/terms/xc.jl:45
n     Energy            log10(ΔE)   log10(Δρ)   Diag   Δtime 
---   ---------------   ---------   ---------   ----   ------
  1   -214.2158991026                   -1.02    8.4    32.6s
  2   -214.2216299308       -2.24       -0.86    4.5    22.7s
  3   -214.2282981162       -2.18       -1.29    4.7    18.1s
  4   -214.2287853671       -3.31       -1.94    2.7    12.6s
  5   -214.2288348932       -4.31       -1.98    3.6    17.9s
  6   -214.2288433895       -5.07       -2.85    1.3    12.9s
  7   -214.2288437635       -6.43       -3.05    4.3    22.0s
  8   -214.2288439181       -6.81       -3.77    3.1    16.7s
  9   -214.2288439077   +   -7.98       -3.57    4.5    21.9s
 10   -214.2288439350       -7.56       -4.45    3.4    19.9s
 11   -214.2288439358       -9.10       -5.48    4.0    22.9s
┌ Warning: Negative ρcore detected: -0.46733399819884774
└ @ DFTK ~/DFTK-mgga/src/terms/xc.jl:39
┌ Warning: Negative τcore detected: -1.7971094633279927
└ @ DFTK ~/DFTK-mgga/src/terms/xc.jl:45
┌ Warning: Negative ρcore detected: -0.4673339981988475
└ @ DFTK ~/DFTK-mgga/src/terms/xc.jl:39
┌ Warning: Negative τcore detected: -1.7971094633279932
└ @ DFTK ~/DFTK-mgga/src/terms/xc.jl:45
┌ Warning: Negative ρcore detected: -0.4673339981988475
└ @ DFTK ~/DFTK-mgga/src/terms/xc.jl:39
┌ Warning: Negative ρcore detected: -0.46733399819884774
└ @ DFTK ~/DFTK-mgga/src/terms/xc.jl:39
┌ Warning: Negative τcore detected: -1.7971094633279932
└ @ DFTK ~/DFTK-mgga/src/terms/xc.jl:45
┌ Warning: Negative τcore detected: -1.7971094633279936
└ @ DFTK ~/DFTK-mgga/src/terms/xc.jl:45
┌ Warning: Negative ρcore detected: -0.46733399819884774
└ @ DFTK ~/DFTK-mgga/src/terms/xc.jl:39
┌ Warning: Negative τcore detected: -1.7971094633279932
└ @ DFTK ~/DFTK-mgga/src/terms/xc.jl:45
┌ Warning: Negative ρcore detected: -0.4673339981988475
└ @ DFTK ~/DFTK-mgga/src/terms/xc.jl:39
┌ Warning: Negative τcore detected: -1.7971094633279932
└ @ DFTK ~/DFTK-mgga/src/terms/xc.jl:45
┌ Warning: Negative ρcore detected: -0.46733399819884774
└ @ DFTK ~/DFTK-mgga/src/terms/xc.jl:39
┌ Warning: Negative τcore detected: -1.7971094633279932
└ @ DFTK ~/DFTK-mgga/src/terms/xc.jl:45
┌ Warning: Negative ρcore detected: -0.46733399819884774
└ @ DFTK ~/DFTK-mgga/src/terms/xc.jl:39
┌ Warning: Negative τcore detected: -1.7971094633279932
└ @ DFTK ~/DFTK-mgga/src/terms/xc.jl:45
n     Energy            log10(ΔE)   log10(Δρ)   Diag   Δtime 
---   ---------------   ---------   ---------   ----   ------
  1   -214.2162230844                   -1.03    8.5    33.4s
  2   -214.2219013800       -2.25       -0.86    4.6    20.7s
  3   -214.2283622540       -2.19       -1.29    4.7    21.5s
  4   -214.2288158637       -3.34       -1.95    2.6    13.2s
  5   -214.2288888529       -4.14       -1.98    3.9    17.6s
  6   -214.2288976709       -5.05       -2.83    1.4    11.3s
  7   -214.2288980051       -6.48       -2.96    4.4    20.9s
  8   -214.2288982201       -6.67       -3.74    2.8    16.4s
  9   -214.2288982224       -8.64       -3.67    4.5    17.9s
 10   -214.2288982408       -7.73       -4.25    2.8    14.3s
 11   -214.2288982425       -8.77       -5.18    4.0    16.9s
┌ Warning: Negative ρcore detected: -0.4669162346200287
└ @ DFTK ~/DFTK-mgga/src/terms/xc.jl:39
┌ Warning: Negative τcore detected: -1.7966936328239997
└ @ DFTK ~/DFTK-mgga/src/terms/xc.jl:45
┌ Warning: Negative ρcore detected: -0.4669162346200288
└ @ DFTK ~/DFTK-mgga/src/terms/xc.jl:39
┌ Warning: Negative ρcore detected: -0.4669162346200288
└ @ DFTK ~/DFTK-mgga/src/terms/xc.jl:39
┌ Warning: Negative τcore detected: -1.7966936328239997
└ @ DFTK ~/DFTK-mgga/src/terms/xc.jl:45
┌ Warning: Negative ρcore detected: -0.4669162346200287
└ @ DFTK ~/DFTK-mgga/src/terms/xc.jl:39
┌ Warning: Negative τcore detected: -1.7966936328240004
└ @ DFTK ~/DFTK-mgga/src/terms/xc.jl:45
┌ Warning: Negative τcore detected: -1.7966936328239997
└ @ DFTK ~/DFTK-mgga/src/terms/xc.jl:45
┌ Warning: Negative ρcore detected: -0.4669162346200288
└ @ DFTK ~/DFTK-mgga/src/terms/xc.jl:39
┌ Warning: Negative τcore detected: -1.7966936328239997
└ @ DFTK ~/DFTK-mgga/src/terms/xc.jl:45
┌ Warning: Negative ρcore detected: -0.4669162346200287
└ @ DFTK ~/DFTK-mgga/src/terms/xc.jl:39
┌ Warning: Negative τcore detected: -1.7966936328239997
└ @ DFTK ~/DFTK-mgga/src/terms/xc.jl:45
┌ Warning: Negative ρcore detected: -0.4669162346200288
└ @ DFTK ~/DFTK-mgga/src/terms/xc.jl:39
┌ Warning: Negative τcore detected: -1.7966936328239997
└ @ DFTK ~/DFTK-mgga/src/terms/xc.jl:45
┌ Warning: Negative ρcore detected: -0.4669162346200287
└ @ DFTK ~/DFTK-mgga/src/terms/xc.jl:39
┌ Warning: Negative τcore detected: -1.7966936328239997
└ @ DFTK ~/DFTK-mgga/src/terms/xc.jl:45
n     Energy            log10(ΔE)   log10(Δρ)   Diag   Δtime 
---   ---------------   ---------   ---------   ----   ------
  1   -214.2164236337                   -1.04    8.5    34.3s
  2   -214.2220719055       -2.25       -0.87    4.7    19.6s
  3   -214.2283151812       -2.20       -1.30    4.8    20.3s
  4   -214.2287420659       -3.37       -1.91    2.5    12.6s
  5   -214.2288338306       -4.04       -1.97    3.9    19.4s
  6   -214.2288429884       -5.04       -2.82    1.4    13.6s
  7   -214.2288433107       -6.49       -2.93    4.4    17.7s
  8   -214.2288435502       -6.62       -3.75    2.9    14.0s
  9   -214.2288435621       -7.92       -3.85    4.4    17.5s
 10   -214.2288435704       -8.08       -4.25    2.5    13.9s
 11   -214.2288435719       -8.82       -5.17    3.8    18.3s
┌ Warning: Negative ρcore detected: -0.467303189329587
└ @ DFTK ~/DFTK-mgga/src/terms/xc.jl:39
┌ Warning: Negative τcore detected: -1.7958913237462761
└ @ DFTK ~/DFTK-mgga/src/terms/xc.jl:45
┌ Warning: Negative ρcore detected: -0.467303189329587
└ @ DFTK ~/DFTK-mgga/src/terms/xc.jl:39
┌ Warning: Negative ρcore detected: -0.467303189329587
└ @ DFTK ~/DFTK-mgga/src/terms/xc.jl:39
┌ Warning: Negative τcore detected: -1.7958913237462768
└ @ DFTK ~/DFTK-mgga/src/terms/xc.jl:45
┌ Warning: Negative τcore detected: -1.7958913237462772
└ @ DFTK ~/DFTK-mgga/src/terms/xc.jl:45
┌ Warning: Negative ρcore detected: -0.467303189329587
└ @ DFTK ~/DFTK-mgga/src/terms/xc.jl:39
┌ Warning: Negative ρcore detected: -0.467303189329587
└ @ DFTK ~/DFTK-mgga/src/terms/xc.jl:39
┌ Warning: Negative τcore detected: -1.7958913237462775
└ @ DFTK ~/DFTK-mgga/src/terms/xc.jl:45
┌ Warning: Negative ρcore detected: -0.467303189329587
└ @ DFTK ~/DFTK-mgga/src/terms/xc.jl:39
┌ Warning: Negative τcore detected: -1.7958913237462781
└ @ DFTK ~/DFTK-mgga/src/terms/xc.jl:45
┌ Warning: Negative ρcore detected: -0.46730318932958703
└ @ DFTK ~/DFTK-mgga/src/terms/xc.jl:39
┌ Warning: Negative τcore detected: -1.7958913237462761
└ @ DFTK ~/DFTK-mgga/src/terms/xc.jl:45
┌ Warning: Negative τcore detected: -1.7958913237462775
└ @ DFTK ~/DFTK-mgga/src/terms/xc.jl:45
┌ Warning: Negative ρcore detected: -0.467303189329587
└ @ DFTK ~/DFTK-mgga/src/terms/xc.jl:39
┌ Warning: Negative τcore detected: -1.7958913237462781
└ @ DFTK ~/DFTK-mgga/src/terms/xc.jl:45
n     Energy            log10(ΔE)   log10(Δρ)   Diag   Δtime 
---   ---------------   ---------   ---------   ----   ------
  1   -214.2165196435                   -1.05    8.6    28.8s
  2   -214.2221357723       -2.25       -0.87    4.7    17.2s
  3   -214.2281732679       -2.22       -1.30    4.8    19.6s
  4   -214.2285680631       -3.40       -1.84    2.4    15.3s
  5   -214.2286828099       -3.94       -1.97    3.9    16.3s
  6   -214.2286920650       -5.03       -2.78    1.7    12.4s
  7   -214.2286923816       -6.50       -2.93    4.3    21.9s
  8   -214.2286926302       -6.60       -4.02    3.2    16.6s
  9   -214.2286926385       -8.08       -4.15    4.8    22.3s
 10   -214.2286926391       -9.20       -4.43    2.1    12.2s
 11   -214.2286926397       -9.20       -5.08    3.7    15.7s
┌ Warning: Negative ρcore detected: -0.4672439174028969
└ @ DFTK ~/DFTK-mgga/src/terms/xc.jl:39
┌ Warning: Negative ρcore detected: -0.46724391740289684
└ @ DFTK ~/DFTK-mgga/src/terms/xc.jl:39
┌ Warning: Negative ρcore detected: -0.46724391740289684
└ @ DFTK ~/DFTK-mgga/src/terms/xc.jl:39
┌ Warning: Negative τcore detected: -1.7971304202506253
└ @ DFTK ~/DFTK-mgga/src/terms/xc.jl:45
┌ Warning: Negative ρcore detected: -0.46724391740289684
└ @ DFTK ~/DFTK-mgga/src/terms/xc.jl:39
┌ Warning: Negative τcore detected: -1.7971304202506244
└ @ DFTK ~/DFTK-mgga/src/terms/xc.jl:45
┌ Warning: Negative ρcore detected: -0.46724391740289684
└ @ DFTK ~/DFTK-mgga/src/terms/xc.jl:39
┌ Warning: Negative τcore detected: -1.7971304202506253
└ @ DFTK ~/DFTK-mgga/src/terms/xc.jl:45
┌ Warning: Negative ρcore detected: -0.46724391740289684
└ @ DFTK ~/DFTK-mgga/src/terms/xc.jl:39
┌ Warning: Negative τcore detected: -1.7971304202506253
└ @ DFTK ~/DFTK-mgga/src/terms/xc.jl:45
┌ Warning: Negative τcore detected: -1.7971304202506253
└ @ DFTK ~/DFTK-mgga/src/terms/xc.jl:45
┌ Warning: Negative τcore detected: -1.7971304202506244
└ @ DFTK ~/DFTK-mgga/src/terms/xc.jl:45
┌ Warning: Negative ρcore detected: -0.46724391740289684
└ @ DFTK ~/DFTK-mgga/src/terms/xc.jl:39
┌ Warning: Negative τcore detected: -1.7971304202506244
└ @ DFTK ~/DFTK-mgga/src/terms/xc.jl:45
┌ Warning: Negative ρcore detected: -0.46724391740289684
└ @ DFTK ~/DFTK-mgga/src/terms/xc.jl:39
┌ Warning: Negative τcore detected: -1.7971304202506244
└ @ DFTK ~/DFTK-mgga/src/terms/xc.jl:45
n     Energy            log10(ΔE)   log10(Δρ)   Diag   Δtime 
---   ---------------   ---------   ---------   ----   ------
  1   -214.2165174455                   -1.05    8.6    26.4s
  2   -214.2220853883       -2.25       -0.88    4.7    16.5s
  3   -214.2279473589       -2.23       -1.30    4.8    19.8s
  4   -214.2283095377       -3.44       -1.78    2.2    11.8s
  5   -214.2284474063       -3.86       -1.98    3.7    12.9s
  6   -214.2284562382       -5.05       -2.74    1.9    9.87s
  7   -214.2284565292       -6.54       -2.87    4.2    16.9s
  8   -214.2284568217       -6.53       -4.14    3.3    14.1s
  9   -214.2284568286       -8.16       -3.95    5.0    17.7s
 10   -214.2284568290       -9.40       -4.66    2.3    13.2s
 11   -214.2284568292       -9.70       -5.36    3.5    15.7s
