┌ Info: Threading setup: 
│   Threads.nthreads() = 8
│   n_DFTK = 8
│   n_fft = 1
└   n_blas = 8
Relaxing with tol_forces = 1.9446903811416696e-6 and tol_virial = 0.0001463857047258688 (in a.u.)...
┌ Warning: Negative ρcore detected: -0.005174384787135863
└ @ DFTK ~/DFTK-mgga/src/terms/xc.jl:39
┌ Warning: Negative τcore detected: -0.02067264574640622
└ @ DFTK ~/DFTK-mgga/src/terms/xc.jl:45
┌ Warning: Exchange-correlation term: the kinetic energy density τ is smaller than the von Weizsäcker kinetic energy density τ_W somewhere. This can lead to unphysical results. This can be caused by pseudopotentials without a non-linear core correction for τ, or by an unphysical initial guess for τ. This message is only logged once.
└ @ DFTK ~/DFTK-mgga/src/terms/xc.jl:408
n     Energy            log10(ΔE)   log10(Δρ)   α      Diag   Δtime 
---   ---------------   ---------   ---------   ----   ----   ------
  1   -136.5405280756                   -0.24   0.80   24.5     120s
  2   -128.8894585065   +    0.88        0.27   0.80   13.0    83.0s
  3   -136.1312977225        0.86       -0.13   0.80   21.9     129s
  4   -136.5392716214       -0.39       -0.27   0.80   12.6    81.4s
  5   -136.9480030764       -0.39       -0.59   0.80   11.6    67.4s
  6   -136.9615814699       -1.87       -0.64   0.80    8.2    48.8s
  7   -137.0311582930       -1.16       -1.38   0.80    9.9    59.6s
  8   -137.0330149079       -2.73       -1.77   0.80    5.4    38.9s
  9   -137.0329876460   +   -4.56       -1.90   0.80    4.5    37.6s
 10   -137.0331512276       -3.79       -2.37   0.80    5.0    36.8s
 11   -137.0331600229       -5.06       -2.73   0.80    4.2    37.6s
 12   -137.0331542986   +   -5.24       -2.59   0.80    6.8    48.6s
 13   -137.0331634613       -5.04       -3.16   0.80    5.3    40.4s
 14   -137.0331639828       -6.28       -3.67   0.80    4.4    41.5s
 15   -137.0331638399   +   -6.84       -3.42   0.80    5.4    45.6s
 16   -137.0331638654       -7.59       -3.45   0.80    2.2    27.8s
 17   -137.0331640127       -6.83       -4.30   0.80    5.9    41.8s
 18   -137.0331640078   +   -8.30       -4.15   0.80    6.8    51.1s
 19   -137.0331640144       -8.18       -4.68   0.80    5.6    39.4s
 20   -137.0331640142   +   -9.74       -4.64   0.80    7.6    49.1s
 21   -137.0331640149       -9.20       -5.04   0.80    3.8    36.5s
 22   -137.0331640150       -9.92       -5.67   0.80    6.1    41.8s
 23   -137.0331640150      -11.22       -6.30   0.80    6.1    46.6s
 24   -137.0331640150      -12.43       -7.31   0.80    6.9    49.9s
┌ Warning: Negative ρcore detected: -0.005174384787135863
└ @ DFTK ~/DFTK-mgga/src/terms/xc.jl:39
┌ Warning: Negative τcore detected: -0.02067264574640622
└ @ DFTK ~/DFTK-mgga/src/terms/xc.jl:45
n     Energy            log10(ΔE)   log10(Δρ)   α      Diag   Δtime 
---   ---------------   ---------   ---------   ----   ----   ------
  1   -137.0331640150                   -7.07   0.80    1.0    25.1s
  2   -137.0331640150      -13.55       -7.81   0.80    1.0    23.8s
┌ Warning: Negative ρcore detected: -0.005174384787135863
└ @ DFTK ~/DFTK-mgga/src/terms/xc.jl:39
┌ Warning: Negative τcore detected: -0.02067264574640622
└ @ DFTK ~/DFTK-mgga/src/terms/xc.jl:45
n     Energy            log10(ΔE)   log10(Δρ)   α      Diag   Δtime 
---   ---------------   ---------   ---------   ----   ----   ------
  1   -137.0331640150                   -7.70   0.80    1.0    24.0s
  2   -137.0331640150   +    -Inf       -8.07   0.80    1.0    24.3s
┌ Warning: Negative ρcore detected: Dual{ForwardDiff.Tag{DFTK.var"#1369#1370"{StaticArraysCore.SMatrix{3, 3, Float64, 9}, DFTK.var"#HF_energy#1368"{Vector{Vector{Float64}}, Float64, Vector{Matrix{ComplexF64}}, Vector{Vector{Float64}}}}, Float64}}(-0.005174384787136105,6.85757443366652e-5)
└ @ DFTK ~/DFTK-mgga/src/terms/xc.jl:39
┌ Warning: Negative τcore detected: Dual{ForwardDiff.Tag{DFTK.var"#1369#1370"{StaticArraysCore.SMatrix{3, 3, Float64, 9}, DFTK.var"#HF_energy#1368"{Vector{Vector{Float64}}, Float64, Vector{Matrix{ComplexF64}}, Vector{Vector{Float64}}}}, Float64}}(-0.02067264574640683,-0.00044810120928456647)
└ @ DFTK ~/DFTK-mgga/src/terms/xc.jl:45
┌ Warning: Negative ρcore detected: Dual{ForwardDiff.Tag{DFTK.var"#1369#1370"{StaticArraysCore.SMatrix{3, 3, Float64, 9}, DFTK.var"#HF_energy#1368"{Vector{Vector{Float64}}, Float64, Vector{Matrix{ComplexF64}}, Vector{Vector{Float64}}}}, Float64}}(-0.005174384787136105,-0.0002970545908217311)
└ @ DFTK ~/DFTK-mgga/src/terms/xc.jl:39
┌ Warning: Negative τcore detected: Dual{ForwardDiff.Tag{DFTK.var"#1369#1370"{StaticArraysCore.SMatrix{3, 3, Float64, 9}, DFTK.var"#HF_energy#1368"{Vector{Vector{Float64}}, Float64, Vector{Matrix{ComplexF64}}, Vector{Vector{Float64}}}}, Float64}}(-0.02067264574640683,0.006313733788420551)
└ @ DFTK ~/DFTK-mgga/src/terms/xc.jl:45
┌ Warning: Negative ρcore detected: Dual{ForwardDiff.Tag{DFTK.var"#1369#1370"{StaticArraysCore.SMatrix{3, 3, Float64, 9}, DFTK.var"#HF_energy#1368"{Vector{Vector{Float64}}, Float64, Vector{Matrix{ComplexF64}}, Vector{Vector{Float64}}}}, Float64}}(-0.005174384787136105,-9.027618174750965e-8)
└ @ DFTK ~/DFTK-mgga/src/terms/xc.jl:39
┌ Warning: Negative τcore detected: Dual{ForwardDiff.Tag{DFTK.var"#1369#1370"{StaticArraysCore.SMatrix{3, 3, Float64, 9}, DFTK.var"#HF_energy#1368"{Vector{Vector{Float64}}, Float64, Vector{Matrix{ComplexF64}}, Vector{Vector{Float64}}}}, Float64}}(-0.02067264574640683,0.00321408448019857)
└ @ DFTK ~/DFTK-mgga/src/terms/xc.jl:45
┌ Warning: Negative ρcore detected: Dual{ForwardDiff.Tag{DFTK.var"#1369#1370"{StaticArraysCore.SMatrix{3, 3, Float64, 9}, DFTK.var"#HF_energy#1368"{Vector{Vector{Float64}}, Float64, Vector{Matrix{ComplexF64}}, Vector{Vector{Float64}}}}, Float64}}(-0.005174384787136105,-0.0003519715792738596)
└ @ DFTK ~/DFTK-mgga/src/terms/xc.jl:39
┌ Warning: Negative τcore detected: Dual{ForwardDiff.Tag{DFTK.var"#1369#1370"{StaticArraysCore.SMatrix{3, 3, Float64, 9}, DFTK.var"#HF_energy#1368"{Vector{Vector{Float64}}, Float64, Vector{Matrix{ComplexF64}}, Vector{Vector{Float64}}}}, Float64}}(-0.02067264574640683,-0.005174151252142932)
└ @ DFTK ~/DFTK-mgga/src/terms/xc.jl:45
┌ Warning: Negative ρcore detected: Dual{ForwardDiff.Tag{DFTK.var"#1369#1370"{StaticArraysCore.SMatrix{3, 3, Float64, 9}, DFTK.var"#HF_energy#1368"{Vector{Vector{Float64}}, Float64, Vector{Matrix{ComplexF64}}, Vector{Vector{Float64}}}}, Float64}}(-0.005174384787136105,3.059949713997941e-17)
└ @ DFTK ~/DFTK-mgga/src/terms/xc.jl:39
┌ Warning: Negative τcore detected: Dual{ForwardDiff.Tag{DFTK.var"#1369#1370"{StaticArraysCore.SMatrix{3, 3, Float64, 9}, DFTK.var"#HF_energy#1368"{Vector{Vector{Float64}}, Float64, Vector{Matrix{ComplexF64}}, Vector{Vector{Float64}}}}, Float64}}(-0.02067264574640683,-5.446543334766224e-16)
└ @ DFTK ~/DFTK-mgga/src/terms/xc.jl:45
┌ Warning: Negative ρcore detected: Dual{ForwardDiff.Tag{DFTK.var"#1369#1370"{StaticArraysCore.SMatrix{3, 3, Float64, 9}, DFTK.var"#HF_energy#1368"{Vector{Vector{Float64}}, Float64, Vector{Matrix{ComplexF64}}, Vector{Vector{Float64}}}}, Float64}}(-0.005174384787136105,-1.0831595224955675e-16)
└ @ DFTK ~/DFTK-mgga/src/terms/xc.jl:39
┌ Warning: Negative τcore detected: Dual{ForwardDiff.Tag{DFTK.var"#1369#1370"{StaticArraysCore.SMatrix{3, 3, Float64, 9}, DFTK.var"#HF_energy#1368"{Vector{Vector{Float64}}, Float64, Vector{Matrix{ComplexF64}}, Vector{Vector{Float64}}}}, Float64}}(-0.02067264574640683,-1.0383382844843253e-15)
└ @ DFTK ~/DFTK-mgga/src/terms/xc.jl:45

                 Geometry optimisation convergence (in atomic units)
┌─────┬─────────────────┬───────────┬─────────────┬─────────────┬──────────┬────────┐
│   n │          Energy │ log10(ΔE) │  max(Force) │ max(Virial) │ Pressure │  Δtime │
├─────┼─────────────────┼───────────┼─────────────┼─────────────┼──────────┼────────┤
│   0 │ -137.0331640150 │           │  0.00084984 │   0.0329929 │   -0.032 │  2349s │
└─────┴─────────────────┴───────────┴─────────────┴─────────────┴──────────┴────────┘

┌ Warning: Negative ρcore detected: -0.005156058416168817
└ @ DFTK ~/DFTK-mgga/src/terms/xc.jl:39
┌ Warning: Negative τcore detected: -0.02079605879595548
└ @ DFTK ~/DFTK-mgga/src/terms/xc.jl:45
n     Energy            log10(ΔE)   log10(Δρ)   α      Diag   Δtime 
---   ---------------   ---------   ---------   ----   ----   ------
  1   -137.0152098623                   -1.00   0.80   25.3     112s
  2   -137.0322948325       -1.77       -1.46   0.80   13.8    73.4s
  3   -137.0332641392       -3.01       -2.05   0.80   12.8    68.1s
  4   -137.0332862400       -4.66       -2.48   0.80   11.3    55.2s
  5   -137.0332955251       -5.03       -3.07   0.80    8.2    52.6s
  6   -137.0332935670   +   -5.71       -2.92   0.80   12.3    65.1s
  7   -137.0332963138       -5.56       -4.17   0.80   11.1    53.9s
  8   -137.0332963157       -8.73       -4.30   0.80   11.6    63.6s
  9   -137.0332963209       -8.28       -4.75   0.80    9.9    50.6s
 10   -137.0332963214       -9.32       -5.65   0.80    9.6    51.2s
 11   -137.0332963214      -11.53       -6.11   0.80    7.9    52.3s
 12   -137.0332963214      -12.55       -6.90   0.80    7.0    46.6s
┌ Warning: Negative ρcore detected: -0.005167131018001277
└ @ DFTK ~/DFTK-mgga/src/terms/xc.jl:39
┌ Warning: Negative τcore detected: -0.02070422498561678
└ @ DFTK ~/DFTK-mgga/src/terms/xc.jl:45
n     Energy            log10(ΔE)   log10(Δρ)   α      Diag   Δtime 
---   ---------------   ---------   ---------   ----   ----   ------
  1   -137.0307495194                   -1.43   0.80   22.2     105s
  2   -137.0332764475       -2.60       -2.00   0.80   11.5    60.3s
  3   -137.0333572831       -4.09       -2.48   0.80   11.0    70.1s
  4   -137.0333583116       -5.99       -2.84   0.80    9.2    55.2s
  5   -137.0333564549   +   -5.73       -2.82   0.80   10.9    62.2s
  6   -137.0333602422       -5.42       -3.62   0.80   10.8    56.3s
  7   -137.0333603772       -6.87       -4.38   0.80   11.9    64.6s
  8   -137.0333603806       -8.47       -5.23   0.80   11.1    57.9s
  9   -137.0333603807      -10.44       -5.91   0.80    8.9    58.2s
 10   -137.0333603807      -11.74       -6.59   0.80    9.3    55.4s
 11   -137.0333603807      -13.07       -7.18   0.80   10.5    57.6s
┌ Warning: Negative ρcore detected: -0.005167131018001277
└ @ DFTK ~/DFTK-mgga/src/terms/xc.jl:39
┌ Warning: Negative τcore detected: -0.02070422498561678
└ @ DFTK ~/DFTK-mgga/src/terms/xc.jl:45
n     Energy            log10(ΔE)   log10(Δρ)   α      Diag   Δtime 
---   ---------------   ---------   ---------   ----   ----   ------
  1   -137.0333603807                   -6.94   0.80    1.0    20.6s
  2   -137.0333603807   +  -13.55       -7.49   0.80    1.0    21.1s
┌ Warning: Negative ρcore detected: -0.005167131018001277
└ @ DFTK ~/DFTK-mgga/src/terms/xc.jl:39
┌ Warning: Negative τcore detected: -0.02070422498561678
└ @ DFTK ~/DFTK-mgga/src/terms/xc.jl:45
n     Energy            log10(ΔE)   log10(Δρ)   α      Diag   Δtime 
---   ---------------   ---------   ---------   ----   ----   ------
  1   -137.0333603807                   -7.62   0.80    1.0    19.8s
  2   -137.0333603807   +    -Inf       -7.98   0.80    1.0    20.7s
┌ Warning: Negative ρcore detected: -0.005167131018001277
└ @ DFTK ~/DFTK-mgga/src/terms/xc.jl:39
┌ Warning: Negative τcore detected: -0.02070422498561678
└ @ DFTK ~/DFTK-mgga/src/terms/xc.jl:45
n     Energy            log10(ΔE)   log10(Δρ)   α      Diag   Δtime 
---   ---------------   ---------   ---------   ----   ----   ------
  1   -137.0333603807                   -8.07   0.80    1.0    19.5s
  2   -137.0333603807      -13.55       -8.43   0.80    1.0    21.7s
┌ Warning: Negative ρcore detected: Dual{ForwardDiff.Tag{DFTK.var"#1369#1370"{StaticArraysCore.SMatrix{3, 3, Float64, 9}, DFTK.var"#HF_energy#1368"{Vector{Vector{Float64}}, Float64, Vector{Matrix{ComplexF64}}, Vector{Vector{Float64}}}}, Float64}}(-0.005167131018001553,8.040620385706436e-5)
└ @ DFTK ~/DFTK-mgga/src/terms/xc.jl:39
┌ Warning: Negative τcore detected: Dual{ForwardDiff.Tag{DFTK.var"#1369#1370"{StaticArraysCore.SMatrix{3, 3, Float64, 9}, DFTK.var"#HF_energy#1368"{Vector{Vector{Float64}}, Float64, Vector{Matrix{ComplexF64}}, Vector{Vector{Float64}}}}, Float64}}(-0.020704224985617463,-0.0016410632366149602)
└ @ DFTK ~/DFTK-mgga/src/terms/xc.jl:45
┌ Warning: Negative ρcore detected: Dual{ForwardDiff.Tag{DFTK.var"#1369#1370"{StaticArraysCore.SMatrix{3, 3, Float64, 9}, DFTK.var"#HF_energy#1368"{Vector{Vector{Float64}}, Float64, Vector{Matrix{ComplexF64}}, Vector{Vector{Float64}}}}, Float64}}(-0.005167131018001553,0.0011911334109219016)
└ @ DFTK ~/DFTK-mgga/src/terms/xc.jl:39
┌ Warning: Negative τcore detected: Dual{ForwardDiff.Tag{DFTK.var"#1369#1370"{StaticArraysCore.SMatrix{3, 3, Float64, 9}, DFTK.var"#HF_energy#1368"{Vector{Vector{Float64}}, Float64, Vector{Matrix{ComplexF64}}, Vector{Vector{Float64}}}}, Float64}}(-0.020704224985617463,-0.037476166295817)
└ @ DFTK ~/DFTK-mgga/src/terms/xc.jl:45
┌ Warning: Negative ρcore detected: Dual{ForwardDiff.Tag{DFTK.var"#1369#1370"{StaticArraysCore.SMatrix{3, 3, Float64, 9}, DFTK.var"#HF_energy#1368"{Vector{Vector{Float64}}, Float64, Vector{Matrix{ComplexF64}}, Vector{Vector{Float64}}}}, Float64}}(-0.005167131018001553,0.002557438504134356)
└ @ DFTK ~/DFTK-mgga/src/terms/xc.jl:39
┌ Warning: Negative τcore detected: Dual{ForwardDiff.Tag{DFTK.var"#1369#1370"{StaticArraysCore.SMatrix{3, 3, Float64, 9}, DFTK.var"#HF_energy#1368"{Vector{Vector{Float64}}, Float64, Vector{Matrix{ComplexF64}}, Vector{Vector{Float64}}}}, Float64}}(-0.020704224985617463,-0.006491218602904069)
└ @ DFTK ~/DFTK-mgga/src/terms/xc.jl:45
┌ Warning: Negative ρcore detected: Dual{ForwardDiff.Tag{DFTK.var"#1369#1370"{StaticArraysCore.SMatrix{3, 3, Float64, 9}, DFTK.var"#HF_energy#1368"{Vector{Vector{Float64}}, Float64, Vector{Matrix{ComplexF64}}, Vector{Vector{Float64}}}}, Float64}}(-0.005167131018001553,-0.002268434738784296)
└ @ DFTK ~/DFTK-mgga/src/terms/xc.jl:39
┌ Warning: Negative τcore detected: Dual{ForwardDiff.Tag{DFTK.var"#1369#1370"{StaticArraysCore.SMatrix{3, 3, Float64, 9}, DFTK.var"#HF_energy#1368"{Vector{Vector{Float64}}, Float64, Vector{Matrix{ComplexF64}}, Vector{Vector{Float64}}}}, Float64}}(-0.020704224985617463,0.015190548602593173)
└ @ DFTK ~/DFTK-mgga/src/terms/xc.jl:45
┌ Warning: Negative ρcore detected: Dual{ForwardDiff.Tag{DFTK.var"#1369#1370"{StaticArraysCore.SMatrix{3, 3, Float64, 9}, DFTK.var"#HF_energy#1368"{Vector{Vector{Float64}}, Float64, Vector{Matrix{ComplexF64}}, Vector{Vector{Float64}}}}, Float64}}(-0.005167131018001553,7.317097355433545e-17)
└ @ DFTK ~/DFTK-mgga/src/terms/xc.jl:39
┌ Warning: Negative τcore detected: Dual{ForwardDiff.Tag{DFTK.var"#1369#1370"{StaticArraysCore.SMatrix{3, 3, Float64, 9}, DFTK.var"#HF_energy#1368"{Vector{Vector{Float64}}, Float64, Vector{Matrix{ComplexF64}}, Vector{Vector{Float64}}}}, Float64}}(-0.020704224985617463,-0.0023652032091173707)
└ @ DFTK ~/DFTK-mgga/src/terms/xc.jl:45
┌ Warning: Negative ρcore detected: Dual{ForwardDiff.Tag{DFTK.var"#1369#1370"{StaticArraysCore.SMatrix{3, 3, Float64, 9}, DFTK.var"#HF_energy#1368"{Vector{Vector{Float64}}, Float64, Vector{Matrix{ComplexF64}}, Vector{Vector{Float64}}}}, Float64}}(-0.005167131018001553,3.1535838801496945e-17)
└ @ DFTK ~/DFTK-mgga/src/terms/xc.jl:39
┌ Warning: Negative τcore detected: Dual{ForwardDiff.Tag{DFTK.var"#1369#1370"{StaticArraysCore.SMatrix{3, 3, Float64, 9}, DFTK.var"#HF_energy#1368"{Vector{Vector{Float64}}, Float64, Vector{Matrix{ComplexF64}}, Vector{Vector{Float64}}}}, Float64}}(-0.020704224985617463,0.005934047448011131)
└ @ DFTK ~/DFTK-mgga/src/terms/xc.jl:45

┌─────┬─────────────────┬───────────┬─────────────┬─────────────┬──────────┬────────┐
│   n │          Energy │ log10(ΔE) │  max(Force) │ max(Virial) │ Pressure │  Δtime │
├─────┼─────────────────┼───────────┼─────────────┼─────────────┼──────────┼────────┤
│   1 │ -137.0333603807 │           │  0.00191478 │  0.00158112 │   6.6e-5 │  2561s │
└─────┴─────────────────┴───────────┴─────────────┴─────────────┴──────────┴────────┘

┌ Warning: Negative ρcore detected: -0.005167044320509699
└ @ DFTK ~/DFTK-mgga/src/terms/xc.jl:39
┌ Warning: Negative τcore detected: -0.02070433588310546
└ @ DFTK ~/DFTK-mgga/src/terms/xc.jl:45
n     Energy            log10(ΔE)   log10(Δρ)   α      Diag   Δtime 
---   ---------------   ---------   ---------   ----   ----   ------
  1   -137.0333537694                   -3.75   0.80   22.6     103s
  2   -137.0333601419       -5.20       -4.21   0.80    2.1    25.4s
  3   -137.0333605442       -6.40       -4.40   0.80   22.5     103s
  4   -137.0333605423   +   -8.73       -4.40   0.80   14.6    73.9s
  5   -137.0333605445       -8.67       -4.71   0.80   13.2    61.7s
  6   -137.0333605449       -9.34       -5.34   0.80   10.5    54.7s
  7   -137.0333605449      -12.64       -5.66   0.80    8.2    49.8s
  8   -137.0333605449      -11.56       -6.46   0.80    8.1    48.7s
  9   -137.0333605449      -12.85       -7.09   0.80    9.8    56.3s
┌ Warning: Negative ρcore detected: -0.0050960550137890215
└ @ DFTK ~/DFTK-mgga/src/terms/xc.jl:39
┌ Warning: Negative τcore detected: -0.020736731430432493
└ @ DFTK ~/DFTK-mgga/src/terms/xc.jl:45
n     Energy            log10(ΔE)   log10(Δρ)   α      Diag   Δtime 
---   ---------------   ---------   ---------   ----   ----   ------
  1   -137.0281781401                   -1.16   0.80   23.2     108s
  2   -137.0331184256       -2.31       -1.67   0.80   10.1    55.2s
  3   -137.0333788663       -3.58       -2.18   0.80   10.4    61.7s
  4   -137.0333953658       -4.78       -2.61   0.80   10.0    62.2s
  5   -137.0333976368       -5.64       -3.13   0.80    9.3    54.3s
  6   -137.0333973283   +   -6.51       -3.12   0.80   11.8    61.1s
  7   -137.0333983259       -6.00       -3.84   0.80   11.1    53.9s
  8   -137.0333983618       -7.45       -4.31   0.80   12.6    59.6s
  9   -137.0333983649       -8.51       -5.08   0.80   11.6    57.3s
 10   -137.0333983649      -10.25       -5.49   0.80    8.1    51.7s
 11   -137.0333983649      -10.68       -6.21   0.80   11.3    55.9s
 12   -137.0333983649      -12.37       -7.07   0.80    8.6    52.5s
┌ Warning: Negative ρcore detected: -0.0050960550137890215
└ @ DFTK ~/DFTK-mgga/src/terms/xc.jl:39
┌ Warning: Negative τcore detected: -0.020736731430432493
└ @ DFTK ~/DFTK-mgga/src/terms/xc.jl:45
n     Energy            log10(ΔE)   log10(Δρ)   α      Diag   Δtime 
---   ---------------   ---------   ---------   ----   ----   ------
  1   -137.0333983649                   -7.27   0.80    1.0    19.7s
  2   -137.0333983649   +    -Inf       -7.68   0.80    1.0    20.7s
┌ Warning: Negative ρcore detected: -0.0050960550137890215
└ @ DFTK ~/DFTK-mgga/src/terms/xc.jl:39
┌ Warning: Negative τcore detected: -0.020736731430432493
└ @ DFTK ~/DFTK-mgga/src/terms/xc.jl:45
n     Energy            log10(ΔE)   log10(Δρ)   α      Diag   Δtime 
---   ---------------   ---------   ---------   ----   ----   ------
  1   -137.0333983649                   -7.87   0.80    1.0    20.0s
  2   -137.0333983649   +  -13.55       -8.08   0.80    1.0    20.6s
┌ Warning: Negative ρcore detected: -0.0050960550137890215
└ @ DFTK ~/DFTK-mgga/src/terms/xc.jl:39
┌ Warning: Negative τcore detected: -0.020736731430432493
└ @ DFTK ~/DFTK-mgga/src/terms/xc.jl:45
n     Energy            log10(ΔE)   log10(Δρ)   α      Diag   Δtime 
---   ---------------   ---------   ---------   ----   ----   ------
  1   -137.0333983649                   -8.29   0.80    1.0    19.6s
  2   -137.0333983649   +  -13.55       -8.56   0.80    1.0    20.8s
┌ Warning: Negative ρcore detected: Dual{ForwardDiff.Tag{DFTK.var"#1369#1370"{StaticArraysCore.SMatrix{3, 3, Float64, 9}, DFTK.var"#HF_energy#1368"{Vector{Vector{Float64}}, Float64, Vector{Matrix{ComplexF64}}, Vector{Vector{Float64}}}}, Float64}}(-0.00509605501378884,8.686552854781293e-5)
└ @ DFTK ~/DFTK-mgga/src/terms/xc.jl:39
┌ Warning: Negative τcore detected: Dual{ForwardDiff.Tag{DFTK.var"#1369#1370"{StaticArraysCore.SMatrix{3, 3, Float64, 9}, DFTK.var"#HF_energy#1368"{Vector{Vector{Float64}}, Float64, Vector{Matrix{ComplexF64}}, Vector{Vector{Float64}}}}, Float64}}(-0.020736731430427178,0.006743522095166906)
└ @ DFTK ~/DFTK-mgga/src/terms/xc.jl:45
┌ Warning: Negative ρcore detected: Dual{ForwardDiff.Tag{DFTK.var"#1369#1370"{StaticArraysCore.SMatrix{3, 3, Float64, 9}, DFTK.var"#HF_energy#1368"{Vector{Vector{Float64}}, Float64, Vector{Matrix{ComplexF64}}, Vector{Vector{Float64}}}}, Float64}}(-0.00509605501378884,0.0036543462963572453)
└ @ DFTK ~/DFTK-mgga/src/terms/xc.jl:39
┌ Warning: Negative τcore detected: Dual{ForwardDiff.Tag{DFTK.var"#1369#1370"{StaticArraysCore.SMatrix{3, 3, Float64, 9}, DFTK.var"#HF_energy#1368"{Vector{Vector{Float64}}, Float64, Vector{Matrix{ComplexF64}}, Vector{Vector{Float64}}}}, Float64}}(-0.020736731430427178,0.001527881274663665)
└ @ DFTK ~/DFTK-mgga/src/terms/xc.jl:45
┌ Warning: Negative ρcore detected: Dual{ForwardDiff.Tag{DFTK.var"#1369#1370"{StaticArraysCore.SMatrix{3, 3, Float64, 9}, DFTK.var"#HF_energy#1368"{Vector{Vector{Float64}}, Float64, Vector{Matrix{ComplexF64}}, Vector{Vector{Float64}}}}, Float64}}(-0.00509605501378884,0.007230972075595817)
└ @ DFTK ~/DFTK-mgga/src/terms/xc.jl:39
┌ Warning: Negative τcore detected: Dual{ForwardDiff.Tag{DFTK.var"#1369#1370"{StaticArraysCore.SMatrix{3, 3, Float64, 9}, DFTK.var"#HF_energy#1368"{Vector{Vector{Float64}}, Float64, Vector{Matrix{ComplexF64}}, Vector{Vector{Float64}}}}, Float64}}(-0.020736731430427178,0.0010043341498356274)
└ @ DFTK ~/DFTK-mgga/src/terms/xc.jl:45
┌ Warning: Negative ρcore detected: Dual{ForwardDiff.Tag{DFTK.var"#1369#1370"{StaticArraysCore.SMatrix{3, 3, Float64, 9}, DFTK.var"#HF_energy#1368"{Vector{Vector{Float64}}, Float64, Vector{Matrix{ComplexF64}}, Vector{Vector{Float64}}}}, Float64}}(-0.00509605501378884,-0.005556428803510588)
└ @ DFTK ~/DFTK-mgga/src/terms/xc.jl:39
┌ Warning: Negative τcore detected: Dual{ForwardDiff.Tag{DFTK.var"#1369#1370"{StaticArraysCore.SMatrix{3, 3, Float64, 9}, DFTK.var"#HF_energy#1368"{Vector{Vector{Float64}}, Float64, Vector{Matrix{ComplexF64}}, Vector{Vector{Float64}}}}, Float64}}(-0.020736731430427178,0.0014597317622792934)
└ @ DFTK ~/DFTK-mgga/src/terms/xc.jl:45
┌ Warning: Negative ρcore detected: Dual{ForwardDiff.Tag{DFTK.var"#1369#1370"{StaticArraysCore.SMatrix{3, 3, Float64, 9}, DFTK.var"#HF_energy#1368"{Vector{Vector{Float64}}, Float64, Vector{Matrix{ComplexF64}}, Vector{Vector{Float64}}}}, Float64}}(-0.00509605501378884,-2.0628083027302515e-17)
└ @ DFTK ~/DFTK-mgga/src/terms/xc.jl:39
┌ Warning: Negative τcore detected: Dual{ForwardDiff.Tag{DFTK.var"#1369#1370"{StaticArraysCore.SMatrix{3, 3, Float64, 9}, DFTK.var"#HF_energy#1368"{Vector{Vector{Float64}}, Float64, Vector{Matrix{ComplexF64}}, Vector{Vector{Float64}}}}, Float64}}(-0.020736731430427178,0.0021694193461840646)
└ @ DFTK ~/DFTK-mgga/src/terms/xc.jl:45
┌ Warning: Negative ρcore detected: Dual{ForwardDiff.Tag{DFTK.var"#1369#1370"{StaticArraysCore.SMatrix{3, 3, Float64, 9}, DFTK.var"#HF_energy#1368"{Vector{Vector{Float64}}, Float64, Vector{Matrix{ComplexF64}}, Vector{Vector{Float64}}}}, Float64}}(-0.00509605501378884,4.112337467804196e-17)
└ @ DFTK ~/DFTK-mgga/src/terms/xc.jl:39
┌ Warning: Negative τcore detected: Dual{ForwardDiff.Tag{DFTK.var"#1369#1370"{StaticArraysCore.SMatrix{3, 3, Float64, 9}, DFTK.var"#HF_energy#1368"{Vector{Vector{Float64}}, Float64, Vector{Matrix{ComplexF64}}, Vector{Vector{Float64}}}}, Float64}}(-0.020736731430427178,0.003570763964520822)
└ @ DFTK ~/DFTK-mgga/src/terms/xc.jl:45

┌─────┬─────────────────┬───────────┬─────────────┬─────────────┬──────────┬────────┐
│   n │          Energy │ log10(ΔE) │  max(Force) │ max(Virial) │ Pressure │  Δtime │
├─────┼─────────────────┼───────────┼─────────────┼─────────────┼──────────┼────────┤
│   2 │ -137.0333983649 │     -4.42 │  0.00127909 │  0.00650903 │ -0.00077 │  2422s │
└─────┴─────────────────┴───────────┴─────────────┴─────────────┴──────────┴────────┘

┌ Warning: Negative ρcore detected: -0.005066434434738779
└ @ DFTK ~/DFTK-mgga/src/terms/xc.jl:39
┌ Warning: Negative τcore detected: -0.020723825134714255
└ @ DFTK ~/DFTK-mgga/src/terms/xc.jl:45
n     Energy            log10(ΔE)   log10(Δρ)   α      Diag   Δtime 
---   ---------------   ---------   ---------   ----   ----   ------
  1   -137.0162645339                   -0.88   0.80   20.7    94.4s
  2   -137.0323453355       -1.79       -1.40   0.80    9.2    52.1s
  3   -137.0332854011       -3.03       -1.89   0.80   10.4    60.1s
  4   -137.0333540540       -4.16       -2.31   0.80    8.7    52.1s
  5   -137.0333668325       -4.89       -3.12   0.80    7.9    48.9s
  6   -137.0333669979       -6.78       -3.33   0.80   10.3    57.9s
  7   -137.0333669929   +   -8.30       -3.46   0.80   11.1    55.7s
  8   -137.0333671799       -6.73       -3.79   0.80   10.5    53.1s
  9   -137.0333672225       -7.37       -5.01   0.80    9.3    50.9s
 10   -137.0333672227       -9.75       -5.25   0.80   11.3    62.0s
 11   -137.0333672228      -10.13       -6.07   0.80   10.9    54.6s
 12   -137.0333672228      -12.59       -6.47   0.80    7.5    47.5s
 13   -137.0333672228      -12.94       -7.28   0.80    9.3    48.7s
┌ Warning: Negative ρcore detected: -0.005040288096691363
└ @ DFTK ~/DFTK-mgga/src/terms/xc.jl:39
┌ Warning: Negative τcore detected: -0.020759710399866866
└ @ DFTK ~/DFTK-mgga/src/terms/xc.jl:45
n     Energy            log10(ΔE)   log10(Δρ)   α      Diag   Δtime 
---   ---------------   ---------   ---------   ----   ----   ------
  1   -137.0271213601                   -1.10   0.80   24.1     108s
  2   -137.0331063210       -2.22       -1.62   0.80    9.6    58.2s
  3   -137.0333972640       -3.54       -2.13   0.80   11.0    61.3s
  4   -137.0334147147       -4.76       -2.56   0.80   10.1    58.5s
  5   -137.0334191130       -5.36       -3.19   0.80    9.4    54.4s
  6   -137.0334185456   +   -6.25       -3.10   0.80   12.4    66.6s
  7   -137.0334196523       -5.96       -3.87   0.80   11.9    55.8s
  8   -137.0334196803       -7.55       -4.30   0.80   12.7    61.3s
  9   -137.0334196838       -8.45       -5.02   0.80   11.1    54.1s
 10   -137.0334196839      -10.24       -5.45   0.80    8.5    53.9s
 11   -137.0334196839      -10.64       -6.23   0.80   11.2    56.8s
 12   -137.0334196839      -12.32       -6.95   0.80    8.5    52.9s
┌ Warning: Negative ρcore detected: -0.005040288096691363
└ @ DFTK ~/DFTK-mgga/src/terms/xc.jl:39
┌ Warning: Negative τcore detected: -0.020759710399866866
└ @ DFTK ~/DFTK-mgga/src/terms/xc.jl:45
n     Energy            log10(ΔE)   log10(Δρ)   α      Diag   Δtime 
---   ---------------   ---------   ---------   ----   ----   ------
  1   -137.0334196839                   -7.19   0.80    1.0    21.1s
  2   -137.0334196839   +  -13.25       -7.55   0.80    1.0    22.5s
┌ Warning: Negative ρcore detected: -0.005040288096691363
└ @ DFTK ~/DFTK-mgga/src/terms/xc.jl:39
┌ Warning: Negative τcore detected: -0.020759710399866866
└ @ DFTK ~/DFTK-mgga/src/terms/xc.jl:45
n     Energy            log10(ΔE)   log10(Δρ)   α      Diag   Δtime 
---   ---------------   ---------   ---------   ----   ----   ------
  1   -137.0334196839                   -7.63   0.80    1.0    21.6s
  2   -137.0334196839   +  -13.55       -7.97   0.80    1.0    22.6s
┌ Warning: Negative ρcore detected: -0.005040288096691363
└ @ DFTK ~/DFTK-mgga/src/terms/xc.jl:39
┌ Warning: Negative τcore detected: -0.020759710399866866
└ @ DFTK ~/DFTK-mgga/src/terms/xc.jl:45
n     Energy            log10(ΔE)   log10(Δρ)   α      Diag   Δtime 
---   ---------------   ---------   ---------   ----   ----   ------
  1   -137.0334196839                   -8.12   0.80    1.0    20.8s
  2   -137.0334196839   +  -13.25       -8.47   0.80    1.0    23.1s
┌ Warning: Negative ρcore detected: Dual{ForwardDiff.Tag{DFTK.var"#1369#1370"{StaticArraysCore.SMatrix{3, 3, Float64, 9}, DFTK.var"#HF_energy#1368"{Vector{Vector{Float64}}, Float64, Vector{Matrix{ComplexF64}}, Vector{Vector{Float64}}}}, Float64}}(-0.00504028809669131,0.006190754049784948)
└ @ DFTK ~/DFTK-mgga/src/terms/xc.jl:39
┌ Warning: Negative τcore detected: Dual{ForwardDiff.Tag{DFTK.var"#1369#1370"{StaticArraysCore.SMatrix{3, 3, Float64, 9}, DFTK.var"#HF_energy#1368"{Vector{Vector{Float64}}, Float64, Vector{Matrix{ComplexF64}}, Vector{Vector{Float64}}}}, Float64}}(-0.020759710399866408,0.006209792802526102)
└ @ DFTK ~/DFTK-mgga/src/terms/xc.jl:45
┌ Warning: Negative ρcore detected: Dual{ForwardDiff.Tag{DFTK.var"#1369#1370"{StaticArraysCore.SMatrix{3, 3, Float64, 9}, DFTK.var"#HF_energy#1368"{Vector{Vector{Float64}}, Float64, Vector{Matrix{ComplexF64}}, Vector{Vector{Float64}}}}, Float64}}(-0.00504028809669131,0.002610758450580806)
└ @ DFTK ~/DFTK-mgga/src/terms/xc.jl:39
┌ Warning: Negative τcore detected: Dual{ForwardDiff.Tag{DFTK.var"#1369#1370"{StaticArraysCore.SMatrix{3, 3, Float64, 9}, DFTK.var"#HF_energy#1368"{Vector{Vector{Float64}}, Float64, Vector{Matrix{ComplexF64}}, Vector{Vector{Float64}}}}, Float64}}(-0.020759710399866408,0.0018661032748985614)
└ @ DFTK ~/DFTK-mgga/src/terms/xc.jl:45
┌ Warning: Negative ρcore detected: Dual{ForwardDiff.Tag{DFTK.var"#1369#1370"{StaticArraysCore.SMatrix{3, 3, Float64, 9}, DFTK.var"#HF_energy#1368"{Vector{Vector{Float64}}, Float64, Vector{Matrix{ComplexF64}}, Vector{Vector{Float64}}}}, Float64}}(-0.00504028809669131,0.0018797642244988328)
└ @ DFTK ~/DFTK-mgga/src/terms/xc.jl:39
┌ Warning: Negative τcore detected: Dual{ForwardDiff.Tag{DFTK.var"#1369#1370"{StaticArraysCore.SMatrix{3, 3, Float64, 9}, DFTK.var"#HF_energy#1368"{Vector{Vector{Float64}}, Float64, Vector{Matrix{ComplexF64}}, Vector{Vector{Float64}}}}, Float64}}(-0.020759710399866408,1.6048620656114454e-5)
└ @ DFTK ~/DFTK-mgga/src/terms/xc.jl:45
┌ Warning: Negative ρcore detected: Dual{ForwardDiff.Tag{DFTK.var"#1369#1370"{StaticArraysCore.SMatrix{3, 3, Float64, 9}, DFTK.var"#HF_energy#1368"{Vector{Vector{Float64}}, Float64, Vector{Matrix{ComplexF64}}, Vector{Vector{Float64}}}}, Float64}}(-0.00504028809669131,0.002334430118153964)
└ @ DFTK ~/DFTK-mgga/src/terms/xc.jl:39
┌ Warning: Negative τcore detected: Dual{ForwardDiff.Tag{DFTK.var"#1369#1370"{StaticArraysCore.SMatrix{3, 3, Float64, 9}, DFTK.var"#HF_energy#1368"{Vector{Vector{Float64}}, Float64, Vector{Matrix{ComplexF64}}, Vector{Vector{Float64}}}}, Float64}}(-0.020759710399866408,0.0014745795581735533)
└ @ DFTK ~/DFTK-mgga/src/terms/xc.jl:45
┌ Warning: Negative ρcore detected: Dual{ForwardDiff.Tag{DFTK.var"#1369#1370"{StaticArraysCore.SMatrix{3, 3, Float64, 9}, DFTK.var"#HF_energy#1368"{Vector{Vector{Float64}}, Float64, Vector{Matrix{ComplexF64}}, Vector{Vector{Float64}}}}, Float64}}(-0.00504028809669131,0.003518050126009306)
└ @ DFTK ~/DFTK-mgga/src/terms/xc.jl:39
┌ Warning: Negative τcore detected: Dual{ForwardDiff.Tag{DFTK.var"#1369#1370"{StaticArraysCore.SMatrix{3, 3, Float64, 9}, DFTK.var"#HF_energy#1368"{Vector{Vector{Float64}}, Float64, Vector{Matrix{ComplexF64}}, Vector{Vector{Float64}}}}, Float64}}(-0.020759710399866408,0.0014241865848036628)
└ @ DFTK ~/DFTK-mgga/src/terms/xc.jl:45
┌ Warning: Negative ρcore detected: Dual{ForwardDiff.Tag{DFTK.var"#1369#1370"{StaticArraysCore.SMatrix{3, 3, Float64, 9}, DFTK.var"#HF_energy#1368"{Vector{Vector{Float64}}, Float64, Vector{Matrix{ComplexF64}}, Vector{Vector{Float64}}}}, Float64}}(-0.00504028809669131,0.0040410853314914955)
└ @ DFTK ~/DFTK-mgga/src/terms/xc.jl:39
┌ Warning: Negative τcore detected: Dual{ForwardDiff.Tag{DFTK.var"#1369#1370"{StaticArraysCore.SMatrix{3, 3, Float64, 9}, DFTK.var"#HF_energy#1368"{Vector{Vector{Float64}}, Float64, Vector{Matrix{ComplexF64}}, Vector{Vector{Float64}}}}, Float64}}(-0.020759710399866408,0.0037361702696393374)
└ @ DFTK ~/DFTK-mgga/src/terms/xc.jl:45

┌─────┬─────────────────┬───────────┬─────────────┬─────────────┬──────────┬────────┐
│   n │          Energy │ log10(ΔE) │  max(Force) │ max(Virial) │ Pressure │  Δtime │
├─────┼─────────────────┼───────────┼─────────────┼─────────────┼──────────┼────────┤
│   3 │ -137.0334196839 │     -4.67 │ 0.000589851 │ 0.000838031 │ -0.00068 │  2673s │
└─────┴─────────────────┴───────────┴─────────────┴─────────────┴──────────┴────────┘

┌ Warning: Negative ρcore detected: -0.005040894236730168
└ @ DFTK ~/DFTK-mgga/src/terms/xc.jl:39
┌ Warning: Negative τcore detected: -0.02075913256634395
└ @ DFTK ~/DFTK-mgga/src/terms/xc.jl:45
n     Energy            log10(ΔE)   log10(Δρ)   α      Diag   Δtime 
---   ---------------   ---------   ---------   ----   ----   ------
  1   -137.0334135864                   -2.87   0.80   23.2     127s
  2   -137.0334197926       -5.21       -3.35   0.80    4.7    40.2s
  3   -137.0334200285       -6.63       -3.45   0.80   18.1     104s
  4   -137.0334200697       -7.39       -3.82   0.80   13.4    76.7s
  5   -137.0334200689   +   -9.12       -3.83   0.80   14.4    77.6s
  6   -137.0334201083       -7.41       -4.94   0.80   11.7    67.3s
  7   -137.0334201086       -9.48       -5.50   0.80   12.7    77.2s
  8   -137.0334201086      -10.59       -5.93   0.80   12.2    73.3s
  9   -137.0334201086      -11.68       -6.76   0.80   11.0    67.3s
┌ Warning: Negative ρcore detected: -0.005056932229435761
└ @ DFTK ~/DFTK-mgga/src/terms/xc.jl:39
┌ Warning: Negative τcore detected: -0.0207417970393626
└ @ DFTK ~/DFTK-mgga/src/terms/xc.jl:45
n     Energy            log10(ΔE)   log10(Δρ)   α      Diag   Δtime 
---   ---------------   ---------   ---------   ----   ----   ------
  1   -137.0326739732                   -1.44   0.80   23.5     126s
  2   -137.0333693007       -3.16       -1.95   0.80   10.7    63.8s
  3   -137.0334230196       -4.27       -2.51   0.80   12.3    76.8s
  4   -137.0334249095       -5.72       -3.05   0.80   10.6    73.9s
  5   -137.0334245757   +   -6.48       -3.08   0.80   11.4    68.4s
  6   -137.0334255427       -6.01       -3.55   0.80   11.4    57.1s
  7   -137.0334257032       -6.79       -4.19   0.80   12.4    63.2s
  8   -137.0334257128       -8.02       -4.94   0.80   12.0    62.3s
  9   -137.0334257129       -9.97       -5.33   0.80   11.1    57.5s
 10   -137.0334257129      -10.96       -6.22   0.80    9.9    51.9s
 11   -137.0334257129      -12.47       -6.75   0.80    8.8    56.5s
┌ Warning: Negative ρcore detected: -0.005056932229435761
└ @ DFTK ~/DFTK-mgga/src/terms/xc.jl:39
┌ Warning: Negative τcore detected: -0.0207417970393626
└ @ DFTK ~/DFTK-mgga/src/terms/xc.jl:45
n     Energy            log10(ΔE)   log10(Δρ)   α      Diag   Δtime 
---   ---------------   ---------   ---------   ----   ----   ------
  1   -137.0334257129                   -6.58   0.80    1.0    19.6s
  2   -137.0334257129      -12.85       -7.10   0.80    1.0    20.7s
┌ Warning: Negative ρcore detected: -0.005056932229435761
└ @ DFTK ~/DFTK-mgga/src/terms/xc.jl:39
┌ Warning: Negative τcore detected: -0.0207417970393626
└ @ DFTK ~/DFTK-mgga/src/terms/xc.jl:45
n     Energy            log10(ΔE)   log10(Δρ)   α      Diag   Δtime 
---   ---------------   ---------   ---------   ----   ----   ------
  1   -137.0334257129                   -7.28   0.80    1.0    22.0s
  2   -137.0334257129      -13.25       -7.59   0.80    1.0    21.3s
┌ Warning: Negative ρcore detected: -0.005056932229435761
└ @ DFTK ~/DFTK-mgga/src/terms/xc.jl:39
┌ Warning: Negative τcore detected: -0.0207417970393626
└ @ DFTK ~/DFTK-mgga/src/terms/xc.jl:45
n     Energy            log10(ΔE)   log10(Δρ)   α      Diag   Δtime 
---   ---------------   ---------   ---------   ----   ----   ------
  1   -137.0334257129                   -7.77   0.80    1.0    20.1s
  2   -137.0334257129      -13.55       -8.05   0.80    1.0    23.6s
┌ Warning: Negative ρcore detected: Dual{ForwardDiff.Tag{DFTK.var"#1369#1370"{StaticArraysCore.SMatrix{3, 3, Float64, 9}, DFTK.var"#HF_energy#1368"{Vector{Vector{Float64}}, Float64, Vector{Matrix{ComplexF64}}, Vector{Vector{Float64}}}}, Float64}}(-0.005056932229436346,0.005355164483934541)
└ @ DFTK ~/DFTK-mgga/src/terms/xc.jl:39
┌ Warning: Negative τcore detected: Dual{ForwardDiff.Tag{DFTK.var"#1369#1370"{StaticArraysCore.SMatrix{3, 3, Float64, 9}, DFTK.var"#HF_energy#1368"{Vector{Vector{Float64}}, Float64, Vector{Matrix{ComplexF64}}, Vector{Vector{Float64}}}}, Float64}}(-0.020741797039368803,0.0037570938433130327)
└ @ DFTK ~/DFTK-mgga/src/terms/xc.jl:45
┌ Warning: Negative ρcore detected: Dual{ForwardDiff.Tag{DFTK.var"#1369#1370"{StaticArraysCore.SMatrix{3, 3, Float64, 9}, DFTK.var"#HF_energy#1368"{Vector{Vector{Float64}}, Float64, Vector{Matrix{ComplexF64}}, Vector{Vector{Float64}}}}, Float64}}(-0.005056932229436346,0.002224541086526129)
└ @ DFTK ~/DFTK-mgga/src/terms/xc.jl:39
┌ Warning: Negative τcore detected: Dual{ForwardDiff.Tag{DFTK.var"#1369#1370"{StaticArraysCore.SMatrix{3, 3, Float64, 9}, DFTK.var"#HF_energy#1368"{Vector{Vector{Float64}}, Float64, Vector{Matrix{ComplexF64}}, Vector{Vector{Float64}}}}, Float64}}(-0.020741797039368803,0.0007284725077736885)
└ @ DFTK ~/DFTK-mgga/src/terms/xc.jl:45
┌ Warning: Negative ρcore detected: Dual{ForwardDiff.Tag{DFTK.var"#1369#1370"{StaticArraysCore.SMatrix{3, 3, Float64, 9}, DFTK.var"#HF_energy#1368"{Vector{Vector{Float64}}, Float64, Vector{Matrix{ComplexF64}}, Vector{Vector{Float64}}}}, Float64}}(-0.005056932229436346,0.0014826566449138087)
└ @ DFTK ~/DFTK-mgga/src/terms/xc.jl:39
┌ Warning: Negative τcore detected: Dual{ForwardDiff.Tag{DFTK.var"#1369#1370"{StaticArraysCore.SMatrix{3, 3, Float64, 9}, DFTK.var"#HF_energy#1368"{Vector{Vector{Float64}}, Float64, Vector{Matrix{ComplexF64}}, Vector{Vector{Float64}}}}, Float64}}(-0.020741797039368803,-0.0003026833719033846)
└ @ DFTK ~/DFTK-mgga/src/terms/xc.jl:45
┌ Warning: Negative ρcore detected: Dual{ForwardDiff.Tag{DFTK.var"#1369#1370"{StaticArraysCore.SMatrix{3, 3, Float64, 9}, DFTK.var"#HF_energy#1368"{Vector{Vector{Float64}}, Float64, Vector{Matrix{ComplexF64}}, Vector{Vector{Float64}}}}, Float64}}(-0.005056932229436346,0.002035024358801204)
└ @ DFTK ~/DFTK-mgga/src/terms/xc.jl:39
┌ Warning: Negative τcore detected: Dual{ForwardDiff.Tag{DFTK.var"#1369#1370"{StaticArraysCore.SMatrix{3, 3, Float64, 9}, DFTK.var"#HF_energy#1368"{Vector{Vector{Float64}}, Float64, Vector{Matrix{ComplexF64}}, Vector{Vector{Float64}}}}, Float64}}(-0.020741797039368803,0.0009889003259641793)
└ @ DFTK ~/DFTK-mgga/src/terms/xc.jl:45
┌ Warning: Negative ρcore detected: Dual{ForwardDiff.Tag{DFTK.var"#1369#1370"{StaticArraysCore.SMatrix{3, 3, Float64, 9}, DFTK.var"#HF_energy#1368"{Vector{Vector{Float64}}, Float64, Vector{Matrix{ComplexF64}}, Vector{Vector{Float64}}}}, Float64}}(-0.005056932229436346,-0.003003231116764299)
└ @ DFTK ~/DFTK-mgga/src/terms/xc.jl:39
┌ Warning: Negative τcore detected: Dual{ForwardDiff.Tag{DFTK.var"#1369#1370"{StaticArraysCore.SMatrix{3, 3, Float64, 9}, DFTK.var"#HF_energy#1368"{Vector{Vector{Float64}}, Float64, Vector{Matrix{ComplexF64}}, Vector{Vector{Float64}}}}, Float64}}(-0.020741797039368803,-0.0005204984517464162)
└ @ DFTK ~/DFTK-mgga/src/terms/xc.jl:45
┌ Warning: Negative ρcore detected: Dual{ForwardDiff.Tag{DFTK.var"#1369#1370"{StaticArraysCore.SMatrix{3, 3, Float64, 9}, DFTK.var"#HF_energy#1368"{Vector{Vector{Float64}}, Float64, Vector{Matrix{ComplexF64}}, Vector{Vector{Float64}}}}, Float64}}(-0.005056932229436346,-0.0034881980602636618)
└ @ DFTK ~/DFTK-mgga/src/terms/xc.jl:39
┌ Warning: Negative τcore detected: Dual{ForwardDiff.Tag{DFTK.var"#1369#1370"{StaticArraysCore.SMatrix{3, 3, Float64, 9}, DFTK.var"#HF_energy#1368"{Vector{Vector{Float64}}, Float64, Vector{Matrix{ComplexF64}}, Vector{Vector{Float64}}}}, Float64}}(-0.020741797039368803,-0.0020840202047039276)
└ @ DFTK ~/DFTK-mgga/src/terms/xc.jl:45

┌─────┬─────────────────┬───────────┬─────────────┬─────────────┬──────────┬────────┐
│   n │          Energy │ log10(ΔE) │  max(Force) │ max(Virial) │ Pressure │  Δtime │
├─────┼─────────────────┼───────────┼─────────────┼─────────────┼──────────┼────────┤
│   4 │ -137.0334257129 │     -5.22 │ 0.000359345 │  0.00292398 │   0.0024 │  2654s │
└─────┴─────────────────┴───────────┴─────────────┴─────────────┴──────────┴────────┘

┌ Warning: Negative ρcore detected: -0.005067062519154778
└ @ DFTK ~/DFTK-mgga/src/terms/xc.jl:39
┌ Warning: Negative τcore detected: -0.02073774390115964
└ @ DFTK ~/DFTK-mgga/src/terms/xc.jl:45
n     Energy            log10(ΔE)   log10(Δρ)   α      Diag   Δtime 
---   ---------------   ---------   ---------   ----   ----   ------
  1   -137.0332670209                   -1.83   0.80   23.4     124s
  2   -137.0334169506       -3.82       -2.34   0.80    8.1    52.3s
  3   -137.0334276495       -4.97       -2.91   0.80   13.3    82.7s
  4   -137.0334276570       -8.13       -3.57   0.80   10.2    66.3s
  5   -137.0334275918   +   -7.19       -3.53   0.80   13.1    78.1s
  6   -137.0334277365       -6.84       -3.98   0.80   12.3    67.3s
  7   -137.0334277562       -7.70       -4.98   0.80   11.0    64.7s
  8   -137.0334277563      -10.00       -5.47   0.80   10.8    70.3s
  9   -137.0334277563      -10.91       -6.06   0.80   11.9    70.3s
 10   -137.0334277563      -12.08       -6.53   0.80   11.1    65.6s
 11   -137.0334277563      -13.07       -6.86   0.80   11.2    61.7s
┌ Warning: Negative ρcore detected: -0.005071702106223727
└ @ DFTK ~/DFTK-mgga/src/terms/xc.jl:39
┌ Warning: Negative τcore detected: -0.020734790049596843
└ @ DFTK ~/DFTK-mgga/src/terms/xc.jl:45
n     Energy            log10(ΔE)   log10(Δρ)   α      Diag   Δtime 
---   ---------------   ---------   ---------   ----   ----   ------
  1   -137.0333845149                   -2.15   0.80   22.8     105s
  2   -137.0334244069       -4.40       -2.65   0.80    6.0    39.9s
  3   -137.0334276665       -5.49       -3.04   0.80   14.9    75.5s
  4   -137.0334278815       -6.67       -3.39   0.80   11.4    62.3s
  5   -137.0334279142       -7.49       -3.68   0.80   11.8    60.3s
  6   -137.0334279692       -7.26       -3.94   0.80   12.5    64.6s
  7   -137.0334279926       -7.63       -5.02   0.80   11.4    57.8s
  8   -137.0334279927      -10.17       -5.42   0.80   10.1    62.5s
  9   -137.0334279927      -11.12       -6.13   0.80    9.8    53.9s
 10   -137.0334279927      -12.32       -6.91   0.80   10.7    58.4s
┌ Warning: Negative ρcore detected: -0.005071702106223727
└ @ DFTK ~/DFTK-mgga/src/terms/xc.jl:39
┌ Warning: Negative τcore detected: -0.020734790049596843
└ @ DFTK ~/DFTK-mgga/src/terms/xc.jl:45
n     Energy            log10(ΔE)   log10(Δρ)   α      Diag   Δtime 
---   ---------------   ---------   ---------   ----   ----   ------
  1   -137.0334279927                   -6.65   0.80    1.0    20.6s
  2   -137.0334279927      -12.70       -7.23   0.80    1.0    23.4s
┌ Warning: Negative ρcore detected: -0.005071702106223727
└ @ DFTK ~/DFTK-mgga/src/terms/xc.jl:39
┌ Warning: Negative τcore detected: -0.020734790049596843
└ @ DFTK ~/DFTK-mgga/src/terms/xc.jl:45
n     Energy            log10(ΔE)   log10(Δρ)   α      Diag   Δtime 
---   ---------------   ---------   ---------   ----   ----   ------
  1   -137.0334279927                   -7.41   0.80    1.0    22.5s
  2   -137.0334279927   +  -13.25       -7.76   0.80    1.0    26.6s
┌ Warning: Negative ρcore detected: -0.005071702106223727
└ @ DFTK ~/DFTK-mgga/src/terms/xc.jl:39
┌ Warning: Negative τcore detected: -0.020734790049596843
└ @ DFTK ~/DFTK-mgga/src/terms/xc.jl:45
n     Energy            log10(ΔE)   log10(Δρ)   α      Diag   Δtime 
---   ---------------   ---------   ---------   ----   ----   ------
  1   -137.0334279927                   -7.90   0.80    1.0    23.6s
  2   -137.0334279927      -13.55       -8.28   0.80    1.0    25.3s
┌ Warning: Negative ρcore detected: Dual{ForwardDiff.Tag{DFTK.var"#1369#1370"{StaticArraysCore.SMatrix{3, 3, Float64, 9}, DFTK.var"#HF_energy#1368"{Vector{Vector{Float64}}, Float64, Vector{Matrix{ComplexF64}}, Vector{Vector{Float64}}}}, Float64}}(-0.0050717021062232845,0.004557015477402725)
└ @ DFTK ~/DFTK-mgga/src/terms/xc.jl:39
┌ Warning: Negative τcore detected: Dual{ForwardDiff.Tag{DFTK.var"#1369#1370"{StaticArraysCore.SMatrix{3, 3, Float64, 9}, DFTK.var"#HF_energy#1368"{Vector{Vector{Float64}}, Float64, Vector{Matrix{ComplexF64}}, Vector{Vector{Float64}}}}, Float64}}(-0.020734790049593523,0.0005902585959900453)
└ @ DFTK ~/DFTK-mgga/src/terms/xc.jl:45
┌ Warning: Negative ρcore detected: Dual{ForwardDiff.Tag{DFTK.var"#1369#1370"{StaticArraysCore.SMatrix{3, 3, Float64, 9}, DFTK.var"#HF_energy#1368"{Vector{Vector{Float64}}, Float64, Vector{Matrix{ComplexF64}}, Vector{Vector{Float64}}}}, Float64}}(-0.0050717021062232845,0.0018568016970643567)
└ @ DFTK ~/DFTK-mgga/src/terms/xc.jl:39
┌ Warning: Negative τcore detected: Dual{ForwardDiff.Tag{DFTK.var"#1369#1370"{StaticArraysCore.SMatrix{3, 3, Float64, 9}, DFTK.var"#HF_energy#1368"{Vector{Vector{Float64}}, Float64, Vector{Matrix{ComplexF64}}, Vector{Vector{Float64}}}}, Float64}}(-0.020734790049593523,-0.0006114384493144717)
└ @ DFTK ~/DFTK-mgga/src/terms/xc.jl:45
┌ Warning: Negative ρcore detected: Dual{ForwardDiff.Tag{DFTK.var"#1369#1370"{StaticArraysCore.SMatrix{3, 3, Float64, 9}, DFTK.var"#HF_energy#1368"{Vector{Vector{Float64}}, Float64, Vector{Matrix{ComplexF64}}, Vector{Vector{Float64}}}}, Float64}}(-0.0050717021062232845,0.001193721884383758)
└ @ DFTK ~/DFTK-mgga/src/terms/xc.jl:39
┌ Warning: Negative τcore detected: Dual{ForwardDiff.Tag{DFTK.var"#1369#1370"{StaticArraysCore.SMatrix{3, 3, Float64, 9}, DFTK.var"#HF_energy#1368"{Vector{Vector{Float64}}, Float64, Vector{Matrix{ComplexF64}}, Vector{Vector{Float64}}}}, Float64}}(-0.020734790049593523,-0.0009306789139437756)
└ @ DFTK ~/DFTK-mgga/src/terms/xc.jl:45
┌ Warning: Negative ρcore detected: Dual{ForwardDiff.Tag{DFTK.var"#1369#1370"{StaticArraysCore.SMatrix{3, 3, Float64, 9}, DFTK.var"#HF_energy#1368"{Vector{Vector{Float64}}, Float64, Vector{Matrix{ComplexF64}}, Vector{Vector{Float64}}}}, Float64}}(-0.0050717021062232845,0.001768248360517489)
└ @ DFTK ~/DFTK-mgga/src/terms/xc.jl:39
┌ Warning: Negative τcore detected: Dual{ForwardDiff.Tag{DFTK.var"#1369#1370"{StaticArraysCore.SMatrix{3, 3, Float64, 9}, DFTK.var"#HF_energy#1368"{Vector{Vector{Float64}}, Float64, Vector{Matrix{ComplexF64}}, Vector{Vector{Float64}}}}, Float64}}(-0.020734790049593523,0.00033119299287403625)
└ @ DFTK ~/DFTK-mgga/src/terms/xc.jl:45
┌ Warning: Negative ρcore detected: Dual{ForwardDiff.Tag{DFTK.var"#1369#1370"{StaticArraysCore.SMatrix{3, 3, Float64, 9}, DFTK.var"#HF_energy#1368"{Vector{Vector{Float64}}, Float64, Vector{Matrix{ComplexF64}}, Vector{Vector{Float64}}}}, Float64}}(-0.0050717021062232845,0.0025654324680146998)
└ @ DFTK ~/DFTK-mgga/src/terms/xc.jl:39
┌ Warning: Negative τcore detected: Dual{ForwardDiff.Tag{DFTK.var"#1369#1370"{StaticArraysCore.SMatrix{3, 3, Float64, 9}, DFTK.var"#HF_energy#1368"{Vector{Vector{Float64}}, Float64, Vector{Matrix{ComplexF64}}, Vector{Vector{Float64}}}}, Float64}}(-0.020734790049593523,-0.0007036566392515602)
└ @ DFTK ~/DFTK-mgga/src/terms/xc.jl:45
┌ Warning: Negative ρcore detected: Dual{ForwardDiff.Tag{DFTK.var"#1369#1370"{StaticArraysCore.SMatrix{3, 3, Float64, 9}, DFTK.var"#HF_energy#1368"{Vector{Vector{Float64}}, Float64, Vector{Matrix{ComplexF64}}, Vector{Vector{Float64}}}}, Float64}}(-0.0050717021062232845,0.0029571409140314495)
└ @ DFTK ~/DFTK-mgga/src/terms/xc.jl:39
┌ Warning: Negative τcore detected: Dual{ForwardDiff.Tag{DFTK.var"#1369#1370"{StaticArraysCore.SMatrix{3, 3, Float64, 9}, DFTK.var"#HF_energy#1368"{Vector{Vector{Float64}}, Float64, Vector{Matrix{ComplexF64}}, Vector{Vector{Float64}}}}, Float64}}(-0.020734790049593523,4.8026332883309145e-5)
└ @ DFTK ~/DFTK-mgga/src/terms/xc.jl:45

┌─────┬─────────────────┬───────────┬─────────────┬─────────────┬──────────┬────────┐
│   n │          Energy │ log10(ΔE) │  max(Force) │ max(Virial) │ Pressure │  Δtime │
├─────┼─────────────────┼───────────┼─────────────┼─────────────┼──────────┼────────┤
│   5 │ -137.0334279927 │     -5.64 │ 0.000306005 │ 0.000118174 │  -4.2e-6 │  2649s │
└─────┴─────────────────┴───────────┴─────────────┴─────────────┴──────────┴────────┘

┌ Warning: Negative ρcore detected: -0.005071433086612259
└ @ DFTK ~/DFTK-mgga/src/terms/xc.jl:39
┌ Warning: Negative τcore detected: -0.020734745203199983
└ @ DFTK ~/DFTK-mgga/src/terms/xc.jl:45
n     Energy            log10(ΔE)   log10(Δρ)   α      Diag   Δtime 
---   ---------------   ---------   ---------   ----   ----   ------
  1   -137.0334224311                   -3.21   0.80   23.1     127s
  2   -137.0334271962       -5.32       -3.64   0.80    3.1    35.0s
  3   -137.0334280100       -6.09       -3.82   0.80   18.8    98.3s
  4   -137.0334280022   +   -8.11       -3.87   0.80   15.4    78.5s
  5   -137.0334280329       -7.51       -4.38   0.80   13.2    67.9s
  6   -137.0334280354       -8.60       -5.09   0.80   10.4    57.6s
  7   -137.0334280355      -10.06       -5.76   0.80   10.5    62.0s
  8   -137.0334280355      -11.63       -6.29   0.80   11.7    62.3s
  9   -137.0334280355      -12.25       -6.78   0.80   12.4    62.4s
┌ Warning: Negative ρcore detected: -0.00506843576045506
└ @ DFTK ~/DFTK-mgga/src/terms/xc.jl:39
┌ Warning: Negative τcore detected: -0.020734103022406993
└ @ DFTK ~/DFTK-mgga/src/terms/xc.jl:45
n     Energy            log10(ΔE)   log10(Δρ)   α      Diag   Δtime 
---   ---------------   ---------   ---------   ----   ----   ------
  1   -137.0333640130                   -2.15   0.80   22.7     105s
  2   -137.0334230823       -4.23       -2.62   0.80    6.1    43.4s
  3   -137.0334276269       -5.34       -3.03   0.80   14.3    77.4s
  4   -137.0334263163   +   -5.88       -2.98   0.80   14.5    73.9s
  5   -137.0334278060       -5.83       -3.30   0.80   13.0    63.4s
  6   -137.0334282617       -6.34       -4.43   0.80   11.6    58.2s
  7   -137.0334282627       -9.01       -5.06   0.80   10.0    67.3s
  8   -137.0334282627      -10.29       -5.34   0.80   13.1    69.9s
  9   -137.0334282628      -10.36       -6.27   0.80   12.0    64.5s
 10   -137.0334282628      -12.85       -6.78   0.80    9.5    63.1s
┌ Warning: Negative ρcore detected: -0.00506843576045506
└ @ DFTK ~/DFTK-mgga/src/terms/xc.jl:39
┌ Warning: Negative τcore detected: -0.020734103022406993
└ @ DFTK ~/DFTK-mgga/src/terms/xc.jl:45
n     Energy            log10(ΔE)   log10(Δρ)   α      Diag   Δtime 
---   ---------------   ---------   ---------   ----   ----   ------
  1   -137.0334282628                   -6.63   0.80    1.0    23.8s
  2   -137.0334282628      -12.85       -7.27   0.80    1.0    24.8s
┌ Warning: Negative ρcore detected: -0.00506843576045506
└ @ DFTK ~/DFTK-mgga/src/terms/xc.jl:39
┌ Warning: Negative τcore detected: -0.020734103022406993
└ @ DFTK ~/DFTK-mgga/src/terms/xc.jl:45
n     Energy            log10(ΔE)   log10(Δρ)   α      Diag   Δtime 
---   ---------------   ---------   ---------   ----   ----   ------
  1   -137.0334282628                   -7.44   0.80    1.0    22.0s
  2   -137.0334282628      -13.25       -7.82   0.80    1.0    22.7s
┌ Warning: Negative ρcore detected: -0.00506843576045506
└ @ DFTK ~/DFTK-mgga/src/terms/xc.jl:39
┌ Warning: Negative τcore detected: -0.020734103022406993
└ @ DFTK ~/DFTK-mgga/src/terms/xc.jl:45
n     Energy            log10(ΔE)   log10(Δρ)   α      Diag   Δtime 
---   ---------------   ---------   ---------   ----   ----   ------
  1   -137.0334282628                   -7.84   0.80    1.0    22.6s
  2   -137.0334282628   +    -Inf       -8.30   0.80    1.0    24.4s
┌ Warning: Negative ρcore detected: Dual{ForwardDiff.Tag{DFTK.var"#1369#1370"{StaticArraysCore.SMatrix{3, 3, Float64, 9}, DFTK.var"#HF_energy#1368"{Vector{Vector{Float64}}, Float64, Vector{Matrix{ComplexF64}}, Vector{Vector{Float64}}}}, Float64}}(-0.005068435760455555,0.004714403476532132)
└ @ DFTK ~/DFTK-mgga/src/terms/xc.jl:39
┌ Warning: Negative τcore detected: Dual{ForwardDiff.Tag{DFTK.var"#1369#1370"{StaticArraysCore.SMatrix{3, 3, Float64, 9}, DFTK.var"#HF_energy#1368"{Vector{Vector{Float64}}, Float64, Vector{Matrix{ComplexF64}}, Vector{Vector{Float64}}}}, Float64}}(-0.02073410302241195,0.0010031383493651989)
└ @ DFTK ~/DFTK-mgga/src/terms/xc.jl:45
┌ Warning: Negative ρcore detected: Dual{ForwardDiff.Tag{DFTK.var"#1369#1370"{StaticArraysCore.SMatrix{3, 3, Float64, 9}, DFTK.var"#HF_energy#1368"{Vector{Vector{Float64}}, Float64, Vector{Matrix{ComplexF64}}, Vector{Vector{Float64}}}}, Float64}}(-0.005068435760455555,0.0019226635222670298)
└ @ DFTK ~/DFTK-mgga/src/terms/xc.jl:39
┌ Warning: Negative τcore detected: Dual{ForwardDiff.Tag{DFTK.var"#1369#1370"{StaticArraysCore.SMatrix{3, 3, Float64, 9}, DFTK.var"#HF_energy#1368"{Vector{Vector{Float64}}, Float64, Vector{Matrix{ComplexF64}}, Vector{Vector{Float64}}}}, Float64}}(-0.02073410302241195,-0.00047847479093904993)
└ @ DFTK ~/DFTK-mgga/src/terms/xc.jl:45
┌ Warning: Negative ρcore detected: Dual{ForwardDiff.Tag{DFTK.var"#1369#1370"{StaticArraysCore.SMatrix{3, 3, Float64, 9}, DFTK.var"#HF_energy#1368"{Vector{Vector{Float64}}, Float64, Vector{Matrix{ComplexF64}}, Vector{Vector{Float64}}}}, Float64}}(-0.005068435760455555,0.0012616293137930965)
└ @ DFTK ~/DFTK-mgga/src/terms/xc.jl:39
┌ Warning: Negative τcore detected: Dual{ForwardDiff.Tag{DFTK.var"#1369#1370"{StaticArraysCore.SMatrix{3, 3, Float64, 9}, DFTK.var"#HF_energy#1368"{Vector{Vector{Float64}}, Float64, Vector{Matrix{ComplexF64}}, Vector{Vector{Float64}}}}, Float64}}(-0.02073410302241195,-0.0008054242477412658)
└ @ DFTK ~/DFTK-mgga/src/terms/xc.jl:45
┌ Warning: Negative ρcore detected: Dual{ForwardDiff.Tag{DFTK.var"#1369#1370"{StaticArraysCore.SMatrix{3, 3, Float64, 9}, DFTK.var"#HF_energy#1368"{Vector{Vector{Float64}}, Float64, Vector{Matrix{ComplexF64}}, Vector{Vector{Float64}}}}, Float64}}(-0.005068435760455555,0.0018198407533139577)
└ @ DFTK ~/DFTK-mgga/src/terms/xc.jl:39
┌ Warning: Negative τcore detected: Dual{ForwardDiff.Tag{DFTK.var"#1369#1370"{StaticArraysCore.SMatrix{3, 3, Float64, 9}, DFTK.var"#HF_energy#1368"{Vector{Vector{Float64}}, Float64, Vector{Matrix{ComplexF64}}, Vector{Vector{Float64}}}}, Float64}}(-0.02073410302241195,0.0003960118889210581)
└ @ DFTK ~/DFTK-mgga/src/terms/xc.jl:45
┌ Warning: Negative ρcore detected: Dual{ForwardDiff.Tag{DFTK.var"#1369#1370"{StaticArraysCore.SMatrix{3, 3, Float64, 9}, DFTK.var"#HF_energy#1368"{Vector{Vector{Float64}}, Float64, Vector{Matrix{ComplexF64}}, Vector{Vector{Float64}}}}, Float64}}(-0.005068435760455555,-0.002656433092722162)
└ @ DFTK ~/DFTK-mgga/src/terms/xc.jl:39
┌ Warning: Negative τcore detected: Dual{ForwardDiff.Tag{DFTK.var"#1369#1370"{StaticArraysCore.SMatrix{3, 3, Float64, 9}, DFTK.var"#HF_energy#1368"{Vector{Vector{Float64}}, Float64, Vector{Matrix{ComplexF64}}, Vector{Vector{Float64}}}}, Float64}}(-0.02073410302241195,0.0005406660091009559)
└ @ DFTK ~/DFTK-mgga/src/terms/xc.jl:45
┌ Warning: Negative ρcore detected: Dual{ForwardDiff.Tag{DFTK.var"#1369#1370"{StaticArraysCore.SMatrix{3, 3, Float64, 9}, DFTK.var"#HF_energy#1368"{Vector{Vector{Float64}}, Float64, Vector{Matrix{ComplexF64}}, Vector{Vector{Float64}}}}, Float64}}(-0.005068435760455555,-0.0030555513748152835)
└ @ DFTK ~/DFTK-mgga/src/terms/xc.jl:39
┌ Warning: Negative τcore detected: Dual{ForwardDiff.Tag{DFTK.var"#1369#1370"{StaticArraysCore.SMatrix{3, 3, Float64, 9}, DFTK.var"#HF_energy#1368"{Vector{Vector{Float64}}, Float64, Vector{Matrix{ComplexF64}}, Vector{Vector{Float64}}}}, Float64}}(-0.02073410302241195,-0.00027888584165424016)
└ @ DFTK ~/DFTK-mgga/src/terms/xc.jl:45

┌─────┬─────────────────┬───────────┬─────────────┬─────────────┬──────────┬────────┐
│   n │          Energy │ log10(ΔE) │  max(Force) │ max(Virial) │ Pressure │  Δtime │
├─────┼─────────────────┼───────────┼─────────────┼─────────────┼──────────┼────────┤
│   6 │ -137.0334282628 │     -6.57 │ 0.000201151 │ 0.000433878 │ -0.00035 │  2537s │
└─────┴─────────────────┴───────────┴─────────────┴─────────────┴──────────┴────────┘

┌ Warning: Negative ρcore detected: -0.005068334191128051
└ @ DFTK ~/DFTK-mgga/src/terms/xc.jl:39
┌ Warning: Negative τcore detected: -0.020733857112585734
└ @ DFTK ~/DFTK-mgga/src/terms/xc.jl:45
n     Energy            log10(ΔE)   log10(Δρ)   α      Diag   Δtime 
---   ---------------   ---------   ---------   ----   ----   ------
  1   -137.0334159155                   -2.67   0.80   22.9     106s
  2   -137.0334265873       -4.97       -3.20   0.80    4.7    34.7s
  3   -137.0334283863       -5.74       -3.47   0.80   17.0    85.9s
  4   -137.0334282715   +   -6.94       -3.42   0.80   14.3    69.4s
  5   -137.0334285325       -6.58       -4.13   0.80   12.1    61.5s
  6   -137.0334285403       -8.11       -4.57   0.80   12.2    61.4s
  7   -137.0334285415       -8.91       -5.52   0.80   10.5    56.4s
  8   -137.0334285415      -10.92       -6.14   0.80    9.8    61.4s
  9   -137.0334285415   +  -12.37       -6.27   0.80   10.8    58.4s
 10   -137.0334285415      -12.27       -6.98   0.80   10.4    55.6s
┌ Warning: Negative ρcore detected: -0.005068116392771787
└ @ DFTK ~/DFTK-mgga/src/terms/xc.jl:39
┌ Warning: Negative τcore detected: -0.02073308647348988
└ @ DFTK ~/DFTK-mgga/src/terms/xc.jl:45
n     Energy            log10(ΔE)   log10(Δρ)   α      Diag   Δtime 
---   ---------------   ---------   ---------   ----   ----   ------
  1   -137.0334110674                   -2.41   0.80   23.0     115s
  2   -137.0334270023       -4.80       -2.94   0.80    5.8    45.5s
  3   -137.0334282455       -5.91       -3.23   0.80   15.4    96.3s
  4   -137.0334278839   +   -6.44       -3.17   0.80   14.1    80.8s
  5   -137.0334287098       -6.08       -3.88   0.80   12.5    70.7s
  6   -137.0334287383       -7.54       -4.34   0.80   12.9    71.7s
  7   -137.0334287421       -8.43       -5.23   0.80   11.3    63.4s
  8   -137.0334287421      -10.38       -5.92   0.80    9.9    69.0s
  9   -137.0334287421   +  -12.11       -6.04   0.80   11.3    71.1s
 10   -137.0334287421      -11.81       -6.74   0.80   10.3    57.7s
┌ Warning: Negative ρcore detected: -0.005068116392771787
└ @ DFTK ~/DFTK-mgga/src/terms/xc.jl:39
┌ Warning: Negative τcore detected: -0.02073308647348988
└ @ DFTK ~/DFTK-mgga/src/terms/xc.jl:45
n     Energy            log10(ΔE)   log10(Δρ)   α      Diag   Δtime 
---   ---------------   ---------   ---------   ----   ----   ------
  1   -137.0334287421                   -6.65   0.80    1.0    24.5s
  2   -137.0334287421      -12.85       -7.15   0.80    1.0    23.6s
┌ Warning: Negative ρcore detected: -0.005068116392771787
└ @ DFTK ~/DFTK-mgga/src/terms/xc.jl:39
┌ Warning: Negative τcore detected: -0.02073308647348988
└ @ DFTK ~/DFTK-mgga/src/terms/xc.jl:45
n     Energy            log10(ΔE)   log10(Δρ)   α      Diag   Δtime 
---   ---------------   ---------   ---------   ----   ----   ------
  1   -137.0334287421                   -7.20   0.80    1.0    22.2s
  2   -137.0334287421   +    -Inf       -7.60   0.80    1.0    23.4s
┌ Warning: Negative ρcore detected: -0.005068116392771787
└ @ DFTK ~/DFTK-mgga/src/terms/xc.jl:39
┌ Warning: Negative τcore detected: -0.02073308647348988
└ @ DFTK ~/DFTK-mgga/src/terms/xc.jl:45
n     Energy            log10(ΔE)   log10(Δρ)   α      Diag   Δtime 
---   ---------------   ---------   ---------   ----   ----   ------
  1   -137.0334287421                   -7.66   0.80    1.0    20.7s
  2   -137.0334287421      -13.55       -8.07   0.80    1.0    23.6s
┌ Warning: Negative ρcore detected: Dual{ForwardDiff.Tag{DFTK.var"#1369#1370"{StaticArraysCore.SMatrix{3, 3, Float64, 9}, DFTK.var"#HF_energy#1368"{Vector{Vector{Float64}}, Float64, Vector{Matrix{ComplexF64}}, Vector{Vector{Float64}}}}, Float64}}(-0.00506811639277215,0.004783092384836516)
└ @ DFTK ~/DFTK-mgga/src/terms/xc.jl:39
┌ Warning: Negative τcore detected: Dual{ForwardDiff.Tag{DFTK.var"#1369#1370"{StaticArraysCore.SMatrix{3, 3, Float64, 9}, DFTK.var"#HF_energy#1368"{Vector{Vector{Float64}}, Float64, Vector{Matrix{ComplexF64}}, Vector{Vector{Float64}}}}, Float64}}(-0.02073308647349559,0.001327441897558377)
└ @ DFTK ~/DFTK-mgga/src/terms/xc.jl:45
┌ Warning: Negative ρcore detected: Dual{ForwardDiff.Tag{DFTK.var"#1369#1370"{StaticArraysCore.SMatrix{3, 3, Float64, 9}, DFTK.var"#HF_energy#1368"{Vector{Vector{Float64}}, Float64, Vector{Matrix{ComplexF64}}, Vector{Vector{Float64}}}}, Float64}}(-0.00506811639277215,0.001965639255892226)
└ @ DFTK ~/DFTK-mgga/src/terms/xc.jl:39
┌ Warning: Negative τcore detected: Dual{ForwardDiff.Tag{DFTK.var"#1369#1370"{StaticArraysCore.SMatrix{3, 3, Float64, 9}, DFTK.var"#HF_energy#1368"{Vector{Vector{Float64}}, Float64, Vector{Matrix{ComplexF64}}, Vector{Vector{Float64}}}}, Float64}}(-0.02073308647349559,-0.00023950517368812388)
└ @ DFTK ~/DFTK-mgga/src/terms/xc.jl:45
┌ Warning: Negative ρcore detected: Dual{ForwardDiff.Tag{DFTK.var"#1369#1370"{StaticArraysCore.SMatrix{3, 3, Float64, 9}, DFTK.var"#HF_energy#1368"{Vector{Vector{Float64}}, Float64, Vector{Matrix{ComplexF64}}, Vector{Vector{Float64}}}}, Float64}}(-0.00506811639277215,0.0012811345885550339)
└ @ DFTK ~/DFTK-mgga/src/terms/xc.jl:39
┌ Warning: Negative τcore detected: Dual{ForwardDiff.Tag{DFTK.var"#1369#1370"{StaticArraysCore.SMatrix{3, 3, Float64, 9}, DFTK.var"#HF_energy#1368"{Vector{Vector{Float64}}, Float64, Vector{Matrix{ComplexF64}}, Vector{Vector{Float64}}}}, Float64}}(-0.02073308647349559,-0.0009490191564736628)
└ @ DFTK ~/DFTK-mgga/src/terms/xc.jl:45
┌ Warning: Negative ρcore detected: Dual{ForwardDiff.Tag{DFTK.var"#1369#1370"{StaticArraysCore.SMatrix{3, 3, Float64, 9}, DFTK.var"#HF_energy#1368"{Vector{Vector{Float64}}, Float64, Vector{Matrix{ComplexF64}}, Vector{Vector{Float64}}}}, Float64}}(-0.00506811639277215,0.001849811197279179)
└ @ DFTK ~/DFTK-mgga/src/terms/xc.jl:39
┌ Warning: Negative τcore detected: Dual{ForwardDiff.Tag{DFTK.var"#1369#1370"{StaticArraysCore.SMatrix{3, 3, Float64, 9}, DFTK.var"#HF_energy#1368"{Vector{Vector{Float64}}, Float64, Vector{Matrix{ComplexF64}}, Vector{Vector{Float64}}}}, Float64}}(-0.02073308647349559,0.000476295424728724)
└ @ DFTK ~/DFTK-mgga/src/terms/xc.jl:45
┌ Warning: Negative ρcore detected: Dual{ForwardDiff.Tag{DFTK.var"#1369#1370"{StaticArraysCore.SMatrix{3, 3, Float64, 9}, DFTK.var"#HF_energy#1368"{Vector{Vector{Float64}}, Float64, Vector{Matrix{ComplexF64}}, Vector{Vector{Float64}}}}, Float64}}(-0.00506811639277215,-0.002690686237914252)
└ @ DFTK ~/DFTK-mgga/src/terms/xc.jl:39
┌ Warning: Negative τcore detected: Dual{ForwardDiff.Tag{DFTK.var"#1369#1370"{StaticArraysCore.SMatrix{3, 3, Float64, 9}, DFTK.var"#HF_energy#1368"{Vector{Vector{Float64}}, Float64, Vector{Matrix{ComplexF64}}, Vector{Vector{Float64}}}}, Float64}}(-0.02073308647349559,0.0005481266268343961)
└ @ DFTK ~/DFTK-mgga/src/terms/xc.jl:45
┌ Warning: Negative ρcore detected: Dual{ForwardDiff.Tag{DFTK.var"#1369#1370"{StaticArraysCore.SMatrix{3, 3, Float64, 9}, DFTK.var"#HF_energy#1368"{Vector{Vector{Float64}}, Float64, Vector{Matrix{ComplexF64}}, Vector{Vector{Float64}}}}, Float64}}(-0.00506811639277215,-0.003111454287043554)
└ @ DFTK ~/DFTK-mgga/src/terms/xc.jl:39
┌ Warning: Negative τcore detected: Dual{ForwardDiff.Tag{DFTK.var"#1369#1370"{StaticArraysCore.SMatrix{3, 3, Float64, 9}, DFTK.var"#HF_energy#1368"{Vector{Vector{Float64}}, Float64, Vector{Matrix{ComplexF64}}, Vector{Vector{Float64}}}}, Float64}}(-0.02073308647349559,-0.0005820109007947643)
└ @ DFTK ~/DFTK-mgga/src/terms/xc.jl:45

┌─────┬─────────────────┬───────────┬─────────────┬─────────────┬──────────┬────────┐
│   n │          Energy │ log10(ΔE) │  max(Force) │ max(Virial) │ Pressure │  Δtime │
├─────┼─────────────────┼───────────┼─────────────┼─────────────┼──────────┼────────┤
│   7 │ -137.0334287421 │     -6.32 │  2.94826e-6 │   4.5865e-5 │  -1.6e-5 │  2578s │
└─────┴─────────────────┴───────────┴─────────────┴─────────────┴──────────┴────────┘

┌ Warning: Negative ρcore detected: -0.005068098431471883
└ @ DFTK ~/DFTK-mgga/src/terms/xc.jl:39
┌ Warning: Negative τcore detected: -0.02073312400647308
└ @ DFTK ~/DFTK-mgga/src/terms/xc.jl:45
n     Energy            log10(ΔE)   log10(Δρ)   α      Diag   Δtime 
---   ---------------   ---------   ---------   ----   ----   ------
  1   -137.0334223896                   -4.03   0.80   23.5     113s
  2   -137.0334282096       -5.24       -4.26   0.80    1.8    24.9s
  3   -137.0334287422       -6.27       -4.41   0.80   22.5     119s
  4   -137.0334287418   +   -9.45       -4.59   0.80   11.6    69.1s
  5   -137.0334287423       -9.35       -4.84   0.80   12.6    71.5s
  6   -137.0334287424      -10.19       -5.31   0.80    9.0    56.9s
  7   -137.0334287424      -11.56       -5.94   0.80    6.4    49.9s
  8   -137.0334287424      -12.13       -6.61   0.80    9.6    62.4s
  9   -137.0334287424      -13.55       -7.40   0.80    9.9    69.0s
┌ Warning: Negative ρcore detected: -0.005068068030378372
└ @ DFTK ~/DFTK-mgga/src/terms/xc.jl:39
┌ Warning: Negative τcore detected: -0.020733187439653102
└ @ DFTK ~/DFTK-mgga/src/terms/xc.jl:45
n     Energy            log10(ΔE)   log10(Δρ)   α      Diag   Δtime 
---   ---------------   ---------   ---------   ----   ----   ------
  1   -137.0334216284                   -3.99   0.80   23.5     125s
  2   -137.0334281987       -5.18       -4.24   0.80    1.8    26.9s
  3   -137.0334287424       -6.26       -4.46   0.80   22.0     113s
  4   -137.0334287418   +   -9.24       -4.60   0.80   13.1    67.0s
  5   -137.0334287422       -9.39       -4.79   0.80   13.7    65.4s
  6   -137.0334287425       -9.54       -5.23   0.80    9.5    56.5s
  7   -137.0334287425      -10.97       -5.51   0.80    9.6    53.6s
  8   -137.0334287425      -12.08       -6.23   0.80    6.3    42.1s
  9   -137.0334287425      -12.47       -6.96   0.80   12.0    61.6s
┌ Warning: Negative ρcore detected: -0.005068068030378372
└ @ DFTK ~/DFTK-mgga/src/terms/xc.jl:39
┌ Warning: Negative τcore detected: -0.020733187439653102
└ @ DFTK ~/DFTK-mgga/src/terms/xc.jl:45
n     Energy            log10(ΔE)   log10(Δρ)   α      Diag   Δtime 
---   ---------------   ---------   ---------   ----   ----   ------
  1   -137.0334287425                   -6.67   0.80    1.0    21.3s
  2   -137.0334287425      -13.07       -7.32   0.80    1.0    22.0s
┌ Warning: Negative ρcore detected: -0.005068068030378372
└ @ DFTK ~/DFTK-mgga/src/terms/xc.jl:39
┌ Warning: Negative τcore detected: -0.020733187439653102
└ @ DFTK ~/DFTK-mgga/src/terms/xc.jl:45
n     Energy            log10(ΔE)   log10(Δρ)   α      Diag   Δtime 
---   ---------------   ---------   ---------   ----   ----   ------
  1   -137.0334287425                   -7.54   0.80    1.0    21.0s
  2   -137.0334287425      -13.55       -7.90   0.80    1.0    23.4s
┌ Warning: Negative ρcore detected: -0.005068068030378372
└ @ DFTK ~/DFTK-mgga/src/terms/xc.jl:39
┌ Warning: Negative τcore detected: -0.020733187439653102
└ @ DFTK ~/DFTK-mgga/src/terms/xc.jl:45
n     Energy            log10(ΔE)   log10(Δρ)   α      Diag   Δtime 
---   ---------------   ---------   ---------   ----   ----   ------
  1   -137.0334287425                   -7.91   0.80    1.0    20.3s
  2   -137.0334287425   +    -Inf       -8.35   0.80    1.0    21.4s
┌ Warning: Negative ρcore detected: Dual{ForwardDiff.Tag{DFTK.var"#1369#1370"{StaticArraysCore.SMatrix{3, 3, Float64, 9}, DFTK.var"#HF_energy#1368"{Vector{Vector{Float64}}, Float64, Vector{Matrix{ComplexF64}}, Vector{Vector{Float64}}}}, Float64}}(-0.005068068030378284,0.004785076822101966)
└ @ DFTK ~/DFTK-mgga/src/terms/xc.jl:39
┌ Warning: Negative τcore detected: Dual{ForwardDiff.Tag{DFTK.var"#1369#1370"{StaticArraysCore.SMatrix{3, 3, Float64, 9}, DFTK.var"#HF_energy#1368"{Vector{Vector{Float64}}, Float64, Vector{Matrix{ComplexF64}}, Vector{Vector{Float64}}}}, Float64}}(-0.020733187439651718,0.0013315264053374645)
└ @ DFTK ~/DFTK-mgga/src/terms/xc.jl:45
┌ Warning: Negative ρcore detected: Dual{ForwardDiff.Tag{DFTK.var"#1369#1370"{StaticArraysCore.SMatrix{3, 3, Float64, 9}, DFTK.var"#HF_energy#1368"{Vector{Vector{Float64}}, Float64, Vector{Matrix{ComplexF64}}, Vector{Vector{Float64}}}}, Float64}}(-0.005068068030378284,0.0019664497951831696)
└ @ DFTK ~/DFTK-mgga/src/terms/xc.jl:39
┌ Warning: Negative τcore detected: Dual{ForwardDiff.Tag{DFTK.var"#1369#1370"{StaticArraysCore.SMatrix{3, 3, Float64, 9}, DFTK.var"#HF_energy#1368"{Vector{Vector{Float64}}, Float64, Vector{Matrix{ComplexF64}}, Vector{Vector{Float64}}}}, Float64}}(-0.020733187439651718,-0.00023898958948311358)
└ @ DFTK ~/DFTK-mgga/src/terms/xc.jl:45
┌ Warning: Negative ρcore detected: Dual{ForwardDiff.Tag{DFTK.var"#1369#1370"{StaticArraysCore.SMatrix{3, 3, Float64, 9}, DFTK.var"#HF_energy#1368"{Vector{Vector{Float64}}, Float64, Vector{Matrix{ComplexF64}}, Vector{Vector{Float64}}}}, Float64}}(-0.005068068030378284,0.001281937911122176)
└ @ DFTK ~/DFTK-mgga/src/terms/xc.jl:39
┌ Warning: Negative τcore detected: Dual{ForwardDiff.Tag{DFTK.var"#1369#1370"{StaticArraysCore.SMatrix{3, 3, Float64, 9}, DFTK.var"#HF_energy#1368"{Vector{Vector{Float64}}, Float64, Vector{Matrix{ComplexF64}}, Vector{Vector{Float64}}}}, Float64}}(-0.020733187439651718,-0.0009451350585948197)
└ @ DFTK ~/DFTK-mgga/src/terms/xc.jl:45
┌ Warning: Negative ρcore detected: Dual{ForwardDiff.Tag{DFTK.var"#1369#1370"{StaticArraysCore.SMatrix{3, 3, Float64, 9}, DFTK.var"#HF_energy#1368"{Vector{Vector{Float64}}, Float64, Vector{Matrix{ComplexF64}}, Vector{Vector{Float64}}}}, Float64}}(-0.005068068030378284,0.0018504443262802072)
└ @ DFTK ~/DFTK-mgga/src/terms/xc.jl:39
┌ Warning: Negative τcore detected: Dual{ForwardDiff.Tag{DFTK.var"#1369#1370"{StaticArraysCore.SMatrix{3, 3, Float64, 9}, DFTK.var"#HF_energy#1368"{Vector{Vector{Float64}}, Float64, Vector{Matrix{ComplexF64}}, Vector{Vector{Float64}}}}, Float64}}(-0.020733187439651718,0.0004769805529199173)
└ @ DFTK ~/DFTK-mgga/src/terms/xc.jl:45
┌ Warning: Negative ρcore detected: Dual{ForwardDiff.Tag{DFTK.var"#1369#1370"{StaticArraysCore.SMatrix{3, 3, Float64, 9}, DFTK.var"#HF_energy#1368"{Vector{Vector{Float64}}, Float64, Vector{Matrix{ComplexF64}}, Vector{Vector{Float64}}}}, Float64}}(-0.005068068030378284,-0.002691874619580139)
└ @ DFTK ~/DFTK-mgga/src/terms/xc.jl:39
┌ Warning: Negative τcore detected: Dual{ForwardDiff.Tag{DFTK.var"#1369#1370"{StaticArraysCore.SMatrix{3, 3, Float64, 9}, DFTK.var"#HF_energy#1368"{Vector{Vector{Float64}}, Float64, Vector{Matrix{ComplexF64}}, Vector{Vector{Float64}}}}, Float64}}(-0.020733187439651718,-0.0005444281917672207)
└ @ DFTK ~/DFTK-mgga/src/terms/xc.jl:45
┌ Warning: Negative ρcore detected: Dual{ForwardDiff.Tag{DFTK.var"#1369#1370"{StaticArraysCore.SMatrix{3, 3, Float64, 9}, DFTK.var"#HF_energy#1368"{Vector{Vector{Float64}}, Float64, Vector{Matrix{ComplexF64}}, Vector{Vector{Float64}}}}, Float64}}(-0.005068068030378284,-0.0031126790704654865)
└ @ DFTK ~/DFTK-mgga/src/terms/xc.jl:39
┌ Warning: Negative τcore detected: Dual{ForwardDiff.Tag{DFTK.var"#1369#1370"{StaticArraysCore.SMatrix{3, 3, Float64, 9}, DFTK.var"#HF_energy#1368"{Vector{Vector{Float64}}, Float64, Vector{Matrix{ComplexF64}}, Vector{Vector{Float64}}}}, Float64}}(-0.020733187439651718,0.0005834514705826345)
└ @ DFTK ~/DFTK-mgga/src/terms/xc.jl:45

┌─────┬─────────────────┬───────────┬─────────────┬─────────────┬──────────┬────────┐
│   n │          Energy │ log10(ΔE) │  max(Force) │ max(Virial) │ Pressure │  Δtime │
├─────┼─────────────────┼───────────┼─────────────┼─────────────┼──────────┼────────┤
│   8 │ -137.0334287425 │     -9.47 │  1.84474e-6 │  5.11118e-6 │   1.7e-6 │  2420s │
└─────┴─────────────────┴───────────┴─────────────┴─────────────┴──────────┴────────┘

