Running with index 1
┌ Info: Threading setup: 
│   Threads.nthreads() = 8
│   n_DFTK = 8
│   n_fft = 1
└   n_blas = 8
Loading SCF results...
┌ Warning: Negative ρcore detected: -0.005068068050796801
└ @ DFTK ~/DFTK-mgga/src/terms/xc.jl:39
┌ Warning: Negative τcore detected: -0.02073318744671377
└ @ DFTK ~/DFTK-mgga/src/terms/xc.jl:45
Loaded SCF results.
Loading δψ_dk...
Loaded δψ_dk.
Running DFPT computation...
Iter  Restart  Krydim  log10(res)  avg(CG)  Δtime   Comment
----  -------  ------  ----------  -------  ------  ---------------
                                      42.2   1167s  Non-interacting
   1        0       1        1.91     38.1   1390s  
   2        0       2        1.54     35.8   1240s  
   3        0       3        1.12     35.4   1127s  
   4        0       4        0.51     32.7   1004s  
   5        0       5       -0.14     31.7   1004s  
   6        0       6       -0.51     27.9    894s  
   7        0       7       -1.55     27.1    907s  
   8        0       8       -2.04     23.6    793s  
   9        0       9       -2.94     21.8    759s  
  10        0      10       -3.79     16.5    639s  
  11        0      11       -4.53     14.3    577s  
  12        0      12       -5.04     11.7    515s  
  13        0      13       -5.45     11.8    515s  
  14        0      14       -5.96     10.3    472s  
  15        0      15       -6.66      7.0    380s  
  16        0      16       -7.32      3.8    314s  
  17        0      17       -8.22      1.0    258s  
  18        1       1       -7.51     44.5   1536s  Restart
  19        1       2       -7.99     10.9    474s  
  20        1       3       -8.59      8.0    406s  
                                      40.2   1122s  Final orbitals
Finished DFPT computation.
Computing polarization change
Computing forces change
Computing stress change
┌ Warning: Negative ρcore detected: Dual{ForwardDiff.Tag{DFTK.var"#1369#1370"{StaticArraysCore.SMatrix{3, 3, Float64, 9}, DFTK.var"#HF_energy#1368"{Vector{Vector{Float64}}, Float64, Vector{Matrix{Complex{ForwardDiff.Dual{ForwardDiff.Tag{var"#14#15", Float64}, Float64, 1}}}}, Vector{Vector{Float64}}}}, Float64}}(-0.005068068050797055,-2.4552612687126895e-5)
└ @ DFTK ~/DFTK-mgga/src/terms/xc.jl:39
┌ Warning: Negative τcore detected: Dual{ForwardDiff.Tag{DFTK.var"#1369#1370"{StaticArraysCore.SMatrix{3, 3, Float64, 9}, DFTK.var"#HF_energy#1368"{Vector{Vector{Float64}}, Float64, Vector{Matrix{Complex{ForwardDiff.Dual{ForwardDiff.Tag{var"#14#15", Float64}, Float64, 1}}}}, Vector{Vector{Float64}}}}, Float64}}(-0.02073318744671528,0.0006589251598145274)
└ @ DFTK ~/DFTK-mgga/src/terms/xc.jl:45
┌ Warning: Negative ρcore detected: Dual{ForwardDiff.Tag{DFTK.var"#1369#1370"{StaticArraysCore.SMatrix{3, 3, Float64, 9}, DFTK.var"#HF_energy#1368"{Vector{Vector{Float64}}, Float64, Vector{Matrix{Complex{ForwardDiff.Dual{ForwardDiff.Tag{var"#14#15", Float64}, Float64, 1}}}}, Vector{Vector{Float64}}}}, Float64}}(-0.005068068050797055,0.006776077860935141)
└ @ DFTK ~/DFTK-mgga/src/terms/xc.jl:39
┌ Warning: Negative τcore detected: Dual{ForwardDiff.Tag{DFTK.var"#1369#1370"{StaticArraysCore.SMatrix{3, 3, Float64, 9}, DFTK.var"#HF_energy#1368"{Vector{Vector{Float64}}, Float64, Vector{Matrix{Complex{ForwardDiff.Dual{ForwardDiff.Tag{var"#14#15", Float64}, Float64, 1}}}}, Vector{Vector{Float64}}}}, Float64}}(-0.02073318744671528,0.00043361395400779053)
└ @ DFTK ~/DFTK-mgga/src/terms/xc.jl:45
┌ Warning: Negative ρcore detected: Dual{ForwardDiff.Tag{DFTK.var"#1369#1370"{StaticArraysCore.SMatrix{3, 3, Float64, 9}, DFTK.var"#HF_energy#1368"{Vector{Vector{Float64}}, Float64, Vector{Matrix{Complex{ForwardDiff.Dual{ForwardDiff.Tag{var"#14#15", Float64}, Float64, 1}}}}, Vector{Vector{Float64}}}}, Float64}}(-0.005068068050797055,0.0012819376589047282)
└ @ DFTK ~/DFTK-mgga/src/terms/xc.jl:39
┌ Warning: Negative τcore detected: Dual{ForwardDiff.Tag{DFTK.var"#1369#1370"{StaticArraysCore.SMatrix{3, 3, Float64, 9}, DFTK.var"#HF_energy#1368"{Vector{Vector{Float64}}, Float64, Vector{Matrix{Complex{ForwardDiff.Dual{ForwardDiff.Tag{var"#14#15", Float64}, Float64, 1}}}}, Vector{Vector{Float64}}}}, Float64}}(-0.02073318744671528,-0.0009451350297167808)
└ @ DFTK ~/DFTK-mgga/src/terms/xc.jl:45
┌ Warning: Negative ρcore detected: Dual{ForwardDiff.Tag{DFTK.var"#1369#1370"{StaticArraysCore.SMatrix{3, 3, Float64, 9}, DFTK.var"#HF_energy#1368"{Vector{Vector{Float64}}, Float64, Vector{Matrix{Complex{ForwardDiff.Dual{ForwardDiff.Tag{var"#14#15", Float64}, Float64, 1}}}}, Vector{Vector{Float64}}}}, Float64}}(-0.005068068050797055,-0.003256453408000674)
└ @ DFTK ~/DFTK-mgga/src/terms/xc.jl:39
┌ Warning: Negative τcore detected: Dual{ForwardDiff.Tag{DFTK.var"#1369#1370"{StaticArraysCore.SMatrix{3, 3, Float64, 9}, DFTK.var"#HF_energy#1368"{Vector{Vector{Float64}}, Float64, Vector{Matrix{Complex{ForwardDiff.Dual{ForwardDiff.Tag{var"#14#15", Float64}, Float64, 1}}}}, Vector{Vector{Float64}}}}, Float64}}(-0.02073318744671528,-0.0007099790789705831)
└ @ DFTK ~/DFTK-mgga/src/terms/xc.jl:45
┌ Warning: Negative ρcore detected: Dual{ForwardDiff.Tag{DFTK.var"#1369#1370"{StaticArraysCore.SMatrix{3, 3, Float64, 9}, DFTK.var"#HF_energy#1368"{Vector{Vector{Float64}}, Float64, Vector{Matrix{Complex{ForwardDiff.Dual{ForwardDiff.Tag{var"#14#15", Float64}, Float64, 1}}}}, Vector{Vector{Float64}}}}, Float64}}(-0.005068068050797055,-0.0002565944869945387)
└ @ DFTK ~/DFTK-mgga/src/terms/xc.jl:39
┌ Warning: Negative τcore detected: Dual{ForwardDiff.Tag{DFTK.var"#1369#1370"{StaticArraysCore.SMatrix{3, 3, Float64, 9}, DFTK.var"#HF_energy#1368"{Vector{Vector{Float64}}, Float64, Vector{Matrix{Complex{ForwardDiff.Dual{ForwardDiff.Tag{var"#14#15", Float64}, Float64, 1}}}}, Vector{Vector{Float64}}}}, Float64}}(-0.02073318744671528,-0.00014086361109951208)
└ @ DFTK ~/DFTK-mgga/src/terms/xc.jl:45
┌ Warning: Negative ρcore detected: Dual{ForwardDiff.Tag{DFTK.var"#1369#1370"{StaticArraysCore.SMatrix{3, 3, Float64, 9}, DFTK.var"#HF_energy#1368"{Vector{Vector{Float64}}, Float64, Vector{Matrix{Complex{ForwardDiff.Dual{ForwardDiff.Tag{var"#14#15", Float64}, Float64, 1}}}}, Vector{Vector{Float64}}}}, Float64}}(-0.005068068050797055,0.00033583816536458637)
└ @ DFTK ~/DFTK-mgga/src/terms/xc.jl:39
┌ Warning: Negative τcore detected: Dual{ForwardDiff.Tag{DFTK.var"#1369#1370"{StaticArraysCore.SMatrix{3, 3, Float64, 9}, DFTK.var"#HF_energy#1368"{Vector{Vector{Float64}}, Float64, Vector{Matrix{Complex{ForwardDiff.Dual{ForwardDiff.Tag{var"#14#15", Float64}, Float64, 1}}}}, Vector{Vector{Float64}}}}, Float64}}(-0.02073318744671528,-0.0009717797759577502)
└ @ DFTK ~/DFTK-mgga/src/terms/xc.jl:45
All finished!
