Running with atom index 3 and direction index 1
┌ Info: Threading setup: 
│   Threads.nthreads() = 8
│   n_DFTK = 8
│   n_fft = 1
└   n_blas = 8
Loading SCF results...
┌ Warning: Negative ρcore detected: -0.005068068050796801
└ @ DFTK ~/DFTK-mgga/src/terms/xc.jl:39
┌ Warning: Negative τcore detected: -0.02073318744671377
└ @ DFTK ~/DFTK-mgga/src/terms/xc.jl:45
Loaded SCF results.
Loading δψ_dk...
Loaded δψ_dk.
Computing δHψ...
┌ Warning: Negative ρcore detected: Dual{ForwardDiff.Tag{typeof(Hψ), Float64}}(-0.005068068050797055,0.0022579259736210467)
└ @ DFTK ~/DFTK-mgga/src/terms/xc.jl:39
┌ Warning: Negative τcore detected: Dual{ForwardDiff.Tag{typeof(Hψ), Float64}}(-0.02073318744671528,-0.0006791846333680945)
└ @ DFTK ~/DFTK-mgga/src/terms/xc.jl:45
Running DFPT computation...
Iter  Restart  Krydim  log10(res)  avg(CG)  Δtime   Comment
----  -------  ------  ----------  -------  ------  ---------------
                                      44.4   1137s  Non-interacting
   1        0       1        2.53     41.2   1526s  
   2        0       2        2.17     37.9   1246s  
   3        0       3        1.76     36.8   1260s  
   4        0       4        1.01     36.0   1254s  
   5        0       5        0.43     34.2   1202s  
   6        0       6       -0.10     31.0   1004s  
   7        0       7       -0.66     29.2    941s  
   8        0       8       -1.44     26.4    953s  
   9        0       9       -2.16     23.6    864s  
  10        0      10       -2.74     20.7    753s  
  11        0      11       -3.29     18.4    693s  
  12        0      12       -4.49     15.8    629s  
  13        0      13       -5.41     12.3    548s  
  14        0      14       -6.08      9.3    470s  
  15        0      15       -6.41      6.7    395s  
  16        0      16       -6.95      5.2    360s  
  17        0      17       -7.68      2.8    294s  
  18        0      18       -8.63      1.0    269s  
  19        1       1       -7.54     45.0   1557s  Restart
  20        1       2       -7.97     11.1    507s  
  21        1       3       -8.44      8.0    436s  
                                      43.0   1164s  Final orbitals
Finished DFPT computation.
Computing polarization change
Computing forces and stress changes
┌ Warning: Negative ρcore detected: Dual{ForwardDiff.Tag{typeof(force_and_stress), Float64}}(-0.005068068050797055,0.0022579259736210467)
└ @ DFTK ~/DFTK-mgga/src/terms/xc.jl:39
┌ Warning: Negative τcore detected: Dual{ForwardDiff.Tag{typeof(force_and_stress), Float64}}(-0.02073318744671528,-0.0006791846333680945)
└ @ DFTK ~/DFTK-mgga/src/terms/xc.jl:45
┌ Warning: Negative ρcore detected: Dual{ForwardDiff.Tag{DFTK.var"#1369#1370"{StaticArraysCore.SMatrix{3, 3, ForwardDiff.Dual{ForwardDiff.Tag{typeof(force_and_stress), Float64}, Float64, 1}, 9}, DFTK.var"#HF_energy#1368"{Vector{Vector{Float64}}, Float64, Vector{Matrix{Complex{ForwardDiff.Dual{ForwardDiff.Tag{typeof(force_and_stress), Float64}, Float64, 1}}}}, Vector{Vector{Float64}}}}, ForwardDiff.Dual{ForwardDiff.Tag{typeof(force_and_stress), Float64}, Float64, 1}}}(Dual{ForwardDiff.Tag{typeof(force_and_stress), Float64}}(-0.005068068050796801,-0.0032549980985810837),Dual{ForwardDiff.Tag{typeof(force_and_stress), Float64}}(-2.4552612687508968e-5,-0.013677186896769992))
└ @ DFTK ~/DFTK-mgga/src/terms/xc.jl:39
┌ Warning: Negative τcore detected: Dual{ForwardDiff.Tag{DFTK.var"#1369#1370"{StaticArraysCore.SMatrix{3, 3, ForwardDiff.Dual{ForwardDiff.Tag{typeof(force_and_stress), Float64}, Float64, 1}, 9}, DFTK.var"#HF_energy#1368"{Vector{Vector{Float64}}, Float64, Vector{Matrix{Complex{ForwardDiff.Dual{ForwardDiff.Tag{typeof(force_and_stress), Float64}, Float64, 1}}}}, Vector{Vector{Float64}}}}, ForwardDiff.Dual{ForwardDiff.Tag{typeof(force_and_stress), Float64}, Float64, 1}}}(Dual{ForwardDiff.Tag{typeof(force_and_stress), Float64}}(-0.02073318744671374,-0.0011759619265362905),Dual{ForwardDiff.Tag{typeof(force_and_stress), Float64}}(0.0006589251598200802,0.025045776605743454))
└ @ DFTK ~/DFTK-mgga/src/terms/xc.jl:45
┌ Warning: Negative ρcore detected: Dual{ForwardDiff.Tag{DFTK.var"#1369#1370"{StaticArraysCore.SMatrix{3, 3, ForwardDiff.Dual{ForwardDiff.Tag{typeof(force_and_stress), Float64}, Float64, 1}, 9}, DFTK.var"#HF_energy#1368"{Vector{Vector{Float64}}, Float64, Vector{Matrix{Complex{ForwardDiff.Dual{ForwardDiff.Tag{typeof(force_and_stress), Float64}, Float64, 1}}}}, Vector{Vector{Float64}}}}, ForwardDiff.Dual{ForwardDiff.Tag{typeof(force_and_stress), Float64}, Float64, 1}}}(Dual{ForwardDiff.Tag{typeof(force_and_stress), Float64}}(-0.005068068050796801,-0.0032549980985810837),Dual{ForwardDiff.Tag{typeof(force_and_stress), Float64}}(0.006776077860934758,-0.0346049922759805))
└ @ DFTK ~/DFTK-mgga/src/terms/xc.jl:39
┌ Warning: Negative τcore detected: Dual{ForwardDiff.Tag{DFTK.var"#1369#1370"{StaticArraysCore.SMatrix{3, 3, ForwardDiff.Dual{ForwardDiff.Tag{typeof(force_and_stress), Float64}, Float64, 1}, 9}, DFTK.var"#HF_energy#1368"{Vector{Vector{Float64}}, Float64, Vector{Matrix{Complex{ForwardDiff.Dual{ForwardDiff.Tag{typeof(force_and_stress), Float64}, Float64, 1}}}}, Vector{Vector{Float64}}}}, ForwardDiff.Dual{ForwardDiff.Tag{typeof(force_and_stress), Float64}, Float64, 1}}}(Dual{ForwardDiff.Tag{typeof(force_and_stress), Float64}}(-0.02073318744671374,-0.0011759619265362905),Dual{ForwardDiff.Tag{typeof(force_and_stress), Float64}}(0.00043361395400870993,0.0037038000267900625))
└ @ DFTK ~/DFTK-mgga/src/terms/xc.jl:45
┌ Warning: Negative ρcore detected: Dual{ForwardDiff.Tag{DFTK.var"#1369#1370"{StaticArraysCore.SMatrix{3, 3, ForwardDiff.Dual{ForwardDiff.Tag{typeof(force_and_stress), Float64}, Float64, 1}, 9}, DFTK.var"#HF_energy#1368"{Vector{Vector{Float64}}, Float64, Vector{Matrix{Complex{ForwardDiff.Dual{ForwardDiff.Tag{typeof(force_and_stress), Float64}, Float64, 1}}}}, Vector{Vector{Float64}}}}, ForwardDiff.Dual{ForwardDiff.Tag{typeof(force_and_stress), Float64}, Float64, 1}}}(Dual{ForwardDiff.Tag{typeof(force_and_stress), Float64}}(-0.005068068050796801,-0.0032549980985810837),Dual{ForwardDiff.Tag{typeof(force_and_stress), Float64}}(0.0012819376589046007,-0.015155326147623719))
└ @ DFTK ~/DFTK-mgga/src/terms/xc.jl:39
┌ Warning: Negative τcore detected: Dual{ForwardDiff.Tag{DFTK.var"#1369#1370"{StaticArraysCore.SMatrix{3, 3, ForwardDiff.Dual{ForwardDiff.Tag{typeof(force_and_stress), Float64}, Float64, 1}, 9}, DFTK.var"#HF_energy#1368"{Vector{Vector{Float64}}, Float64, Vector{Matrix{Complex{ForwardDiff.Dual{ForwardDiff.Tag{typeof(force_and_stress), Float64}, Float64, 1}}}}, Vector{Vector{Float64}}}}, ForwardDiff.Dual{ForwardDiff.Tag{typeof(force_and_stress), Float64}, Float64, 1}}}(Dual{ForwardDiff.Tag{typeof(force_and_stress), Float64}}(-0.02073318744671374,-0.0011759619265362905),Dual{ForwardDiff.Tag{typeof(force_and_stress), Float64}}(-0.0009451350297146107,-0.0009003518493812865))
└ @ DFTK ~/DFTK-mgga/src/terms/xc.jl:45
┌ Warning: Negative ρcore detected: Dual{ForwardDiff.Tag{DFTK.var"#1369#1370"{StaticArraysCore.SMatrix{3, 3, ForwardDiff.Dual{ForwardDiff.Tag{typeof(force_and_stress), Float64}, Float64, 1}, 9}, DFTK.var"#HF_energy#1368"{Vector{Vector{Float64}}, Float64, Vector{Matrix{Complex{ForwardDiff.Dual{ForwardDiff.Tag{typeof(force_and_stress), Float64}, Float64, 1}}}}, Vector{Vector{Float64}}}}, ForwardDiff.Dual{ForwardDiff.Tag{typeof(force_and_stress), Float64}, Float64, 1}}}(Dual{ForwardDiff.Tag{typeof(force_and_stress), Float64}}(-0.005068068050796801,-0.0032549980985810837),Dual{ForwardDiff.Tag{typeof(force_and_stress), Float64}}(-0.003256453408000674,0.01710866226801502))
└ @ DFTK ~/DFTK-mgga/src/terms/xc.jl:39
┌ Warning: Negative τcore detected: Dual{ForwardDiff.Tag{DFTK.var"#1369#1370"{StaticArraysCore.SMatrix{3, 3, ForwardDiff.Dual{ForwardDiff.Tag{typeof(force_and_stress), Float64}, Float64, 1}, 9}, DFTK.var"#HF_energy#1368"{Vector{Vector{Float64}}, Float64, Vector{Matrix{Complex{ForwardDiff.Dual{ForwardDiff.Tag{typeof(force_and_stress), Float64}, Float64, 1}}}}, Vector{Vector{Float64}}}}, ForwardDiff.Dual{ForwardDiff.Tag{typeof(force_and_stress), Float64}, Float64, 1}}}(Dual{ForwardDiff.Tag{typeof(force_and_stress), Float64}}(-0.02073318744671374,-0.0011759619265362905),Dual{ForwardDiff.Tag{typeof(force_and_stress), Float64}}(-0.0007099790789691514,-0.010334966833914033))
└ @ DFTK ~/DFTK-mgga/src/terms/xc.jl:45
┌ Warning: Negative ρcore detected: Dual{ForwardDiff.Tag{DFTK.var"#1369#1370"{StaticArraysCore.SMatrix{3, 3, ForwardDiff.Dual{ForwardDiff.Tag{typeof(force_and_stress), Float64}, Float64, 1}, 9}, DFTK.var"#HF_energy#1368"{Vector{Vector{Float64}}, Float64, Vector{Matrix{Complex{ForwardDiff.Dual{ForwardDiff.Tag{typeof(force_and_stress), Float64}, Float64, 1}}}}, Vector{Vector{Float64}}}}, ForwardDiff.Dual{ForwardDiff.Tag{typeof(force_and_stress), Float64}, Float64, 1}}}(Dual{ForwardDiff.Tag{typeof(force_and_stress), Float64}}(-0.005068068050796801,-0.0032549980985810837),Dual{ForwardDiff.Tag{typeof(force_and_stress), Float64}}(0.0002565944869942417,-0.005259790615973834))
└ @ DFTK ~/DFTK-mgga/src/terms/xc.jl:39
┌ Warning: Negative τcore detected: Dual{ForwardDiff.Tag{DFTK.var"#1369#1370"{StaticArraysCore.SMatrix{3, 3, ForwardDiff.Dual{ForwardDiff.Tag{typeof(force_and_stress), Float64}, Float64, 1}, 9}, DFTK.var"#HF_energy#1368"{Vector{Vector{Float64}}, Float64, Vector{Matrix{Complex{ForwardDiff.Dual{ForwardDiff.Tag{typeof(force_and_stress), Float64}, Float64, 1}}}}, Vector{Vector{Float64}}}}, ForwardDiff.Dual{ForwardDiff.Tag{typeof(force_and_stress), Float64}, Float64, 1}}}(Dual{ForwardDiff.Tag{typeof(force_and_stress), Float64}}(-0.02073318744671374,-0.0011759619265362905),Dual{ForwardDiff.Tag{typeof(force_and_stress), Float64}}(0.00014086361110900582,0.006351749600587769))
└ @ DFTK ~/DFTK-mgga/src/terms/xc.jl:45
┌ Warning: Negative ρcore detected: Dual{ForwardDiff.Tag{DFTK.var"#1369#1370"{StaticArraysCore.SMatrix{3, 3, ForwardDiff.Dual{ForwardDiff.Tag{typeof(force_and_stress), Float64}, Float64, 1}, 9}, DFTK.var"#HF_energy#1368"{Vector{Vector{Float64}}, Float64, Vector{Matrix{Complex{ForwardDiff.Dual{ForwardDiff.Tag{typeof(force_and_stress), Float64}, Float64, 1}}}}, Vector{Vector{Float64}}}}, ForwardDiff.Dual{ForwardDiff.Tag{typeof(force_and_stress), Float64}, Float64, 1}}}(Dual{ForwardDiff.Tag{typeof(force_and_stress), Float64}}(-0.005068068050796801,-0.0032549980985810837),Dual{ForwardDiff.Tag{typeof(force_and_stress), Float64}}(-0.0003358381653644803,-0.0093721830416812))
└ @ DFTK ~/DFTK-mgga/src/terms/xc.jl:39
┌ Warning: Negative τcore detected: Dual{ForwardDiff.Tag{DFTK.var"#1369#1370"{StaticArraysCore.SMatrix{3, 3, ForwardDiff.Dual{ForwardDiff.Tag{typeof(force_and_stress), Float64}, Float64, 1}, 9}, DFTK.var"#HF_energy#1368"{Vector{Vector{Float64}}, Float64, Vector{Matrix{Complex{ForwardDiff.Dual{ForwardDiff.Tag{typeof(force_and_stress), Float64}, Float64, 1}}}}, Vector{Vector{Float64}}}}, ForwardDiff.Dual{ForwardDiff.Tag{typeof(force_and_stress), Float64}, Float64, 1}}}(Dual{ForwardDiff.Tag{typeof(force_and_stress), Float64}}(-0.02073318744671374,-0.0011759619265362905),Dual{ForwardDiff.Tag{typeof(force_and_stress), Float64}}(0.0009717797759657326,-0.0007799401872488997))
└ @ DFTK ~/DFTK-mgga/src/terms/xc.jl:45
All finished!
