┌ Info: Threading setup: 
│   Threads.nthreads() = 1
│   n_DFTK = 1
│   n_fft = 1
└   n_blas = 1

==== Structural properties ====
Prop     Val
---- -------
a    4.019 Å
α    89.80°
Absolute displacements:
TiΔz 0.091 Å
O Δy 0.031 Å
O Δz -0.112 Å
Relative displacements:
TiΔx 0.013
O Δx -0.013
O Δz -0.022

==== Phonon modes (LO only) ====
Mode Freq [cm⁻¹] Freq [THz]
---- ----------- ----------
   1        -0.0      -0.00
   2         0.0       0.00
   3         0.0       0.00
   4       169.7       5.09
   5       169.7       5.09
   6       173.8       5.21
   7       238.1       7.14
   8       238.1       7.14
   9       288.0       8.63
  10       299.6       8.98
  11       308.1       9.24
  12       308.1       9.24
  13       478.9      14.36
  14       478.9      14.36
  15       539.2      16.16

==== Clamped-ion dielectric tensor ====
    5.39     0.00     0.00
    0.00     5.39     0.00
    0.00     0.00     4.92

==== Clamped-ion elastic tensor [GPa] ====
     339      105       90      -11        0        0
     105      339       90       11        0        0
      90       90      316       -0        0        0
     -11       11       -0      102        0        0
       0        0        0        0      102      -11
       0       -0        0        0      -11      117

==== Born effective charges [e] ====
Mismatch between 2 routes: 7.43e-10 (absolute) 1.17e-10 (relative)
Printing average
Atom 1          x          y          z
    Ex      2.786      0.000      0.000
    Ey      0.000      2.786      0.000
    Ez      0.000      0.000      2.727
Atom 2          x          y          z
    Ex      6.333      0.000      0.000
    Ey      0.000      6.333      0.000
    Ez      0.000      0.000      5.282
Atom 3          x          y          z
    Ex     -1.942     -0.000     -0.000
    Ey     -0.000     -4.138      1.368
    Ez     -0.000      1.146     -2.670
Atom 4          x          y          z
    Ex     -3.589     -0.951     -1.185
    Ey     -0.951     -2.491     -0.684
    Ez     -0.992     -0.573     -2.670
Atom 5          x          y          z
    Ex     -3.589      0.951      1.185
    Ey      0.951     -2.491     -0.684
    Ez      0.992     -0.573     -2.670

==== Force-response internal strain [Ha/bohr] ====
Mismatch between 2 routes: 4.01e-07 (absolute) 1.47e-06 (relative)
Printing average
Atom 1          1          2          3          4          5          6
     x      0.000      0.000     -0.000     -0.000      0.013      0.005
     y      0.005     -0.005     -0.000      0.013     -0.000      0.000
     z      0.015      0.015      0.027     -0.000     -0.000     -0.000
Atom 2          1          2          3          4          5          6
     x     -0.000      0.000      0.000     -0.000      0.185      0.089
     y      0.089     -0.089     -0.000      0.185     -0.000     -0.000
     z      0.187      0.187      0.274     -0.000     -0.000      0.000
Atom 3          1          2          3          4          5          6
     x      0.000      0.000      0.000     -0.000     -0.007      0.035
     y      0.061      0.256      0.091     -0.125     -0.000      0.000
     z     -0.028     -0.106     -0.100      0.047      0.000     -0.000
Atom 4          1          2          3          4          5          6
     x     -0.195     -0.080     -0.078     -0.051     -0.095     -0.064
     y     -0.078     -0.081     -0.045     -0.036     -0.051     -0.057
     z     -0.086     -0.048     -0.100     -0.024     -0.041     -0.034
Atom 5          1          2          3          4          5          6
     x      0.195      0.080      0.078      0.051     -0.095     -0.064
     y     -0.078     -0.081     -0.045     -0.036      0.051      0.057
     z     -0.086     -0.048     -0.100     -0.024      0.041      0.034

==== Clamped-ion piezoelectric tensor [C/m²] ====
Mismatch between 2 routes: 1.51e-10 (absolute) 5.45e-10 (relative)
Printing average
            1          2          3          4          5          6
Ex       0.00       0.00       0.00      -0.00      -0.20      -0.28
Ey      -0.28       0.28      -0.00      -0.20      -0.00      -0.00
Ez      -0.06      -0.06       0.22      -0.00       0.00      -0.00

==== Relaxed-ion dielectric tensor ====
   48.41     0.00     0.00
    0.00    48.41     0.00
    0.00     0.00    24.62

==== Relaxed-ion elastic tensor [GPa] ====
     262       73       33      -46       -0       -0
      73      262       33       46       -0       -0
      33       33      242       -0       -0       -0
     -46       46       -0       41       -0       -0
      -0       -0       -0       -0       41      -46
      -0       -0       -0       -0      -46       95

==== Relaxed-ion piezoelectric tensor [C/m²] ====
            1          2          3          4          5          6
Ex       0.00       0.00       0.00       0.00       4.40       2.16
Ey       2.16      -2.16       0.00       4.40       0.00       0.00
Ez       2.29       2.29       3.58       0.00       0.00       0.00
